Component: ARM Compiler 5.06 update 6 (build 750) Tool: armlink [4d35ed]

==============================================================================

Section Cross References

    startup_stm32h723xx.o(STACK) refers (Special) to heapauxi.o(.text) for __use_two_region_memory
    startup_stm32h723xx.o(HEAP) refers (Special) to heapauxi.o(.text) for __use_two_region_memory
    startup_stm32h723xx.o(RESET) refers (Special) to heapauxi.o(.text) for __use_two_region_memory
    startup_stm32h723xx.o(RESET) refers to startup_stm32h723xx.o(STACK) for __initial_sp
    startup_stm32h723xx.o(RESET) refers to startup_stm32h723xx.o(.text) for Reset_Handler
    startup_stm32h723xx.o(RESET) refers to stm32h7xx_it.o(i.NMI_Handler) for NMI_Handler
    startup_stm32h723xx.o(RESET) refers to stm32h7xx_it.o(i.HardFault_Handler) for HardFault_Handler
    startup_stm32h723xx.o(RESET) refers to stm32h7xx_it.o(i.MemManage_Handler) for MemManage_Handler
    startup_stm32h723xx.o(RESET) refers to stm32h7xx_it.o(i.BusFault_Handler) for BusFault_Handler
    startup_stm32h723xx.o(RESET) refers to stm32h7xx_it.o(i.UsageFault_Handler) for UsageFault_Handler
    startup_stm32h723xx.o(RESET) refers to port.o(.emb_text) for SVC_Handler
    startup_stm32h723xx.o(RESET) refers to stm32h7xx_it.o(i.DebugMon_Handler) for DebugMon_Handler
    startup_stm32h723xx.o(RESET) refers to cmsis_os2.o(i.SysTick_Handler) for SysTick_Handler
    startup_stm32h723xx.o(RESET) refers to stm32h7xx_it.o(i.DMA1_Stream0_IRQHandler) for DMA1_Stream0_IRQHandler
    startup_stm32h723xx.o(RESET) refers to stm32h7xx_it.o(i.DMA1_Stream1_IRQHandler) for DMA1_Stream1_IRQHandler
    startup_stm32h723xx.o(RESET) refers to stm32h7xx_it.o(i.DMA1_Stream2_IRQHandler) for DMA1_Stream2_IRQHandler
    startup_stm32h723xx.o(RESET) refers to stm32h7xx_it.o(i.FDCAN1_IT0_IRQHandler) for FDCAN1_IT0_IRQHandler
    startup_stm32h723xx.o(RESET) refers to stm32h7xx_it.o(i.FDCAN2_IT0_IRQHandler) for FDCAN2_IT0_IRQHandler
    startup_stm32h723xx.o(RESET) refers to stm32h7xx_it.o(i.FDCAN1_IT1_IRQHandler) for FDCAN1_IT1_IRQHandler
    startup_stm32h723xx.o(RESET) refers to stm32h7xx_it.o(i.FDCAN2_IT1_IRQHandler) for FDCAN2_IT1_IRQHandler
    startup_stm32h723xx.o(RESET) refers to stm32h7xx_it.o(i.USART1_IRQHandler) for USART1_IRQHandler
    startup_stm32h723xx.o(RESET) refers to stm32h7xx_it.o(i.UART5_IRQHandler) for UART5_IRQHandler
    startup_stm32h723xx.o(RESET) refers to stm32h7xx_it.o(i.FDCAN3_IT0_IRQHandler) for FDCAN3_IT0_IRQHandler
    startup_stm32h723xx.o(RESET) refers to stm32h7xx_it.o(i.FDCAN3_IT1_IRQHandler) for FDCAN3_IT1_IRQHandler
    startup_stm32h723xx.o(RESET) refers to stm32h7xx_it.o(i.TIM23_IRQHandler) for TIM23_IRQHandler
    startup_stm32h723xx.o(.text) refers (Special) to heapauxi.o(.text) for __use_two_region_memory
    startup_stm32h723xx.o(.text) refers to system_stm32h7xx.o(i.SystemInit) for SystemInit
    startup_stm32h723xx.o(.text) refers to __main.o(!!!main) for __main
    startup_stm32h723xx.o(.text) refers to startup_stm32h723xx.o(HEAP) for Heap_Mem
    startup_stm32h723xx.o(.text) refers to startup_stm32h723xx.o(STACK) for Stack_Mem
    main.o(i.HAL_TIM_PeriodElapsedCallback) refers to stm32h7xx_hal.o(i.HAL_IncTick) for HAL_IncTick
    main.o(i.SystemClock_Config) refers to rt_memclr_w.o(.text) for __aeabi_memclr4
    main.o(i.SystemClock_Config) refers to stm32h7xx_hal_pwr_ex.o(i.HAL_PWREx_ConfigSupply) for HAL_PWREx_ConfigSupply
    main.o(i.SystemClock_Config) refers to stm32h7xx_hal_rcc.o(i.HAL_RCC_OscConfig) for HAL_RCC_OscConfig
    main.o(i.SystemClock_Config) refers to stm32h7xx_hal_rcc.o(i.HAL_RCC_ClockConfig) for HAL_RCC_ClockConfig
    main.o(i.SystemClock_Config) refers to stm32h7xx_hal_rcc.o(i.HAL_RCC_EnableCSS) for HAL_RCC_EnableCSS
    main.o(i.main) refers to stm32h7xx_hal.o(i.HAL_Init) for HAL_Init
    main.o(i.main) refers to main.o(i.SystemClock_Config) for SystemClock_Config
    main.o(i.main) refers to gpio.o(i.MX_GPIO_Init) for MX_GPIO_Init
    main.o(i.main) refers to dma.o(i.MX_DMA_Init) for MX_DMA_Init
    main.o(i.main) refers to octospi.o(i.MX_OCTOSPI2_Init) for MX_OCTOSPI2_Init
    main.o(i.main) refers to fdcan.o(i.MX_FDCAN1_Init) for MX_FDCAN1_Init
    main.o(i.main) refers to fdcan.o(i.MX_FDCAN2_Init) for MX_FDCAN2_Init
    main.o(i.main) refers to fdcan.o(i.MX_FDCAN3_Init) for MX_FDCAN3_Init
    main.o(i.main) refers to spi.o(i.MX_SPI2_Init) for MX_SPI2_Init
    main.o(i.main) refers to tim.o(i.MX_TIM3_Init) for MX_TIM3_Init
    main.o(i.main) refers to tim.o(i.MX_TIM12_Init) for MX_TIM12_Init
    main.o(i.main) refers to spi.o(i.MX_SPI6_Init) for MX_SPI6_Init
    main.o(i.main) refers to usart.o(i.MX_UART5_Init) for MX_UART5_Init
    main.o(i.main) refers to usart.o(i.MX_USART1_UART_Init) for MX_USART1_UART_Init
    main.o(i.main) refers to tim.o(i.MX_TIM1_Init) for MX_TIM1_Init
    main.o(i.main) refers to usart.o(i.MX_UART7_Init) for MX_UART7_Init
    main.o(i.main) refers to bsp_can.o(i.can_bsp_init) for can_bsp_init
[...]
    HAL_DMA_Init                             0x08002565   Thumb Code   922  stm32h7xx_hal_dma.o(i.HAL_DMA_Init)
    HAL_DMA_Start_IT                         0x08002921   Thumb Code   628  stm32h7xx_hal_dma.o(i.HAL_DMA_Start_IT)
    HAL_FDCAN_ActivateNotification           0x08002bbd   Thumb Code   126  stm32h7xx_hal_fdcan.o(i.HAL_FDCAN_ActivateNotification)
    HAL_FDCAN_AddMessageToTxFifoQ            0x08002c45   Thumb Code   102  stm32h7xx_hal_fdcan.o(i.HAL_FDCAN_AddMessageToTxFifoQ)
    HAL_FDCAN_ClockCalibrationCallback       0x08002cab   Thumb Code     2  stm32h7xx_hal_fdcan.o(i.HAL_FDCAN_ClockCalibrationCallback)
    HAL_FDCAN_ErrorCallback                  0x08002cad   Thumb Code     2  stm32h7xx_hal_fdcan.o(i.HAL_FDCAN_ErrorCallback)
    HAL_FDCAN_ErrorStatusCallback            0x08002caf   Thumb Code     2  stm32h7xx_hal_fdcan.o(i.HAL_FDCAN_ErrorStatusCallback)
    HAL_FDCAN_GetRxMessage                   0x08002cb1   Thumb Code   400  stm32h7xx_hal_fdcan.o(i.HAL_FDCAN_GetRxMessage)
    HAL_FDCAN_HighPriorityMessageCallback    0x08002e45   Thumb Code     2  stm32h7xx_hal_fdcan.o(i.HAL_FDCAN_HighPriorityMessageCallback)
    HAL_FDCAN_IRQHandler                     0x08002e49   Thumb Code   788  stm32h7xx_hal_fdcan.o(i.HAL_FDCAN_IRQHandler)
    HAL_FDCAN_Init                           0x08003169   Thumb Code   572  stm32h7xx_hal_fdcan.o(i.HAL_FDCAN_Init)
    HAL_FDCAN_MspInit                        0x080033ad   Thumb Code   432  fdcan.o(i.HAL_FDCAN_MspInit)
    HAL_FDCAN_RxBufferNewMessageCallback     0x08003579   Thumb Code     2  stm32h7xx_hal_fdcan.o(i.HAL_FDCAN_RxBufferNewMessageCallback)
    HAL_FDCAN_RxFifo0Callback                0x0800357d   Thumb Code    34  bsp_can.o(i.HAL_FDCAN_RxFifo0Callback)
    HAL_FDCAN_RxFifo1Callback                0x080035a9   Thumb Code     2  stm32h7xx_hal_fdcan.o(i.HAL_FDCAN_RxFifo1Callback)
    HAL_FDCAN_Start                          0x080035ab   Thumb Code    50  stm32h7xx_hal_fdcan.o(i.HAL_FDCAN_Start)
    HAL_FDCAN_TT_GlobalTimeCallback          0x080035dd   Thumb Code     2  stm32h7xx_hal_fdcan.o(i.HAL_FDCAN_TT_GlobalTimeCallback)
    HAL_FDCAN_TT_ScheduleSyncCallback        0x080035df   Thumb Code     2  stm32h7xx_hal_fdcan.o(i.HAL_FDCAN_TT_ScheduleSyncCallback)
    HAL_FDCAN_TT_StopWatchCallback           0x080035e1   Thumb Code     2  stm32h7xx_hal_fdcan.o(i.HAL_FDCAN_TT_StopWatchCallback)
    HAL_FDCAN_TT_TimeMarkCallback            0x080035e3   Thumb Code     2  stm32h7xx_hal_fdcan.o(i.HAL_FDCAN_TT_TimeMarkCallback)
    HAL_FDCAN_TimeoutOccurredCallback        0x080035e5   Thumb Code     2  stm32h7xx_hal_fdcan.o(i.HAL_FDCAN_TimeoutOccurredCallback)
    HAL_FDCAN_TimestampWraparoundCallback    0x080035e7   Thumb Code     2  stm32h7xx_hal_fdcan.o(i.HAL_FDCAN_TimestampWraparoundCallback)
    HAL_FDCAN_TxBufferAbortCallback          0x080035e9   Thumb Code     2  stm32h7xx_hal_fdcan.o(i.HAL_FDCAN_TxBufferAbortCallback)
    HAL_FDCAN_TxBufferCompleteCallback       0x080035eb   Thumb Code     2  stm32h7xx_hal_fdcan.o(i.HAL_FDCAN_TxBufferCompleteCallback)
    HAL_FDCAN_TxEventFifoCallback            0x080035ed   Thumb Code     2  stm32h7xx_hal_fdcan.o(i.HAL_FDCAN_TxEventFifoCallback)
    HAL_FDCAN_TxFifoEmptyCallback            0x080035ef   Thumb Code     2  stm32h7xx_hal_fdcan.o(i.HAL_FDCAN_TxFifoEmptyCallback)
    HAL_GPIO_Init                            0x080035f1   Thumb Code   496  stm32h7xx_hal_gpio.o(i.HAL_GPIO_Init)
    HAL_GPIO_WritePin                        0x0800380d   Thumb Code    10  stm32h7xx_hal_gpio.o(i.HAL_GPIO_WritePin)
    HAL_GetTick                              0x08003819   Thumb Code     6  stm32h7xx_hal.o(i.HAL_GetTick)
    HAL_IncTick                              0x08003825   Thumb Code    12  stm32h7xx_hal.o(i.HAL_IncTick)
    HAL_Init                                 0x08003835   Thumb Code    74  stm32h7xx_hal.o(i.HAL_Init)
    HAL_InitTick                             0x08003891   Thumb Code   110  stm32h7xx_hal_timebase_tim.o(i.HAL_InitTick)
    HAL_MspInit                              0x08003915   Thumb Code    32  stm32h7xx_hal_msp.o(i.HAL_MspInit)
    HAL_NVIC_EnableIRQ                       0x08003939   Thumb Code    26  stm32h7xx_hal_cortex.o(i.HAL_NVIC_EnableIRQ)
    HAL_NVIC_SetPriority                     0x08003955   Thumb Code    60  stm32h7xx_hal_cortex.o(i.HAL_NVIC_SetPriority)
    HAL_NVIC_SetPriorityGrouping             0x08003995   Thumb Code    28  stm32h7xx_hal_cortex.o(i.HAL_NVIC_SetPriorityGrouping)
    HAL_OSPIM_Config                         0x080039b9   Thumb Code  1048  stm32h7xx_hal_ospi.o(i.HAL_OSPIM_Config)
    HAL_OSPI_Init                            0x08003dd1   Thumb Code   258  stm32h7xx_hal_ospi.o(i.HAL_OSPI_Init)
    HAL_OSPI_MspInit                         0x08003ed9   Thumb Code   310  octospi.o(i.HAL_OSPI_MspInit)
    HAL_PWREx_ConfigSupply                   0x08004029   Thumb Code    78  stm32h7xx_hal_pwr_ex.o(i.HAL_PWREx_ConfigSupply)
    HAL_RCCEx_GetD3PCLK1Freq                 0x0800407d   Thumb Code    26  stm32h7xx_hal_rcc_ex.o(i.HAL_RCCEx_GetD3PCLK1Freq)
    HAL_RCCEx_GetPLL2ClockFreq               0x080040a1   Thumb Code   296  stm32h7xx_hal_rcc_ex.o(i.HAL_RCCEx_GetPLL2ClockFreq)
    HAL_RCCEx_GetPLL3ClockFreq               0x080041e5   Thumb Code   296  stm32h7xx_hal_rcc_ex.o(i.HAL_RCCEx_GetPLL3ClockFreq)
    HAL_RCCEx_PeriphCLKConfig                0x08004329   Thumb Code  2362  stm32h7xx_hal_rcc_ex.o(i.HAL_RCCEx_PeriphCLKConfig)
    HAL_RCC_CSSCallback                      0x08004c63   Thumb Code     2  stm32h7xx_hal_rcc.o(i.HAL_RCC_CSSCallback)
    HAL_RCC_ClockConfig                      0x08004c65   Thumb Code   580  stm32h7xx_hal_rcc.o(i.HAL_RCC_ClockConfig)
    HAL_RCC_EnableCSS                        0x08004ec1   Thumb Code    12  stm32h7xx_hal_rcc.o(i.HAL_RCC_EnableCSS)
    HAL_RCC_GetClockConfig                   0x08004ed1   Thumb Code    84  stm32h7xx_hal_rcc.o(i.HAL_RCC_GetClockConfig)
    HAL_RCC_GetHCLKFreq                      0x08004f2d   Thumb Code    52  stm32h7xx_hal_rcc.o(i.HAL_RCC_GetHCLKFreq)
    HAL_RCC_GetPCLK1Freq                     0x08004f71   Thumb Code    26  stm32h7xx_hal_rcc.o(i.HAL_RCC_GetPCLK1Freq)
    HAL_RCC_GetPCLK2Freq                     0x08004f95   Thumb Code    26  stm32h7xx_hal_rcc.o(i.HAL_RCC_GetPCLK2Freq)
    HAL_RCC_GetSysClockFreq                  0x08004fb9   Thumb Code   278  stm32h7xx_hal_rcc.o(i.HAL_RCC_GetSysClockFreq)
    HAL_RCC_NMI_IRQHandler                   0x080050f1   Thumb Code    26  stm32h7xx_hal_rcc.o(i.HAL_RCC_NMI_IRQHandler)
    HAL_RCC_OscConfig                        0x08005111   Thumb Code  1318  stm32h7xx_hal_rcc.o(i.HAL_RCC_OscConfig)
    HAL_SPI_Init                             0x08005639   Thumb Code   366  stm32h7xx_hal_spi.o(i.HAL_SPI_Init)
    HAL_SPI_MspInit                          0x080057b5   Thumb Code   250  spi.o(i.HAL_SPI_MspInit)
    HAL_SPI_Transmit                         0x080058c9   Thumb Code   590  stm32h7xx_hal_spi.o(i.HAL_SPI_Transmit)
    HAL_SPI_TransmitReceive                  0x08005b17   Thumb Code   636  stm32h7xx_hal_spi.o(i.HAL_SPI_TransmitReceive)
    HAL_TIMEx_Break2Callback                 0x08005d93   Thumb Code     2  stm32h7xx_hal_tim_ex.o(i.HAL_TIMEx_Break2Callback)
    HAL_TIMEx_BreakCallback                  0x08005d95   Thumb Code     2  stm32h7xx_hal_tim_ex.o(i.HAL_TIMEx_BreakCallback)
    HAL_TIMEx_CommutCallback                 0x08005d97   Thumb Code     2  stm32h7xx_hal_tim_ex.o(i.HAL_TIMEx_CommutCallback)
    HAL_TIMEx_ConfigBreakDeadTime            0x08005d99   Thumb Code   188  stm32h7xx_hal_tim_ex.o(i.HAL_TIMEx_ConfigBreakDeadTime)
    HAL_TIMEx_MasterConfigSynchronization    0x08005e5d   Thumb Code   146  stm32h7xx_hal_tim_ex.o(i.HAL_TIMEx_MasterConfigSynchronization)
    HAL_TIM_Base_Init                        0x08005f15   Thumb Code    98  stm32h7xx_hal_tim.o(i.HAL_TIM_Base_Init)
    HAL_TIM_Base_MspInit                     0x08005f77   Thumb Code     2  stm32h7xx_hal_tim.o(i.HAL_TIM_Base_MspInit)
    HAL_TIM_Base_Start_IT                    0x08005f79   Thumb Code   118  stm32h7xx_hal_tim.o(i.HAL_TIM_Base_Start_IT)
    HAL_TIM_IC_CaptureCallback               0x08006019   Thumb Code     2  stm32h7xx_hal_tim.o(i.HAL_TIM_IC_CaptureCallback)
    HAL_TIM_IRQHandler                       0x0800601b   Thumb Code   386  stm32h7xx_hal_tim.o(i.HAL_TIM_IRQHandler)
    HAL_TIM_MspPostInit                      0x0800619d   Thumb Code   152  tim.o(i.HAL_TIM_MspPostInit)
    HAL_TIM_OC_DelayElapsedCallback          0x0800624d   Thumb Code     2  stm32h7xx_hal_tim.o(i.HAL_TIM_OC_DelayElapsedCallback)
    HAL_TIM_PWM_ConfigChannel                0x0800624f   Thumb Code   292  stm32h7xx_hal_tim.o(i.HAL_TIM_PWM_ConfigChannel)
    HAL_TIM_PWM_Init                         0x08006373   Thumb Code    98  stm32h7xx_hal_tim.o(i.HAL_TIM_PWM_Init)
    HAL_TIM_PWM_MspInit                      0x080063d5   Thumb Code    78  tim.o(i.HAL_TIM_PWM_MspInit)
    HAL_TIM_PWM_PulseFinishedCallback        0x08006435   Thumb Code     2  stm32h7xx_hal_tim.o(i.HAL_TIM_PWM_PulseFinishedCallback)
    HAL_TIM_PWM_Start                        0x08006439   Thumb Code   244  stm32h7xx_hal_tim.o(i.HAL_TIM_PWM_Start)
    HAL_TIM_PeriodElapsedCallback            0x0800655d   Thumb Code    14  main.o(i.HAL_TIM_PeriodElapsedCallback)
    HAL_TIM_TriggerCallback                  0x08006571   Thumb Code     2  stm32h7xx_hal_tim.o(i.HAL_TIM_TriggerCallback)
    HAL_UARTEx_DisableFifoMode               0x08006573   Thumb Code    64  stm32h7xx_hal_uart_ex.o(i.HAL_UARTEx_DisableFifoMode)
    HAL_UARTEx_ReceiveToIdle_DMA             0x080065b3   Thumb Code    74  stm32h7xx_hal_uart_ex.o(i.HAL_UARTEx_ReceiveToIdle_DMA)
    HAL_UARTEx_RxEventCallback               0x080065fd   Thumb Code    90  bsp_usart.o(i.HAL_UARTEx_RxEventCallback)
    HAL_UARTEx_RxFifoFullCallback            0x0800666d   Thumb Code     2  stm32h7xx_hal_uart_ex.o(i.HAL_UARTEx_RxFifoFullCallback)
    HAL_UARTEx_SetRxFifoThreshold            0x0800666f   Thumb Code    76  stm32h7xx_hal_uart_ex.o(i.HAL_UARTEx_SetRxFifoThreshold)
    HAL_UARTEx_SetTxFifoThreshold            0x080066bb   Thumb Code    76  stm32h7xx_hal_uart_ex.o(i.HAL_UARTEx_SetTxFifoThreshold)
    HAL_UARTEx_TxFifoEmptyCallback           0x08006707   Thumb Code     2  stm32h7xx_hal_uart_ex.o(i.HAL_UARTEx_TxFifoEmptyCallback)
    HAL_UARTEx_WakeupCallback                0x08006709   Thumb Code     2  stm32h7xx_hal_uart_ex.o(i.HAL_UARTEx_WakeupCallback)
    HAL_UART_ErrorCallback                   0x0800670d   Thumb Code    34  bsp_usart.o(i.HAL_UART_ErrorCallback)
    HAL_UART_IRQHandler                      0x0800673d   Thumb Code   878  stm32h7xx_hal_uart.o(i.HAL_UART_IRQHandler)
    HAL_UART_Init                            0x08006ac5   Thumb Code   106  stm32h7xx_hal_uart.o(i.HAL_UART_Init)
    HAL_UART_MspInit                         0x08006b31   Thumb Code   536  usart.o(i.HAL_UART_MspInit)
    HAL_UART_RxCpltCallback                  0x08006d71   Thumb Code     2  stm32h7xx_hal_uart.o(i.HAL_UART_RxCpltCallback)
    HAL_UART_RxHalfCpltCallback              0x08006d73   Thumb Code     2  stm32h7xx_hal_uart.o(i.HAL_UART_RxHalfCpltCallback)
    HAL_UART_Transmit                        0x08006d75   Thumb Code   176  stm32h7xx_hal_uart.o(i.HAL_UART_Transmit)
    HAL_UART_TxCpltCallback                  0x08006e25   Thumb Code     2  stm32h7xx_hal_uart.o(i.HAL_UART_TxCpltCallback)
    HardFault_Handler                        0x08006e27   Thumb Code     2  stm32h7xx_it.o(i.HardFault_Handler)
    Line_Draw                                0x08006e29   Thumb Code   124  rm_cilent_ui.o(i.Line_Draw)
    MX_DMA_Init                              0x08006ea5   Thumb Code    72  dma.o(i.MX_DMA_Init)
    MX_FDCAN1_Init                           0x08006ef1   Thumb Code    92  fdcan.o(i.MX_FDCAN1_Init)
    MX_FDCAN2_Init                           0x08006f55   Thumb Code    96  fdcan.o(i.MX_FDCAN2_Init)
    MX_FDCAN3_Init                           0x08006fbd   Thumb Code    96  fdcan.o(i.MX_FDCAN3_Init)
    MX_FREERTOS_Init                         0x08007025   Thumb Code   128  freertos.o(i.MX_FREERTOS_Init)
    MX_GPIO_Init                             0x080070d5   Thumb Code   180  gpio.o(i.MX_GPIO_Init)
    MX_OCTOSPI2_Init                         0x08007191   Thumb Code   106  octospi.o(i.MX_OCTOSPI2_Init)
    MX_SPI2_Init                             0x08007205   Thumb Code    90  spi.o(i.MX_SPI2_Init)
    MX_SPI6_Init                             0x08007269   Thumb Code    90  spi.o(i.MX_SPI6_Init)
    MX_TIM12_Init                            0x080072cd   Thumb Code   106  tim.o(i.MX_TIM12_Init)
    MX_TIM1_Init                             0x08007341   Thumb Code   180  tim.o(i.MX_TIM1_Init)
    MX_TIM3_Init                             0x080073fd   Thumb Code   108  tim.o(i.MX_TIM3_Init)
    MX_UART5_Init                            0x08007471   Thumb Code    96  usart.o(i.MX_UART5_Init)
    MX_UART7_Init                            0x080074dd   Thumb Code    94  usart.o(i.MX_UART7_Init)
    MX_USART1_UART_Init                      0x08007545   Thumb Code    94  usart.o(i.MX_USART1_UART_Init)
    MahonyAHRSupdateIMU                      0x080075ad   Thumb Code   474  mahonyahrs.o(i.MahonyAHRSupdateIMU)
    MemManage_Handler                        0x08007799   Thumb Code     2  stm32h7xx_it.o(i.MemManage_Handler)
    NMI_Handler                              0x0800779b   Thumb Code     6  stm32h7xx_it.o(i.NMI_Handler)
    PID_Init                                 0x080079d9   Thumb Code    38  pid.o(i.PID_Init)
    PID_cale                                 0x080079ff   Thumb Code   146  pid.o(i.PID_cale)
    REMOTE_TASK                              0x08007cd1   Thumb Code    24  remote_task.o(i.REMOTE_TASK)
    RM_motor_send                            0x08007ce9   Thumb Code    80  rm_motor.o(i.RM_motor_send)
    Rectangle_Draw                           0x08007d39   Thumb Code   138  rm_cilent_ui.o(i.Rectangle_Draw)
    SZ_math_MeanFilt                         0x08007f57   Thumb Code    32  z_math.o(i.SZ_math_MeanFilt)
    SendDate_TO_chassis                      0x08007f79   Thumb Code    74  bsp_senddate.o(i.SendDate_TO_chassis)
    SendDate_loading_angle                   0x08007fc9   Thumb Code    24  bsp_senddate.o(i.SendDate_loading_angle)
    SendDate_loading_speed                   0x08007fe1   Thumb Code    24  bsp_senddate.o(i.SendDate_loading_speed)
    Servos_task                              0x08007ff9   Thumb Code    80  servos_task.o(i.Servos_task)
    StartDefaultTask                         0x08008055   Thumb Code     8  freertos.o(i.StartDefaultTask)
    SysTick_Handler                          0x0800805d   Thumb Code    26  cmsis_os2.o(i.SysTick_Handler)
    SystemClock_Config                       0x08008079   Thumb Code   148  main.o(i.SystemClock_Config)
    SystemInit                               0x08008111   Thumb Code   158  system_stm32h7xx.o(i.SystemInit)
    TIM23_IRQHandler                         0x080081d1   Thumb Code     6  stm32h7xx_it.o(i.TIM23_IRQHandler)
    TIM_Base_SetConfig                       0x080081dd   Thumb Code   174  stm32h7xx_hal_tim.o(i.TIM_Base_SetConfig)
    TIM_CCxChannelCmd                        0x080082b5   Thumb Code    26  stm32h7xx_hal_tim.o(i.TIM_CCxChannelCmd)
    TIM_OC2_SetConfig                        0x08008379   Thumb Code   126  stm32h7xx_hal_tim.o(i.TIM_OC2_SetConfig)
    UART5_IRQHandler                         0x08008609   Thumb Code     6  stm32h7xx_it.o(i.UART5_IRQHandler)
    UART_AdvFeatureConfig                    0x08008659   Thumb Code   200  stm32h7xx_hal_uart.o(i.UART_AdvFeatureConfig)
    UART_CheckIdleState                      0x08008721   Thumb Code   170  stm32h7xx_hal_uart.o(i.UART_CheckIdleState)
    UART_SetConfig                           0x08008955   Thumb Code   914  stm32h7xx_hal_uart.o(i.UART_SetConfig)
    UART_Start_Receive_DMA                   0x08008d31   Thumb Code   156  stm32h7xx_hal_uart.o(i.UART_Start_Receive_DMA)
    UART_WaitOnFlagUntilTimeout              0x08008dd9   Thumb Code   140  stm32h7xx_hal_uart.o(i.UART_WaitOnFlagUntilTimeout)
    UI_ReFresh                               0x08008e65   Thumb Code   268  rm_cilent_ui.o(i.UI_ReFresh)
    UI_task                                  0x08009001   Thumb Code   334  ui_task.o(i.UI_task)
    USART1_IRQHandler                        0x08009169   Thumb Code     6  stm32h7xx_it.o(i.USART1_IRQHandler)
    UsageFault_Handler                       0x08009175   Thumb Code     2  stm32h7xx_it.o(i.UsageFault_Handler)
    WS2812_Ctrl                              0x08009179   Thumb Code   150  bsp_ws1812.o(i.WS2812_Ctrl)
    __ARM_fpclassifyf                        0x08009215   Thumb Code    38  fpclassifyf.o(i.__ARM_fpclassifyf)
    __hardfp_asinf                           0x0800925d   Thumb Code   258  asinf.o(i.__hardfp_asinf)
    __hardfp_atan2f                          0x08009395   Thumb Code   502  atan2f.o(i.__hardfp_atan2f)
    __mathlib_flt_infnan                     0x080095ed   Thumb Code     6  funder.o(i.__mathlib_flt_infnan)
    __mathlib_flt_infnan2                    0x080095f3   Thumb Code     6  funder.o(i.__mathlib_flt_infnan2)
    __mathlib_flt_invalid                    0x080095f9   Thumb Code    10  funder.o(i.__mathlib_flt_invalid)
    __mathlib_flt_underflow                  0x08009609   Thumb Code    10  funder.o(i.__mathlib_flt_underflow)
    bmi088_accel_init                        0x08009619   Thumb Code   266  bmi088driver.o(i.bmi088_accel_init)
    bmi088_gyro_init                         0x08009729   Thumb Code   218  bmi088driver.o(i.bmi088_gyro_init)
    buzzer_task                              0x08009809   Thumb Code    78  buzzer_task.o(i.buzzer_task)
    can_bsp_init                             0x08009865   Thumb Code    54  bsp_can.o(i.can_bsp_init)
    fdcanx_receive                           0x0800998d   Thumb Code    26  bsp_can.o(i.fdcanx_receive)
    fdcanx_send_data                         0x080099a7   Thumb Code    42  bsp_can.o(i.fdcanx_send_data)
    get_CRC16_check_sum                      0x080099d1   Thumb Code    38  crc8_crc16.o(i.get_CRC16_check_sum)
    get_CRC8_check_sum                       0x080099fd   Thumb Code    24  crc8_crc16.o(i.get_CRC8_check_sum)
    get_chassis_power_buf                    0x08009a19   Thumb Code     6  cp.o(i.get_chassis_power_buf)
    get_remote_msg_p                         0x08009a25   Thumb Code     4  remote_task.o(i.get_remote_msg_p)
    get_robot_id                             0x08009a2d   Thumb Code     8  cp.o(i.get_robot_id)
    ins_task                                 0x08009a39   Thumb Code   410  imu_task.o(i.ins_task)
    invSqrt                                  0x08009c05   Thumb Code    40  mahonyahrs.o(i.invSqrt)
    main                                     0x08009c51   Thumb Code   138  main.o(i.main)
    motor_msg_decode_3508                    0x08009ced   Thumb Code    86  rm_motor.o(i.motor_msg_decode_3508)
    motor_msg_decode_6020                    0x08009d49   Thumb Code   166  rm_motor.o(i.motor_msg_decode_6020)
    osDelay                                  0x08009e01   Thumb Code    28  cmsis_os2.o(i.osDelay)
    osKernelInitialize                       0x08009e1d   Thumb Code    32  cmsis_os2.o(i.osKernelInitialize)
    osKernelStart                            0x08009e41   Thumb Code    48  cmsis_os2.o(i.osKernelStart)
    osThreadNew                              0x08009e79   Thumb Code   144  cmsis_os2.o(i.osThreadNew)
    pvPortMalloc                             0x0800a6a1   Thumb Code   216  heap_4.o(i.pvPortMalloc)
    pxPortInitialiseStack                    0x0800a77d   Thumb Code    42  port.o(i.pxPortInitialiseStack)
    sqrtf                                    0x0800a7ad   Thumb Code    62  sqrtf.o(i.sqrtf)
    uxListRemove                             0x0800a7eb   Thumb Code    38  list.o(i.uxListRemove)
    vApplicationGetIdleTaskMemory            0x0800a811   Thumb Code    18  cmsis_os2.o(i.vApplicationGetIdleTaskMemory)
    vApplicationGetTimerTaskMemory           0x0800a829   Thumb Code    18  cmsis_os2.o(i.vApplicationGetTimerTaskMemory)
    vListInitialise                          0x0800a841   Thumb Code    22  list.o(i.vListInitialise)
    vListInitialiseItem                      0x0800a857   Thumb Code     6  list.o(i.vListInitialiseItem)
    vListInsert                              0x0800a85d   Thumb Code    48  list.o(i.vListInsert)
    vListInsertEnd                           0x0800a88d   Thumb Code    24  list.o(i.vListInsertEnd)
    vPortEnterCritical                       0x0800a8a5   Thumb Code    54  port.o(i.vPortEnterCritical)
    vPortExitCritical                        0x0800a8e5   Thumb Code    34  port.o(i.vPortExitCritical)
    vPortFree                                0x0800a90d   Thumb Code    94  heap_4.o(i.vPortFree)
    vPortSetupTimerInterrupt                 0x0800a971   Thumb Code    32  port.o(i.vPortSetupTimerInterrupt)
    vPortValidateInterruptPriority           0x0800a995   Thumb Code    74  port.o(i.vPortValidateInterruptPriority)
    vQueueAddToRegistry                      0x0800a9e9   Thumb Code    34  queue.o(i.vQueueAddToRegistry)
    vQueueWaitForMessageRestricted           0x0800aa11   Thumb Code    68  queue.o(i.vQueueWaitForMessageRestricted)
    vTaskDelay                               0x0800aa55   Thumb Code    66  tasks.o(i.vTaskDelay)
    vTaskInternalSetTimeOutState             0x0800aaa1   Thumb Code    12  tasks.o(i.vTaskInternalSetTimeOutState)
    vTaskMissedYield                         0x0800aab1   Thumb Code     8  tasks.o(i.vTaskMissedYield)
    vTaskPlaceOnEventList                    0x0800aabd   Thumb Code    44  tasks.o(i.vTaskPlaceOnEventList)
    vTaskPlaceOnEventListRestricted          0x0800aaed   Thumb Code    52  tasks.o(i.vTaskPlaceOnEventListRestricted)
    vTaskStartScheduler                      0x0800ab25   Thumb Code   118  tasks.o(i.vTaskStartScheduler)
    vTaskSuspendAll                          0x0800abad   Thumb Code    10  tasks.o(i.vTaskSuspendAll)
    vTaskSwitchContext                       0x0800abbd   Thumb Code    90  tasks.o(i.vTaskSwitchContext)
    verify_CRC16_check_sum                   0x0800ac21   Thumb Code    54  crc8_crc16.o(i.verify_CRC16_check_sum)
    verify_CRC8_check_sum                    0x0800ac5d   Thumb Code    38  crc8_crc16.o(i.verify_CRC8_check_sum)
    ws2812_task                              0x0800ac85   Thumb Code    78  ws2812_task.o(i.ws2812_task)
    xPortStartScheduler                      0x0800acd5   Thumb Code   222  port.o(i.xPortStartScheduler)
    xPortSysTickHandler                      0x0800adc9   Thumb Code    38  port.o(i.xPortSysTickHandler)
    xQueueGenericCreateStatic                0x0800adf5   Thumb Code   102  queue.o(i.xQueueGenericCreateStatic)
    xQueueGenericReset                       0x0800ae5d   Thumb Code   144  queue.o(i.xQueueGenericReset)
    xQueueGenericSend                        0x0800aef1   Thumb Code   346  queue.o(i.xQueueGenericSend)
    xQueueGenericSendFromISR                 0x0800b051   Thumb Code   190  queue.o(i.xQueueGenericSendFromISR)
    xQueueReceive                            0x0800b111   Thumb Code   310  queue.o(i.xQueueReceive)
    xTaskCheckForTimeOut                     0x0800b24d   Thumb Code   116  tasks.o(i.xTaskCheckForTimeOut)
    xTaskCreate                              0x0800b2c5   Thumb Code    90  tasks.o(i.xTaskCreate)
    xTaskCreateStatic                        0x0800b31f   Thumb Code    86  tasks.o(i.xTaskCreateStatic)
    xTaskGetSchedulerState                   0x0800b375   Thumb Code    22  tasks.o(i.xTaskGetSchedulerState)
    xTaskGetTickCount                        0x0800b391   Thumb Code     6  tasks.o(i.xTaskGetTickCount)
    xTaskIncrementTick                       0x0800b39d   Thumb Code   192  tasks.o(i.xTaskIncrementTick)
    xTaskPriorityDisinherit                  0x0800b465   Thumb Code   116  tasks.o(i.xTaskPriorityDisinherit)
    xTaskRemoveFromEventList                 0x0800b4e1   Thumb Code   100  tasks.o(i.xTaskRemoveFromEventList)
    xTaskResumeAll                           0x0800b551   Thumb Code   184  tasks.o(i.xTaskResumeAll)
    xTimerCreateTimerTask                    0x0800b615   Thumb Code    78  timers.o(i.xTimerCreateTimerTask)
    xTimerGenericCommand                     0x0800b675   Thumb Code    98  timers.o(i.xTimerGenericCommand)
    _fp_init                                 0x0800b6dd   Thumb Code    10  fpinit.o(x$fpl$fpinit)
    __fplib_config_fpu_vfp                   0x0800b6e5   Thumb Code     0  fpinit.o(x$fpl$fpinit)
    __fplib_config_pureend_doubles           0x0800b6e5   Thumb Code     0  fpinit.o(x$fpl$fpinit)
    __I$use$fp                               0x0800b6e6   Number         0  usenofp.o(x$fpl$usenofp)
    defaultTask_attributes                   0x0800b6e8   Data          36  freertos.o(.constdata)
    Ws2812_task_attributes                   0x0800b70c   Data          36  freertos.o(.constdata)
    INS_task_attributes                      0x0800b730   Data          36  freertos.o(.constdata)
    BUZZER_task_attributes                   0x0800b754   Data          36  freertos.o(.constdata)
    CK_TIMEOUT_TASK_attributes               0x0800b778   Data          36  freertos.o(.constdata)
    CP_TASK_attributes                       0x0800b79c   Data          36  freertos.o(.constdata)
    GYM_TASK_attributes                      0x0800b7c0   Data          36  freertos.o(.constdata)
    UI_TASK_attributes                       0x0800b7e4   Data          36  freertos.o(.constdata)
    SERVER_TASK_attributes                   0x0800b808   Data          36  freertos.o(.constdata)
    UARTPrescTable                           0x0800b890   Data          24  stm32h7xx_hal_uart.o(.constdata)
    D1CorePrescTable                         0x0800b8b8   Data          16  system_stm32h7xx.o(.constdata)
    CRC8_TAB_UI                              0x0800b8d4   Data         256  rm_cilent_ui.o(.constdata)
    wCRC_Table_UI                            0x0800b9d4   Data         512  rm_cilent_ui.o(.constdata)
    CRC8_table                               0x0800bbd4   Data         256  crc8_crc16.o(.constdata)
    wCRC_table                               0x0800bcd4   Data         512  crc8_crc16.o(.constdata)
    Region$$Table$$Base                      0x0800bf3c   Number         0  anon$$obj.o(Region$$Table)
    Region$$Table$$Limit                     0x0800bf5c   Number         0  anon$$obj.o(Region$$Table)
    defaultTaskHandle                        0x24000000   Data           4  freertos.o(.data)
    Ws2812_taskHandle                        0x24000004   Data           4  freertos.o(.data)
    INS_taskHandle                           0x24000008   Data           4  freertos.o(.data)
    BUZZER_taskHandle                        0x2400000c   Data           4  freertos.o(.data)
    CK_TIMEOUT_TASKHandle                    0x24000010   Data           4  freertos.o(.data)
    CP_TASKHandle                            0x24000014   Data           4  freertos.o(.data)
    GYM_TASKHandle                           0x24000018   Data           4  freertos.o(.data)
    UI_TASKHandle                            0x2400001c   Data           4  freertos.o(.data)
    SERVER_TASKHandle                        0x24000020   Data           4  freertos.o(.data)
    uwTickFreq                               0x24000028   Data           1  stm32h7xx_hal.o(.data)
    uwTickPrio                               0x2400002c   Data           4  stm32h7xx_hal.o(.data)
    uwTick                                   0x24000030   Data           4  stm32h7xx_hal.o(.data)
    SystemCoreClock                          0x24000034   Data           4  system_stm32h7xx.o(.data)
    SystemD2Clock                            0x24000038   Data           4  system_stm32h7xx.o(.data)
    out                                      0x24000040   Data           4  imu_task.o(.data)
    err                                      0x24000044   Data           4  imu_task.o(.data)
    err_l                                    0x24000048   Data           4  imu_task.o(.data)
    err_ll                                   0x2400004c   Data           4  imu_task.o(.data)
    BUZZER_OUTTIME_NUM                       0x24000050   Data           1  buzzer_task.o(.data)
    timeout_time                             0x24000052   Data          12  ck_timeout_task.o(.data)
    remote_speed                             0x2400005e   Data           8  gym_task.o(.data)
    remote_angle                             0x24000066   Data           8  gym_task.o(.data)
    game_result                              0x2400006e   Data           1  cp.o(.data)
    air_support_data                         0x2400006f   Data           2  cp.o(.data)
    rfid_status                              0x24000071   Data           4  cp.o(.data)
    cp_receive_header                        0x24000075   Data           5  cp.o(.data)
    buff                                     0x2400007a   Data           6  cp.o(.data)
    dart_client_cmd                          0x24000080   Data           6  cp.o(.data)
    radar_mark_data                          0x24000086   Data           6  cp.o(.data)
    Robot_ID                                 0x2400008c   Data           2  ui_task.o(.data)
    Cilent_ID                                0x2400008e   Data           2  ui_task.o(.data)
    servos_main                              0x24000090   Data           4  servos_task.o(.data)
    BMI088_ACCEL_SEN                         0x24000094   Data           4  bmi088driver.o(.data)
    BMI088_GYRO_SEN                          0x24000098   Data           4  bmi088driver.o(.data)
    UI_Seq                                   0x240000c0   Data           1  rm_cilent_ui.o(.data)
    pxCurrentTCB                             0x240000c4   Data           4  tasks.o(.data)
    twoKp                                    0x24000144   Data           4  mahonyahrs.o(.data)
    twoKi                                    0x24000148   Data           4  mahonyahrs.o(.data)
    integralFBx                              0x2400014c   Data           4  mahonyahrs.o(.data)
    integralFBy                              0x24000150   Data           4  mahonyahrs.o(.data)
    integralFBz                              0x24000154   Data           4  mahonyahrs.o(.data)
    CRC16_INIT                               0x24000158   Data           2  crc8_crc16.o(.data)
    hfdcan1                                  0x2400015c   Data         160  fdcan.o(.bss)
    hfdcan2                                  0x240001fc   Data         160  fdcan.o(.bss)
    hfdcan3                                  0x2400029c   Data         160  fdcan.o(.bss)
    hospi2                                   0x2400033c   Data          92  octospi.o(.bss)
    hspi2                                    0x24000398   Data         136  spi.o(.bss)
    hspi6                                    0x24000420   Data         136  spi.o(.bss)
    htim1                                    0x240004a8   Data          76  tim.o(.bss)
    htim3                                    0x240004f4   Data          76  tim.o(.bss)
    htim12                                   0x24000540   Data          76  tim.o(.bss)
    huart5                                   0x2400058c   Data         148  usart.o(.bss)
    huart7                                   0x24000620   Data         148  usart.o(.bss)
    huart1                                   0x240006b4   Data         148  usart.o(.bss)
    hdma_uart5_rx                            0x24000748   Data         120  usart.o(.bss)
    hdma_uart7_tx                            0x240007c0   Data         120  usart.o(.bss)
    hdma_usart1_rx                           0x24000838   Data         120  usart.o(.bss)
    htim23                                   0x240008b0   Data          76  stm32h7xx_hal_timebase_tim.o(.bss)
    gyro                                     0x240008fc   Data          12  imu_task.o(.bss)
    acc                                      0x24000908   Data          12  imu_task.o(.bss)
    last_INS_angle                           0x24000914   Data          12  imu_task.o(.bss)
    imuQuat                                  0x24000920   Data          16  imu_task.o(.bss)
    imuAngle                                 0x24000930   Data          12  imu_task.o(.bss)
    imu_date_main                            0x2400093c   Data          24  imu_task.o(.bss)
    CK_Timeout_main                          0x24000954   Data          32  ck_timeout_task.o(.bss)
    remote_main                              0x24000974   Data          22  remote_task.o(.bss)
    GYM_Main                                 0x2400098c   Data         532  gym_task.o(.bss)
    quque                                    0x24000ba0   Data        1024  cp.o(.bss)
    CP_Fifo                                  0x24000fa0   Data          12  cp.o(.bss)
    CP_main                                  0x24000fac   Data         140  cp.o(.bss)
    game_state                               0x24001038   Data          11  cp.o(.bss)
    game_robot_HP                            0x24001043   Data          32  cp.o(.bss)
    robot_status                             0x24001063   Data          13  cp.o(.bss)
    power_heat_data                          0x24001070   Data          16  cp.o(.bss)
    G1                                       0x24001080   Data          15  ui_task.o(.bss)
    G2                                       0x2400108f   Data          15  ui_task.o(.bss)
    G3                                       0x2400109e   Data          15  ui_task.o(.bss)
    G4                                       0x240010ad   Data          15  ui_task.o(.bss)
    G5                                       0x240010bc   Data          15  ui_task.o(.bss)
    shoot_main                               0x240010cc   Data         396  shoot_task.o(.bss)
    usart3_rx_data_buf                       0x24001258   Data          23  bsp_usart.o(.bss)
    uart6_rx_data_buf                        0x2400126f   Data        1024  bsp_usart.o(.bss)
    xQueueRegistry                           0x24001670   Data          64  queue.o(.bss)
    __libspace_start                         0x24005c44   Data          96  libspace.o(.bss)
    __temporary_stack_top$libspace           0x24005ca4   Data           0  libspace.o(.bss)



==============================================================================

Memory Map of the image

  Image Entry point : 0x080002cd

  Load Region LR_IROM1 (Base: 0x08000000, Size: 0x0000c0b8, Max: 0x00100000, ABSOLUTE, COMPRESSED[0x0000bfac])

    Execution Region ER_IROM1 (Exec base: 0x08000000, Load base: 0x08000000, Size: 0x0000bf5c, Max: 0x00100000, ABSOLUTE)

    Exec Addr    Load Addr    Size         Type   Attr      Idx    E Section Name        Object

    0x08000000   0x08000000   0x000002cc   Data   RO            3    RESET               startup_stm32h723xx.o
    0x080002cc   0x080002cc   0x00000008   Code   RO         9288  * !!!main             c_w.l(__main.o)
    0x080002d4   0x080002d4   0x00000034   Code   RO         9579    !!!scatter          c_w.l(__scatter.o)
    0x08000308   0x08000308   0x0000005a   Code   RO         9577    !!dczerorl2         c_w.l(__dczerorl2.o)
    0x08000362   0x08000362   0x00000002   PAD
    0x08000364   0x08000364   0x0000001c   Code   RO         9581    !!handler_zi        c_w.l(__scatter_zi.o)
    0x08000380   0x08000380   0x00000002   Code   RO         9516    .ARM.Collect$$libinit$$00000000  c_w.l(libinit.o)
    0x08000382   0x08000382   0x00000004   Code   RO         9368    .ARM.Collect$$libinit$$00000001  c_w.l(libinit2.o)
    0x08000386   0x08000386   0x00000000   Code   RO         9371    .ARM.Collect$$libinit$$00000004  c_w.l(libinit2.o)
    0x08000386   0x08000386   0x00000000   Code   RO         9374    .ARM.Collect$$libinit$$0000000A  c_w.l(libinit2.o)
    0x08000386   0x08000386   0x00000000   Code   RO         9376    .ARM.Collect$$libinit$$0000000C  c_w.l(libinit2.o)
    0x08000386   0x08000386   0x00000000   Code   RO         9378    .ARM.Collect$$libinit$$0000000E  c_w.l(libinit2.o)
    0x08000386   0x08000386   0x00000000   Code   RO         9381    .ARM.Collect$$libinit$$00000011  c_w.l(libinit2.o)
    0x08000386   0x08000386   0x00000000   Code   RO         9383    .ARM.Collect$$libinit$$00000013  c_w.l(libinit2.o)
    0x08000386   0x08000386   0x00000000   Code   RO         9385    .ARM.Collect$$libinit$$00000015  c_w.l(libinit2.o)
    0x08000386   0x08000386   0x00000000   Code   RO         9387    .ARM.Collect$$libinit$$00000017  c_w.l(libinit2.o)
    0x08000386   0x08000386   0x00000000   Code   RO         9389    .ARM.Collect$$libinit$$00000019  c_w.l(libinit2.o)
    0x08000386   0x08000386   0x00000000   Code   RO         9391    .ARM.Collect$$libinit$$0000001B  c_w.l(libinit2.o)
    0x08000386   0x08000386   0x00000000   Code   RO         9393    .ARM.Collect$$libinit$$0000001D  c_w.l(libinit2.o)
    0x08000386   0x08000386   0x00000000   Code   RO         9395    .ARM.Collect$$libinit$$0000001F  c_w.l(libinit2.o)
    0x08000386   0x08000386   0x00000000   Code   RO         9397    .ARM.Collect$$libinit$$00000021  c_w.l(libinit2.o)
    0x08000386   0x08000386   0x00000000   Code   RO         9399    .ARM.Collect$$libinit$$00000023  c_w.l(libinit2.o)
    0x08000386   0x08000386   0x00000000   Code   RO         9401    .ARM.Collect$$libinit$$00000025  c_w.l(libinit2.o)
    0x08000386   0x08000386   0x00000000   Code   RO         9405    .ARM.Collect$$libinit$$0000002C  c_w.l(libinit2.o)
    0x08000386   0x08000386   0x00000000   Code   RO         9407    .ARM.Collect$$libinit$$0000002E  c_w.l(libinit2.o)
    0x08000386   0x08000386   0x00000000   Code   RO         9409    .ARM.Collect$$libinit$$00000030  c_w.l(libinit2.o)
    0x08000386   0x08000386   0x00000000   Code   RO         9411    .ARM.Collect$$libinit$$00000032  c_w.l(libinit2.o)
    0x08000386   0x08000386   0x00000002   Code   RO         9412    .ARM.Collect$$libinit$$00000033  c_w.l(libinit2.o)
    0x08000388   0x08000388   0x00000002   Code   RO         9574    .ARM.Collect$$libshutdown$$00000000  c_w.l(libshutdown.o)
    0x0800038a   0x0800038a   0x00000000   Code   RO         9532    .ARM.Collect$$libshutdown$$00000002  c_w.l(libshutdown2.o)
    0x0800038a   0x0800038a   0x00000000   Code   RO         9534    .ARM.Collect$$libshutdown$$00000004  c_w.l(libshutdown2.o)
    0x0800038a   0x0800038a   0x00000000   Code   RO         9537    .ARM.Collect$$libshutdown$$00000007  c_w.l(libshutdown2.o)
    0x0800038a   0x0800038a   0x00000000   Code   RO         9540    .ARM.Collect$$libshutdown$$0000000A  c_w.l(libshutdown2.o)
    0x0800038a   0x0800038a   0x00000000   Code   RO         9542    .ARM.Collect$$libshutdown$$0000000C  c_w.l(libshutdown2.o)
    0x0800038a   0x0800038a   0x00000000   Code   RO         9545    .ARM.Collect$$libshutdown$$0000000F  c_w.l(libshutdown2.o)
    0x0800038a   0x0800038a   0x00000002   Code   RO         9546    .ARM.Collect$$libshutdown$$00000010  c_w.l(libshutdown2.o)
    0x0800038c   0x0800038c   0x00000000   Code   RO         9328    .ARM.Collect$$rtentry$$00000000  c_w.l(__rtentry.o)
    0x0800038c   0x0800038c   0x00000000   Code   RO         9448    .ARM.Collect$$rtentry$$00000002  c_w.l(__rtentry2.o)
    0x0800038c   0x0800038c   0x00000006   Code   RO         9460    .ARM.Collect$$rtentry$$00000004  c_w.l(__rtentry4.o)
    0x08000392   0x08000392   0x00000000   Code   RO         9450    .ARM.Collect$$rtentry$$00000009  c_w.l(__rtentry2.o)
    0x08000392   0x08000392   0x00000004   Code   RO         9451    .ARM.Collect$$rtentry$$0000000A  c_w.l(__rtentry2.o)
    0x08000396   0x08000396   0x00000000   Code   RO         9453    .ARM.Collect$$rtentry$$0000000C  c_w.l(__rtentry2.o)
    0x08000396   0x08000396   0x00000008   Code   RO         9454    .ARM.Collect$$rtentry$$0000000D  c_w.l(__rtentry2.o)
    0x0800039e   0x0800039e   0x00000002   Code   RO         9519    .ARM.Collect$$rtexit$$00000000  c_w.l(rtexit.o)
    0x080003a0   0x080003a0   0x00000000   Code   RO         9550    .ARM.Collect$$rtexit$$00000002  c_w.l(rtexit2.o)
    0x080003a0   0x080003a0   0x00000004   Code   RO         9551    .ARM.Collect$$rtexit$$00000003  c_w.l(rtexit2.o)
    0x080003a4   0x080003a4   0x00000006   Code   RO         9552    .ARM.Collect$$rtexit$$00000004  c_w.l(rtexit2.o)
    0x080003aa   0x080003aa   0x00000002   PAD
    0x080003ac   0x080003ac   0x000000be   Code   RO         8891    .emb_text           port.o
    0x0800046a   0x0800046a   0x00000002   PAD
    0x0800046c   0x0800046c   0x00000040   Code   RO            4    .text               startup_stm32h723xx.o
    0x080004ac   0x080004ac   0x000000ee   Code   RO         9272    .text               c_w.l(lludivv7m.o)
    0x0800059a   0x0800059a   0x0000008a   Code   RO         9274    .text               c_w.l(rt_memcpy_v6.o)
    0x08000624   0x08000624   0x00000064   Code   RO         9276    .text               c_w.l(rt_memcpy_w.o)
    0x08000688   0x08000688   0x00000010   Code   RO         9280    .text               c_w.l(aeabi_memset.o)
    0x08000698   0x08000698   0x00000044   Code   RO         9282    .text               c_w.l(rt_memclr.o)
    0x080006dc   0x080006dc   0x0000004e   Code   RO         9284    .text               c_w.l(rt_memclr_w.o)
    0x0800072a   0x0800072a   0x00000006   Code   RO         9286    .text               c_w.l(heapauxi.o)
    0x08000730   0x08000730   0x00000016   Code   RO         9364    .text               c_w.l(_rserrno.o)
    0x08000746   0x08000746   0x00000002   PAD
    0x08000748   0x08000748   0x00000008   Code   RO         9444    .text               c_w.l(libspace.o)
    0x08000750   0x08000750   0x00000008   Code   RO         9467    .text               c_w.l(rt_errno_addr_intlibspace.o)
    0x08000758   0x08000758   0x00000002   Code   RO         9488    .text               c_w.l(use_no_semi.o)
    0x0800075a   0x0800075a   0x00000000   Code   RO         9490    .text               c_w.l(indicate_semi.o)
    0x0800075a   0x0800075a   0x0000004a   Code   RO         9491    .text               c_w.l(sys_stackheap_outer.o)
    0x080007a4   0x080007a4   0x00000012   Code   RO         9497    .text               c_w.l(exit.o)
    0x080007b6   0x080007b6   0x00000002   PAD
    0x080007b8   0x080007b8   0x0000000c   Code   RO         9517    .text               c_w.l(sys_exit.o)
    0x080007c4   0x080007c4   0x00000020   Code   RO         6183    i.AHRS_init         imu_task.o
    0x080007e4   0x080007e4   0x0000000c   Code   RO         6184    i.AHRS_update       imu_task.o
    0x080007f0   0x080007f0   0x00000010   Code   RO         7012    i.BMI088_ACCEL_NS_H  bmi088middleware.o
    0x08000800   0x08000800   0x00000010   Code   RO         7013    i.BMI088_ACCEL_NS_L  bmi088middleware.o
    0x08000810   0x08000810   0x00000002   Code   RO         7014    i.BMI088_GPIO_init  bmi088middleware.o
    0x08000812   0x08000812   0x00000002   PAD
    0x08000814   0x08000814   0x00000010   Code   RO         7015    i.BMI088_GYRO_NS_H  bmi088middleware.o
    0x08000824   0x08000824   0x00000010   Code   RO         7016    i.BMI088_GYRO_NS_L  bmi088middleware.o
    0x08000834   0x08000834   0x00000002   Code   RO         7017    i.BMI088_com_init   bmi088middleware.o
    0x08000836   0x08000836   0x00000018   Code   RO         7018    i.BMI088_delay_ms   bmi088middleware.o
    0x0800084e   0x0800084e   0x00000030   Code   RO         7019    i.BMI088_delay_us   bmi088middleware.o
    0x0800087e   0x0800087e   0x00000018   Code   RO         6943    i.BMI088_init       bmi088driver.o
    0x08000896   0x08000896   0x00000002   PAD
    0x08000898   0x08000898   0x00000158   Code   RO         6944    i.BMI088_read       bmi088driver.o
    0x080009f0   0x080009f0   0x00000024   Code   RO         6945    i.BMI088_read_muli_reg  bmi088driver.o
    0x08000a14   0x08000a14   0x00000016   Code   RO         6946    i.BMI088_read_single_reg  bmi088driver.o
    0x08000a2a   0x08000a2a   0x00000002   PAD
    0x08000a2c   0x08000a2c   0x00000020   Code   RO         7020    i.BMI088_read_write_byte  bmi088middleware.o
    0x08000a4c   0x08000a4c   0x00000012   Code   RO         6947    i.BMI088_write_single_reg  bmi088driver.o
    0x08000a5e   0x08000a5e   0x00000002   Code   RO          750    i.BusFault_Handler  stm32h7xx_it.o
    0x08000a60   0x08000a60   0x00000028   Code   RO         6843    i.CAN1_motor_decode  bsp_motor.o
    0x08000a88   0x08000a88   0x00000028   Code   RO         6844    i.CAN2_motor_decode  bsp_motor.o
    0x08000ab0   0x08000ab0   0x0000006c   Code   RO         6286    i.CK_Timeout_task   ck_timeout_task.o
    0x08000b1c   0x08000b1c   0x00000028   Code   RO         6479    i.CP_task           cp.o
    0x08000b44   0x08000b44   0x0000000c   Code   RO         6557    i.CP_usart_task     cp_usart.o
    0x08000b50   0x08000b50   0x00000010   Code   RO         6287    i.CkTime_DriverTimeNew  ck_timeout_task.o
    0x08000b60   0x08000b60   0x0000000c   Code   RO          751    i.DMA1_Stream0_IRQHandler  stm32h7xx_it.o
    0x08000b6c   0x08000b6c   0x0000000c   Code   RO          752    i.DMA1_Stream1_IRQHandler  stm32h7xx_it.o
    0x08000b78   0x08000b78   0x0000000c   Code   RO          753    i.DMA1_Stream2_IRQHandler  stm32h7xx_it.o
    0x08000b84   0x08000b84   0x000000b4   Code   RO         1704    i.DMA_CalcBaseAndBitshift  stm32h7xx_hal_dma.o
    0x08000c38   0x08000c38   0x0000009c   Code   RO         1705    i.DMA_CalcDMAMUXChannelBaseAndMask  stm32h7xx_hal_dma.o
    0x08000cd4   0x08000cd4   0x00000074   Code   RO         1706    i.DMA_CalcDMAMUXRequestGenBaseAndMask  stm32h7xx_hal_dma.o
    0x08000d48   0x08000d48   0x00000054   Code   RO         1707    i.DMA_CheckFifoParam  stm32h7xx_hal_dma.o
    0x08000d9c   0x08000d9c   0x00000220   Code   RO         1708    i.DMA_SetConfig     stm32h7xx_hal_dma.o
    0x08000fbc   0x08000fbc   0x00000002   Code   RO          754    i.DebugMon_Handler  stm32h7xx_it.o
    0x08000fbe   0x08000fbe   0x00000004   Code   RO           13    i.Error_Handler     main.o
    0x08000fc2   0x08000fc2   0x00000002   PAD
    0x08000fc4   0x08000fc4   0x0000000c   Code   RO          755    i.FDCAN1_IT0_IRQHandler  stm32h7xx_it.o
    0x08000fd0   0x08000fd0   0x0000000c   Code   RO          756    i.FDCAN1_IT1_IRQHandler  stm32h7xx_it.o
    0x08000fdc   0x08000fdc   0x0000000c   Code   RO          757    i.FDCAN2_IT0_IRQHandler  stm32h7xx_it.o
    0x08000fe8   0x08000fe8   0x0000000c   Code   RO          758    i.FDCAN2_IT1_IRQHandler  stm32h7xx_it.o
    0x08000ff4   0x08000ff4   0x0000000c   Code   RO          759    i.FDCAN3_IT0_IRQHandler  stm32h7xx_it.o
    0x08001000   0x08001000   0x0000000c   Code   RO          760    i.FDCAN3_IT1_IRQHandler  stm32h7xx_it.o
    0x0800100c   0x0800100c   0x000001c8   Code   RO         3345    i.FDCAN_CalcultateRamBlockAddresses  stm32h7xx_hal_fdcan.o
    0x080011d4   0x080011d4   0x00000070   Code   RO         3346    i.FDCAN_CopyMessageToRAM  stm32h7xx_hal_fdcan.o
    0x08001244   0x08001244   0x0000002e   Code   RO         9106    i.Fifo_Add          fifo.o
    0x08001272   0x08001272   0x0000001e   Code   RO         9107    i.Fifo_AddNum       fifo.o
    0x08001290   0x08001290   0x0000002e   Code   RO         9108    i.Fifo_Get          fifo.o
    0x080012be   0x080012be   0x000000a8   Code   RO         6185    i.GetAngle          imu_task.o
    0x08001366   0x08001366   0x00000002   PAD
    0x08001368   0x08001368   0x0000002c   Code   RO         7130    i.Get_CRC16_Check_Sum_UI  rm_cilent_ui.o
    0x08001394   0x08001394   0x0000001c   Code   RO         7131    i.Get_CRC8_Check_Sum_UI  rm_cilent_ui.o
    0x080013b0   0x080013b0   0x0000000c   Code   RO         6288    i.Get_TimeOutNum    ck_timeout_task.o
    0x080013bc   0x080013bc   0x00000090   Code   RO         6370    i.GymBehave_Init    gym_behave.o
    0x0800144c   0x0800144c   0x00000050   Code   RO         6371    i.GymBehave_star    gym_behave.o
    0x0800149c   0x0800149c   0x000000c0   Code   RO         6424    i.Gym_Ctrl_set      gym_task.o
    0x0800155c   0x0800155c   0x0000014c   Code   RO         6425    i.Gym_Init          gym_task.o
    0x080016a8   0x080016a8   0x000000f4   Code   RO         6426    i.Gym_msg_updata    gym_task.o
    0x0800179c   0x0800179c   0x000000fc   Code   RO         6427    i.Gym_task          gym_task.o
    0x08001898   0x08001898   0x00000360   Code   RO         1709    i.HAL_DMA_Abort     stm32h7xx_hal_dma.o
    0x08001bf8   0x08001bf8   0x00000284   Code   RO         1710    i.HAL_DMA_Abort_IT  stm32h7xx_hal_dma.o
    0x08001e7c   0x08001e7c   0x000006e8   Code   RO         1714    i.HAL_DMA_IRQHandler  stm32h7xx_hal_dma.o
    0x08002564   0x08002564   0x000003bc   Code   RO         1715    i.HAL_DMA_Init      stm32h7xx_hal_dma.o
    0x08002920   0x08002920   0x0000029c   Code   RO         1719    i.HAL_DMA_Start_IT  stm32h7xx_hal_dma.o
    0x08002bbc   0x08002bbc   0x00000088   Code   RO         3348    i.HAL_FDCAN_ActivateNotification  stm32h7xx_hal_fdcan.o
    0x08002c44   0x08002c44   0x00000066   Code   RO         3350    i.HAL_FDCAN_AddMessageToTxFifoQ  stm32h7xx_hal_fdcan.o
    0x08002caa   0x08002caa   0x00000002   Code   RO         3351    i.HAL_FDCAN_ClockCalibrationCallback  stm32h7xx_hal_fdcan.o
    0x08002cac   0x08002cac   0x00000002   Code   RO         3377    i.HAL_FDCAN_ErrorCallback  stm32h7xx_hal_fdcan.o
    0x08002cae   0x08002cae   0x00000002   Code   RO         3378    i.HAL_FDCAN_ErrorStatusCallback  stm32h7xx_hal_fdcan.o
    0x08002cb0   0x08002cb0   0x00000194   Code   RO         3389    i.HAL_FDCAN_GetRxMessage  stm32h7xx_hal_fdcan.o
    0x08002e44   0x08002e44   0x00000002   Code   RO         3395    i.HAL_FDCAN_HighPriorityMessageCallback  stm32h7xx_hal_fdcan.o
    0x08002e46   0x08002e46   0x00000002   PAD
    0x08002e48   0x08002e48   0x00000320   Code   RO         3396    i.HAL_FDCAN_IRQHandler  stm32h7xx_hal_fdcan.o
    0x08003168   0x08003168   0x00000244   Code   RO         3397    i.HAL_FDCAN_Init    stm32h7xx_hal_fdcan.o
    0x080033ac   0x080033ac   0x000001cc   Code   RO          488    i.HAL_FDCAN_MspInit  fdcan.o
    0x08003578   0x08003578   0x00000002   Code   RO         3406    i.HAL_FDCAN_RxBufferNewMessageCallback  stm32h7xx_hal_fdcan.o
    0x0800357a   0x0800357a   0x00000002   PAD
    0x0800357c   0x0800357c   0x0000002c   Code   RO         6895    i.HAL_FDCAN_RxFifo0Callback  bsp_can.o
    0x080035a8   0x080035a8   0x00000002   Code   RO         3408    i.HAL_FDCAN_RxFifo1Callback  stm32h7xx_hal_fdcan.o
    0x080035aa   0x080035aa   0x00000032   Code   RO         3409    i.HAL_FDCAN_Start   stm32h7xx_hal_fdcan.o
    0x080035dc   0x080035dc   0x00000002   Code   RO         3431    i.HAL_FDCAN_TT_GlobalTimeCallback  stm32h7xx_hal_fdcan.o
    0x080035de   0x080035de   0x00000002   Code   RO         3432    i.HAL_FDCAN_TT_ScheduleSyncCallback  stm32h7xx_hal_fdcan.o
    0x080035e0   0x080035e0   0x00000002   Code   RO         3437    i.HAL_FDCAN_TT_StopWatchCallback  stm32h7xx_hal_fdcan.o
    0x080035e2   0x080035e2   0x00000002   Code   RO         3438    i.HAL_FDCAN_TT_TimeMarkCallback  stm32h7xx_hal_fdcan.o
    0x080035e4   0x080035e4   0x00000002   Code   RO         3439    i.HAL_FDCAN_TimeoutOccurredCallback  stm32h7xx_hal_fdcan.o
    0x080035e6   0x080035e6   0x00000002   Code   RO         3440    i.HAL_FDCAN_TimestampWraparoundCallback  stm32h7xx_hal_fdcan.o
    0x080035e8   0x080035e8   0x00000002   Code   RO         3441    i.HAL_FDCAN_TxBufferAbortCallback  stm32h7xx_hal_fdcan.o
    0x080035ea   0x080035ea   0x00000002   Code   RO         3442    i.HAL_FDCAN_TxBufferCompleteCallback  stm32h7xx_hal_fdcan.o
    0x080035ec   0x080035ec   0x00000002   Code   RO         3443    i.HAL_FDCAN_TxEventFifoCallback  stm32h7xx_hal_fdcan.o
    0x080035ee   0x080035ee   0x00000002   Code   RO         3444    i.HAL_FDCAN_TxFifoEmptyCallback  stm32h7xx_hal_fdcan.o
    0x080035f0   0x080035f0   0x0000021c   Code   RO         1557    i.HAL_GPIO_Init     stm32h7xx_hal_gpio.o
    0x0800380c   0x0800380c   0x0000000a   Code   RO         1561    i.HAL_GPIO_WritePin  stm32h7xx_hal_gpio.o
    0x08003816   0x08003816   0x00000002   PAD
    0x08003818   0x08003818   0x0000000c   Code   RO         2422    i.HAL_GetTick       stm32h7xx_hal.o
    0x08003824   0x08003824   0x00000010   Code   RO         2428    i.HAL_IncTick       stm32h7xx_hal.o
    0x08003834   0x08003834   0x0000005c   Code   RO         2429    i.HAL_Init          stm32h7xx_hal.o
    0x08003890   0x08003890   0x00000084   Code   RO          904    i.HAL_InitTick      stm32h7xx_hal_timebase_tim.o
    0x08003914   0x08003914   0x00000024   Code   RO          880    i.HAL_MspInit       stm32h7xx_hal_msp.o
    0x08003938   0x08003938   0x0000001a   Code   RO          949    i.HAL_NVIC_EnableIRQ  stm32h7xx_hal_cortex.o
    0x08003952   0x08003952   0x00000002   PAD
    0x08003954   0x08003954   0x00000040   Code   RO          955    i.HAL_NVIC_SetPriority  stm32h7xx_hal_cortex.o
    0x08003994   0x08003994   0x00000024   Code   RO          956    i.HAL_NVIC_SetPriorityGrouping  stm32h7xx_hal_cortex.o
    0x080039b8   0x080039b8   0x00000418   Code   RO         3963    i.HAL_OSPIM_Config  stm32h7xx_hal_ospi.o
    0x08003dd0   0x08003dd0   0x00000108   Code   RO         3981    i.HAL_OSPI_Init     stm32h7xx_hal_ospi.o
    0x08003ed8   0x08003ed8   0x00000150   Code   RO          547    i.HAL_OSPI_MspInit  octospi.o
    0x08004028   0x08004028   0x00000054   Code   RO         2158    i.HAL_PWREx_ConfigSupply  stm32h7xx_hal_pwr_ex.o
    0x0800407c   0x0800407c   0x00000024   Code   RO         1200    i.HAL_RCCEx_GetD3PCLK1Freq  stm32h7xx_hal_rcc_ex.o
    0x080040a0   0x080040a0   0x00000144   Code   RO         1202    i.HAL_RCCEx_GetPLL2ClockFreq  stm32h7xx_hal_rcc_ex.o
    0x080041e4   0x080041e4   0x00000144   Code   RO         1203    i.HAL_RCCEx_GetPLL3ClockFreq  stm32h7xx_hal_rcc_ex.o
    0x08004328   0x08004328   0x0000093a   Code   RO         1209    i.HAL_RCCEx_PeriphCLKConfig  stm32h7xx_hal_rcc_ex.o
    0x08004c62   0x08004c62   0x00000002   Code   RO         1084    i.HAL_RCC_CSSCallback  stm32h7xx_hal_rcc.o
    0x08004c64   0x08004c64   0x0000025c   Code   RO         1085    i.HAL_RCC_ClockConfig  stm32h7xx_hal_rcc.o
    0x08004ec0   0x08004ec0   0x00000010   Code   RO         1088    i.HAL_RCC_EnableCSS  stm32h7xx_hal_rcc.o
    0x08004ed0   0x08004ed0   0x0000005c   Code   RO         1089    i.HAL_RCC_GetClockConfig  stm32h7xx_hal_rcc.o
    0x08004f2c   0x08004f2c   0x00000044   Code   RO         1090    i.HAL_RCC_GetHCLKFreq  stm32h7xx_hal_rcc.o
    0x08004f70   0x08004f70   0x00000024   Code   RO         1092    i.HAL_RCC_GetPCLK1Freq  stm32h7xx_hal_rcc.o
    0x08004f94   0x08004f94   0x00000024   Code   RO         1093    i.HAL_RCC_GetPCLK2Freq  stm32h7xx_hal_rcc.o
    0x08004fb8   0x08004fb8   0x00000138   Code   RO         1094    i.HAL_RCC_GetSysClockFreq  stm32h7xx_hal_rcc.o
    0x080050f0   0x080050f0   0x00000020   Code   RO         1096    i.HAL_RCC_NMI_IRQHandler  stm32h7xx_hal_rcc.o
    0x08005110   0x08005110   0x00000526   Code   RO         1097    i.HAL_RCC_OscConfig  stm32h7xx_hal_rcc.o
    0x08005636   0x08005636   0x00000002   PAD
    0x08005638   0x08005638   0x0000017c   Code   RO         4238    i.HAL_SPI_Init      stm32h7xx_hal_spi.o
    0x080057b4   0x080057b4   0x00000114   Code   RO          589    i.HAL_SPI_MspInit   spi.o
    0x080058c8   0x080058c8   0x0000024e   Code   RO         4247    i.HAL_SPI_Transmit  stm32h7xx_hal_spi.o
    0x08005b16   0x08005b16   0x0000027c   Code   RO         4248    i.HAL_SPI_TransmitReceive  stm32h7xx_hal_spi.o
    0x08005d92   0x08005d92   0x00000002   Code   RO         5272    i.HAL_TIMEx_Break2Callback  stm32h7xx_hal_tim_ex.o
    0x08005d94   0x08005d94   0x00000002   Code   RO         5273    i.HAL_TIMEx_BreakCallback  stm32h7xx_hal_tim_ex.o
    0x08005d96   0x08005d96   0x00000002   Code   RO         5274    i.HAL_TIMEx_CommutCallback  stm32h7xx_hal_tim_ex.o
    0x08005d98   0x08005d98   0x000000c4   Code   RO         5276    i.HAL_TIMEx_ConfigBreakDeadTime  stm32h7xx_hal_tim_ex.o
    0x08005e5c   0x08005e5c   0x000000b8   Code   RO         5295    i.HAL_TIMEx_MasterConfigSynchronization  stm32h7xx_hal_tim_ex.o
    0x08005f14   0x08005f14   0x00000062   Code   RO         4558    i.HAL_TIM_Base_Init  stm32h7xx_hal_tim.o
    0x08005f76   0x08005f76   0x00000002   Code   RO         4560    i.HAL_TIM_Base_MspInit  stm32h7xx_hal_tim.o
    0x08005f78   0x08005f78   0x000000a0   Code   RO         4563    i.HAL_TIM_Base_Start_IT  stm32h7xx_hal_tim.o
    0x08006018   0x08006018   0x00000002   Code   RO         4592    i.HAL_TIM_IC_CaptureCallback  stm32h7xx_hal_tim.o
    0x0800601a   0x0800601a   0x00000182   Code   RO         4606    i.HAL_TIM_IRQHandler  stm32h7xx_hal_tim.o
    0x0800619c   0x0800619c   0x000000b0   Code   RO          636    i.HAL_TIM_MspPostInit  tim.o
    0x0800624c   0x0800624c   0x00000002   Code   RO         4609    i.HAL_TIM_OC_DelayElapsedCallback  stm32h7xx_hal_tim.o
    0x0800624e   0x0800624e   0x00000124   Code   RO         4630    i.HAL_TIM_PWM_ConfigChannel  stm32h7xx_hal_tim.o
    0x08006372   0x08006372   0x00000062   Code   RO         4633    i.HAL_TIM_PWM_Init  stm32h7xx_hal_tim.o
    0x080063d4   0x080063d4   0x00000060   Code   RO          638    i.HAL_TIM_PWM_MspInit  tim.o
    0x08006434   0x08006434   0x00000002   Code   RO         4636    i.HAL_TIM_PWM_PulseFinishedCallback  stm32h7xx_hal_tim.o
    0x08006436   0x08006436   0x00000002   PAD
    0x08006438   0x08006438   0x00000124   Code   RO         4638    i.HAL_TIM_PWM_Start  stm32h7xx_hal_tim.o
    0x0800655c   0x0800655c   0x00000014   Code   RO           14    i.HAL_TIM_PeriodElapsedCallback  main.o
    0x08006570   0x08006570   0x00000002   Code   RO         4649    i.HAL_TIM_TriggerCallback  stm32h7xx_hal_tim.o
    0x08006572   0x08006572   0x00000040   Code   RO         5995    i.HAL_UARTEx_DisableFifoMode  stm32h7xx_hal_uart_ex.o
    0x080065b2   0x080065b2   0x0000004a   Code   RO         6001    i.HAL_UARTEx_ReceiveToIdle_DMA  stm32h7xx_hal_uart_ex.o
    0x080065fc   0x080065fc   0x00000070   Code   RO         7085    i.HAL_UARTEx_RxEventCallback  bsp_usart.o
    0x0800666c   0x0800666c   0x00000002   Code   RO         6003    i.HAL_UARTEx_RxFifoFullCallback  stm32h7xx_hal_uart_ex.o
    0x0800666e   0x0800666e   0x0000004c   Code   RO         6004    i.HAL_UARTEx_SetRxFifoThreshold  stm32h7xx_hal_uart_ex.o
    0x080066ba   0x080066ba   0x0000004c   Code   RO         6005    i.HAL_UARTEx_SetTxFifoThreshold  stm32h7xx_hal_uart_ex.o
    0x08006706   0x08006706   0x00000002   Code   RO         6007    i.HAL_UARTEx_TxFifoEmptyCallback  stm32h7xx_hal_uart_ex.o
    0x08006708   0x08006708   0x00000002   Code   RO         6008    i.HAL_UARTEx_WakeupCallback  stm32h7xx_hal_uart_ex.o
    0x0800670a   0x0800670a   0x00000002   PAD
    0x0800670c   0x0800670c   0x00000030   Code   RO         7086    i.HAL_UART_ErrorCallback  bsp_usart.o
    0x0800673c   0x0800673c   0x00000388   Code   RO         5603    i.HAL_UART_IRQHandler  stm32h7xx_hal_uart.o
    0x08006ac4   0x08006ac4   0x0000006a   Code   RO         5604    i.HAL_UART_Init     stm32h7xx_hal_uart.o
    0x08006b2e   0x08006b2e   0x00000002   PAD
    0x08006b30   0x08006b30   0x00000240   Code   RO          697    i.HAL_UART_MspInit  usart.o
    0x08006d70   0x08006d70   0x00000002   Code   RO         5611    i.HAL_UART_RxCpltCallback  stm32h7xx_hal_uart.o
    0x08006d72   0x08006d72   0x00000002   Code   RO         5612    i.HAL_UART_RxHalfCpltCallback  stm32h7xx_hal_uart.o
    0x08006d74   0x08006d74   0x000000b0   Code   RO         5613    i.HAL_UART_Transmit  stm32h7xx_hal_uart.o
    0x08006e24   0x08006e24   0x00000002   Code   RO         5616    i.HAL_UART_TxCpltCallback  stm32h7xx_hal_uart.o
    0x08006e26   0x08006e26   0x00000002   Code   RO          761    i.HardFault_Handler  stm32h7xx_it.o
    0x08006e28   0x08006e28   0x0000007c   Code   RO         7132    i.Line_Draw         rm_cilent_ui.o
    0x08006ea4   0x08006ea4   0x0000004c   Code   RO          463    i.MX_DMA_Init       dma.o
    0x08006ef0   0x08006ef0   0x00000064   Code   RO          489    i.MX_FDCAN1_Init    fdcan.o
    0x08006f54   0x08006f54   0x00000068   Code   RO          490    i.MX_FDCAN2_Init    fdcan.o
    0x08006fbc   0x08006fbc   0x00000068   Code   RO          491    i.MX_FDCAN3_Init    fdcan.o
    0x08007024   0x08007024   0x000000b0   Code   RO          275    i.MX_FREERTOS_Init  freertos.o
    0x080070d4   0x080070d4   0x000000bc   Code   RO          247    i.MX_GPIO_Init      gpio.o
    0x08007190   0x08007190   0x00000074   Code   RO          548    i.MX_OCTOSPI2_Init  octospi.o
    0x08007204   0x08007204   0x00000064   Code   RO          590    i.MX_SPI2_Init      spi.o
    0x08007268   0x08007268   0x00000064   Code   RO          591    i.MX_SPI6_Init      spi.o
    0x080072cc   0x080072cc   0x00000074   Code   RO          639    i.MX_TIM12_Init     tim.o
    0x08007340   0x08007340   0x000000bc   Code   RO          640    i.MX_TIM1_Init      tim.o
    0x080073fc   0x080073fc   0x00000074   Code   RO          641    i.MX_TIM3_Init      tim.o
    0x08007470   0x08007470   0x0000006c   Code   RO          698    i.MX_UART5_Init     usart.o
    0x080074dc   0x080074dc   0x00000068   Code   RO          699    i.MX_UART7_Init     usart.o
    0x08007544   0x08007544   0x00000068   Code   RO          700    i.MX_USART1_UART_Init  usart.o
    0x080075ac   0x080075ac   0x000001ec   Code   RO         9011    i.MahonyAHRSupdateIMU  mahonyahrs.o
    0x08007798   0x08007798   0x00000002   Code   RO          762    i.MemManage_Handler  stm32h7xx_it.o
    0x0800779a   0x0800779a   0x00000006   Code   RO          763    i.NMI_Handler       stm32h7xx_it.o
    0x080077a0   0x080077a0   0x000000dc   Code   RO         3999    i.OSPIM_GetConfig   stm32h7xx_hal_ospi.o
    0x0800787c   0x0800787c   0x00000048   Code   RO         4004    i.OSPI_WaitFlagStateUntilTimeout  stm32h7xx_hal_ospi.o
    0x080078c4   0x080078c4   0x00000114   Code   RO         6480    i.One_SolvePack     cp.o
    0x080079d8   0x080079d8   0x00000026   Code   RO         9146    i.PID_Init          pid.o
    0x080079fe   0x080079fe   0x00000092   Code   RO         9147    i.PID_cale          pid.o
    0x08007a90   0x08007a90   0x00000120   Code   RO         1212    i.RCCEx_PLL2_Config  stm32h7xx_hal_rcc_ex.o
    0x08007bb0   0x08007bb0   0x00000120   Code   RO         1213    i.RCCEx_PLL3_Config  stm32h7xx_hal_rcc_ex.o
    0x08007cd0   0x08007cd0   0x00000018   Code   RO         6326    i.REMOTE_TASK       remote_task.o
    0x08007ce8   0x08007ce8   0x00000050   Code   RO         8971    i.RM_motor_send     rm_motor.o
    0x08007d38   0x08007d38   0x0000008a   Code   RO         7133    i.Rectangle_Draw    rm_cilent_ui.o
    0x08007dc2   0x08007dc2   0x00000002   PAD
    0x08007dc4   0x08007dc4   0x00000090   Code   RO         6327    i.Remote_decode     remote_task.o
    0x08007e54   0x08007e54   0x000000bc   Code   RO         4258    i.SPI_CloseTransfer  stm32h7xx_hal_spi.o
    0x08007f10   0x08007f10   0x00000046   Code   RO         4275    i.SPI_WaitOnFlagUntilTimeout  stm32h7xx_hal_spi.o
    0x08007f56   0x08007f56   0x00000020   Code   RO         9184    i.SZ_math_MeanFilt  z_math.o
    0x08007f76   0x08007f76   0x00000002   PAD
    0x08007f78   0x08007f78   0x00000050   Code   RO         7228    i.SendDate_TO_chassis  bsp_senddate.o
    0x08007fc8   0x08007fc8   0x00000018   Code   RO         7229    i.SendDate_loading_angle  bsp_senddate.o
    0x08007fe0   0x08007fe0   0x00000018   Code   RO         7231    i.SendDate_loading_speed  bsp_senddate.o
    0x08007ff8   0x08007ff8   0x0000005c   Code   RO         6681    i.Servos_task       servos_task.o
    0x08008054   0x08008054   0x00000008   Code   RO          276    i.StartDefaultTask  freertos.o
    0x0800805c   0x0800805c   0x0000001a   Code   RO         8394    i.SysTick_Handler   cmsis_os2.o
    0x08008076   0x08008076   0x00000002   PAD
    0x08008078   0x08008078   0x00000098   Code   RO           15    i.SystemClock_Config  main.o
    0x08008110   0x08008110   0x000000c0   Code   RO         6114    i.SystemInit        system_stm32h7xx.o
    0x080081d0   0x080081d0   0x0000000c   Code   RO          764    i.TIM23_IRQHandler  stm32h7xx_it.o
    0x080081dc   0x080081dc   0x000000d8   Code   RO         4651    i.TIM_Base_SetConfig  stm32h7xx_hal_tim.o
    0x080082b4   0x080082b4   0x0000001a   Code   RO         4652    i.TIM_CCxChannelCmd  stm32h7xx_hal_tim.o
    0x080082ce   0x080082ce   0x00000002   PAD
    0x080082d0   0x080082d0   0x000000a8   Code   RO         4664    i.TIM_OC1_SetConfig  stm32h7xx_hal_tim.o
    0x08008378   0x08008378   0x00000098   Code   RO         4665    i.TIM_OC2_SetConfig  stm32h7xx_hal_tim.o
    0x08008410   0x08008410   0x00000098   Code   RO         4666    i.TIM_OC3_SetConfig  stm32h7xx_hal_tim.o
    0x080084a8   0x080084a8   0x00000078   Code   RO         4667    i.TIM_OC4_SetConfig  stm32h7xx_hal_tim.o
    0x08008520   0x08008520   0x00000074   Code   RO         4668    i.TIM_OC5_SetConfig  stm32h7xx_hal_tim.o
    0x08008594   0x08008594   0x00000074   Code   RO         4669    i.TIM_OC6_SetConfig  stm32h7xx_hal_tim.o
    0x08008608   0x08008608   0x0000000c   Code   RO          765    i.UART5_IRQHandler  stm32h7xx_it.o
    0x08008614   0x08008614   0x00000044   Code   RO         6009    i.UARTEx_SetNbDataToProcess  stm32h7xx_hal_uart_ex.o
    0x08008658   0x08008658   0x000000c8   Code   RO         5618    i.UART_AdvFeatureConfig  stm32h7xx_hal_uart.o
    0x08008720   0x08008720   0x000000aa   Code   RO         5619    i.UART_CheckIdleState  stm32h7xx_hal_uart.o
    0x080087ca   0x080087ca   0x00000014   Code   RO         5620    i.UART_DMAAbortOnError  stm32h7xx_hal_uart.o
    0x080087de   0x080087de   0x0000004e   Code   RO         5621    i.UART_DMAError     stm32h7xx_hal_uart.o
    0x0800882c   0x0800882c   0x00000082   Code   RO         5622    i.UART_DMAReceiveCplt  stm32h7xx_hal_uart.o
    0x080088ae   0x080088ae   0x00000020   Code   RO         5624    i.UART_DMARxHalfCplt  stm32h7xx_hal_uart.o
    0x080088ce   0x080088ce   0x00000002   PAD
    0x080088d0   0x080088d0   0x00000054   Code   RO         5630    i.UART_EndRxTransfer  stm32h7xx_hal_uart.o
    0x08008924   0x08008924   0x0000002e   Code   RO         5631    i.UART_EndTxTransfer  stm32h7xx_hal_uart.o
    0x08008952   0x08008952   0x00000002   PAD
    0x08008954   0x08008954   0x000003dc   Code   RO         5636    i.UART_SetConfig    stm32h7xx_hal_uart.o
    0x08008d30   0x08008d30   0x000000a8   Code   RO         5637    i.UART_Start_Receive_DMA  stm32h7xx_hal_uart.o
    0x08008dd8   0x08008dd8   0x0000008c   Code   RO         5643    i.UART_WaitOnFlagUntilTimeout  stm32h7xx_hal_uart.o
    0x08008e64   0x08008e64   0x0000011c   Code   RO         7135    i.UI_ReFresh        rm_cilent_ui.o
    0x08008f80   0x08008f80   0x00000080   Code   RO         6589    i.UI_Task_Init      ui_task.o
    0x08009000   0x08009000   0x00000168   Code   RO         6590    i.UI_task           ui_task.o
    0x08009168   0x08009168   0x0000000c   Code   RO          766    i.USART1_IRQHandler  stm32h7xx_it.o
    0x08009174   0x08009174   0x00000002   Code   RO          767    i.UsageFault_Handler  stm32h7xx_it.o
    0x08009176   0x08009176   0x00000002   PAD
    0x08009178   0x08009178   0x0000009c   Code   RO         6715    i.WS2812_Ctrl       bsp_ws1812.o
    0x08009214   0x08009214   0x00000026   Code   RO         9414    i.__ARM_fpclassifyf  m_wv.l(fpclassifyf.o)
    0x0800923a   0x0800923a   0x00000022   Code   RO          962    i.__NVIC_SetPriority  stm32h7xx_hal_cortex.o
    0x0800925c   0x0800925c   0x00000138   Code   RO         9290    i.__hardfp_asinf    m_wv.l(asinf.o)
    0x08009394   0x08009394   0x00000258   Code   RO         9302    i.__hardfp_atan2f   m_wv.l(atan2f.o)
    0x080095ec   0x080095ec   0x00000006   Code   RO         9417    i.__mathlib_flt_infnan  m_wv.l(funder.o)
    0x080095f2   0x080095f2   0x00000006   Code   RO         9418    i.__mathlib_flt_infnan2  m_wv.l(funder.o)
    0x080095f8   0x080095f8   0x00000010   Code   RO         9419    i.__mathlib_flt_invalid  m_wv.l(funder.o)
    0x08009608   0x08009608   0x00000010   Code   RO         9422    i.__mathlib_flt_underflow  m_wv.l(funder.o)
    0x08009618   0x08009618   0x00000110   Code   RO         6948    i.bmi088_accel_init  bmi088driver.o
    0x08009728   0x08009728   0x000000e0   Code   RO         6949    i.bmi088_gyro_init  bmi088driver.o
    0x08009808   0x08009808   0x0000005c   Code   RO         6256    i.buzzer_task       buzzer_task.o
    0x08009864   0x08009864   0x00000044   Code   RO         6896    i.can_bsp_init      bsp_can.o
    0x080098a8   0x080098a8   0x000000e4   Code   RO         6481    i.cp_solve_date     cp.o
    0x0800998c   0x0800998c   0x0000001a   Code   RO         6897    i.fdcanx_receive    bsp_can.o
    0x080099a6   0x080099a6   0x0000002a   Code   RO         6898    i.fdcanx_send_data  bsp_can.o
    0x080099d0   0x080099d0   0x0000002c   Code   RO         9046    i.get_CRC16_check_sum  crc8_crc16.o
    0x080099fc   0x080099fc   0x0000001c   Code   RO         9047    i.get_CRC8_check_sum  crc8_crc16.o
    0x08009a18   0x08009a18   0x0000000c   Code   RO         6482    i.get_chassis_power_buf  cp.o
    0x08009a24   0x08009a24   0x00000008   Code   RO         6328    i.get_remote_msg_p  remote_task.o
    0x08009a2c   0x08009a2c   0x0000000c   Code   RO         6484    i.get_robot_id      cp.o
    0x08009a38   0x08009a38   0x000001cc   Code   RO         6186    i.ins_task          imu_task.o
    0x08009c04   0x08009c04   0x0000002c   Code   RO         9012    i.invSqrt           mahonyahrs.o
    0x08009c30   0x08009c30   0x0000001e   Code   RO         9148    i.lim_max           pid.o
    0x08009c4e   0x08009c4e   0x00000002   PAD
    0x08009c50   0x08009c50   0x0000009c   Code   RO           16    i.main              main.o
    0x08009cec   0x08009cec   0x0000005c   Code   RO         8972    i.motor_msg_decode_3508  rm_motor.o
    0x08009d48   0x08009d48   0x000000b8   Code   RO         8973    i.motor_msg_decode_6020  rm_motor.o
    0x08009e00   0x08009e00   0x0000001c   Code   RO         8395    i.osDelay           cmsis_os2.o
    0x08009e1c   0x08009e1c   0x00000024   Code   RO         8409    i.osKernelInitialize  cmsis_os2.o
    0x08009e40   0x08009e40   0x00000038   Code   RO         8412    i.osKernelStart     cmsis_os2.o
    0x08009e78   0x08009e78   0x00000090   Code   RO         8449    i.osThreadNew       cmsis_os2.o
    0x08009f08   0x08009f08   0x0000005c   Code   RO         7855    i.prvAddCurrentTaskToDelayedList  tasks.o
    0x08009f64   0x08009f64   0x000000d0   Code   RO         7856    i.prvAddNewTaskToReadyList  tasks.o
    0x0800a034   0x0800a034   0x00000058   Code   RO         8220    i.prvCheckForValidListAndQueue  timers.o
    0x0800a08c   0x0800a08c   0x00000026   Code   RO         7452    i.prvCopyDataFromQueue  queue.o
    0x0800a0b2   0x0800a0b2   0x0000006c   Code   RO         7453    i.prvCopyDataToQueue  queue.o
    0x0800a11e   0x0800a11e   0x00000034   Code   RO         7857    i.prvDeleteTCB      tasks.o
    0x0800a152   0x0800a152   0x00000002   PAD
    0x0800a154   0x0800a154   0x00000050   Code   RO         8836    i.prvHeapInit       heap_4.o
    0x0800a1a4   0x0800a1a4   0x00000060   Code   RO         7858    i.prvIdleTask       tasks.o
    0x0800a204   0x0800a204   0x00000022   Code   RO         7455    i.prvInitialiseNewQueue  queue.o
    0x0800a226   0x0800a226   0x000000b0   Code   RO         7859    i.prvInitialiseNewTask  tasks.o
    0x0800a2d6   0x0800a2d6   0x00000002   PAD
    0x0800a2d8   0x0800a2d8   0x0000004c   Code   RO         8837    i.prvInsertBlockIntoFreeList  heap_4.o
    0x0800a324   0x0800a324   0x0000003c   Code   RO         8222    i.prvInsertTimerInActiveList  timers.o
    0x0800a360   0x0800a360   0x0000001c   Code   RO         7456    i.prvIsQueueEmpty   queue.o
    0x0800a37c   0x0800a37c   0x000000f8   Code   RO         8223    i.prvProcessReceivedCommands  timers.o
    0x0800a474   0x0800a474   0x000000c0   Code   RO         8224    i.prvProcessTimerOrBlockTask  timers.o
    0x0800a534   0x0800a534   0x00000020   Code   RO         7861    i.prvResetNextTaskUnblockTime  tasks.o
    0x0800a554   0x0800a554   0x00000028   Code   RO         8225    i.prvSampleTimeNow  timers.o
    0x0800a57c   0x0800a57c   0x0000006c   Code   RO         8226    i.prvSwitchTimerLists  timers.o
    0x0800a5e8   0x0800a5e8   0x00000028   Code   RO         8892    i.prvTaskExitError  port.o
    0x0800a610   0x0800a610   0x00000024   Code   RO         8227    i.prvTimerTask      timers.o
    0x0800a634   0x0800a634   0x0000006a   Code   RO         7457    i.prvUnlockQueue    queue.o
    0x0800a69e   0x0800a69e   0x00000002   PAD
    0x0800a6a0   0x0800a6a0   0x000000dc   Code   RO         8838    i.pvPortMalloc      heap_4.o
    0x0800a77c   0x0800a77c   0x00000030   Code   RO         8893    i.pxPortInitialiseStack  port.o
    0x0800a7ac   0x0800a7ac   0x0000003e   Code   RO         9432    i.sqrtf             m_wv.l(sqrtf.o)
    0x0800a7ea   0x0800a7ea   0x00000026   Code   RO         7412    i.uxListRemove      list.o
    0x0800a810   0x0800a810   0x00000018   Code   RO         8455    i.vApplicationGetIdleTaskMemory  cmsis_os2.o
    0x0800a828   0x0800a828   0x00000018   Code   RO         8456    i.vApplicationGetTimerTaskMemory  cmsis_os2.o
    0x0800a840   0x0800a840   0x00000016   Code   RO         7413    i.vListInitialise   list.o
    0x0800a856   0x0800a856   0x00000006   Code   RO         7414    i.vListInitialiseItem  list.o
    0x0800a85c   0x0800a85c   0x00000030   Code   RO         7415    i.vListInsert       list.o
    0x0800a88c   0x0800a88c   0x00000018   Code   RO         7416    i.vListInsertEnd    list.o
    0x0800a8a4   0x0800a8a4   0x00000040   Code   RO         8895    i.vPortEnterCritical  port.o
    0x0800a8e4   0x0800a8e4   0x00000028   Code   RO         8896    i.vPortExitCritical  port.o
    0x0800a90c   0x0800a90c   0x00000064   Code   RO         8839    i.vPortFree         heap_4.o
    0x0800a970   0x0800a970   0x00000024   Code   RO         8897    i.vPortSetupTimerInterrupt  port.o
    0x0800a994   0x0800a994   0x00000054   Code   RO         8898    i.vPortValidateInterruptPriority  port.o
    0x0800a9e8   0x0800a9e8   0x00000028   Code   RO         7463    i.vQueueAddToRegistry  queue.o
    0x0800aa10   0x0800aa10   0x00000044   Code   RO         7467    i.vQueueWaitForMessageRestricted  queue.o
    0x0800aa54   0x0800aa54   0x0000004c   Code   RO         7874    i.vTaskDelay        tasks.o
    0x0800aaa0   0x0800aaa0   0x00000010   Code   RO         7879    i.vTaskInternalSetTimeOutState  tasks.o
    0x0800aab0   0x0800aab0   0x0000000c   Code   RO         7880    i.vTaskMissedYield  tasks.o
    0x0800aabc   0x0800aabc   0x00000030   Code   RO         7882    i.vTaskPlaceOnEventList  tasks.o
    0x0800aaec   0x0800aaec   0x00000038   Code   RO         7883    i.vTaskPlaceOnEventListRestricted  tasks.o
    0x0800ab24   0x0800ab24   0x00000088   Code   RO         7891    i.vTaskStartScheduler  tasks.o
    0x0800abac   0x0800abac   0x00000010   Code   RO         7893    i.vTaskSuspendAll   tasks.o
    0x0800abbc   0x0800abbc   0x00000064   Code   RO         7894    i.vTaskSwitchContext  tasks.o
    0x0800ac20   0x0800ac20   0x0000003c   Code   RO         9048    i.verify_CRC16_check_sum  crc8_crc16.o
    0x0800ac5c   0x0800ac5c   0x00000026   Code   RO         9049    i.verify_CRC8_check_sum  crc8_crc16.o
    0x0800ac82   0x0800ac82   0x00000002   PAD
    0x0800ac84   0x0800ac84   0x0000004e   Code   RO         6150    i.ws2812_task       ws2812_task.o
    0x0800acd2   0x0800acd2   0x00000002   PAD
    0x0800acd4   0x0800acd4   0x000000f4   Code   RO         8899    i.xPortStartScheduler  port.o
    0x0800adc8   0x0800adc8   0x0000002c   Code   RO         8900    i.xPortSysTickHandler  port.o
    0x0800adf4   0x0800adf4   0x00000066   Code   RO         7473    i.xQueueGenericCreateStatic  queue.o
    0x0800ae5a   0x0800ae5a   0x00000002   PAD
    0x0800ae5c   0x0800ae5c   0x00000094   Code   RO         7474    i.xQueueGenericReset  queue.o
    0x0800aef0   0x0800aef0   0x00000160   Code   RO         7475    i.xQueueGenericSend  queue.o
    0x0800b050   0x0800b050   0x000000be   Code   RO         7476    i.xQueueGenericSendFromISR  queue.o
    0x0800b10e   0x0800b10e   0x00000002   PAD
    0x0800b110   0x0800b110   0x0000013c   Code   RO         7485    i.xQueueReceive     queue.o
    0x0800b24c   0x0800b24c   0x00000078   Code   RO         7896    i.xTaskCheckForTimeOut  tasks.o
    0x0800b2c4   0x0800b2c4   0x0000005a   Code   RO         7897    i.xTaskCreate       tasks.o
    0x0800b31e   0x0800b31e   0x00000056   Code   RO         7898    i.xTaskCreateStatic  tasks.o
    0x0800b374   0x0800b374   0x0000001c   Code   RO         7902    i.xTaskGetSchedulerState  tasks.o
    0x0800b390   0x0800b390   0x0000000c   Code   RO         7903    i.xTaskGetTickCount  tasks.o
    0x0800b39c   0x0800b39c   0x000000c8   Code   RO         7905    i.xTaskIncrementTick  tasks.o
    0x0800b464   0x0800b464   0x0000007c   Code   RO         7908    i.xTaskPriorityDisinherit  tasks.o
    0x0800b4e0   0x0800b4e0   0x00000070   Code   RO         7910    i.xTaskRemoveFromEventList  tasks.o
    0x0800b550   0x0800b550   0x000000c4   Code   RO         7911    i.xTaskResumeAll    tasks.o
    0x0800b614   0x0800b614   0x00000060   Code   RO         8236    i.xTimerCreateTimerTask  timers.o
    0x0800b674   0x0800b674   0x00000068   Code   RO         8237    i.xTimerGenericCommand  timers.o
    0x0800b6dc   0x0800b6dc   0x0000000a   Code   RO         9486    x$fpl$fpinit        fz_wv.l(fpinit.o)
    0x0800b6e6   0x0800b6e6   0x00000000   Code   RO         9413    x$fpl$usenofp       fz_wv.l(usenofp.o)
    0x0800b6e6   0x0800b6e6   0x00000002   PAD
    0x0800b6e8   0x0800b6e8   0x00000144   Data   RO          277    .constdata          freertos.o
    0x0800b82c   0x0800b82c   0x00000008   Data   RO         1721    .constdata          stm32h7xx_hal_dma.o
    0x0800b834   0x0800b834   0x0000005c   Data   RO         3445    .constdata          stm32h7xx_hal_fdcan.o
    0x0800b890   0x0800b890   0x00000018   Data   RO         5644    .constdata          stm32h7xx_hal_uart.o
    0x0800b8a8   0x0800b8a8   0x00000010   Data   RO         6010    .constdata          stm32h7xx_hal_uart_ex.o
    0x0800b8b8   0x0800b8b8   0x00000010   Data   RO         6115    .constdata          system_stm32h7xx.o
    0x0800b8c8   0x0800b8c8   0x0000000c   Data   RO         6429    .constdata          gym_task.o
    0x0800b8d4   0x0800b8d4   0x00000300   Data   RO         7138    .constdata          rm_cilent_ui.o
    0x0800bbd4   0x0800bbd4   0x00000300   Data   RO         9051    .constdata          crc8_crc16.o
    0x0800bed4   0x0800bed4   0x00000065   Data   RO          278    .conststring        freertos.o
    0x0800bf39   0x0800bf39   0x00000003   PAD
    0x0800bf3c   0x0800bf3c   0x00000020   Data   RO         9575    Region$$Table       anon$$obj.o


    Execution Region RW_IRAM1 (Exec base: 0x20000000, Load base: 0x0800bf5c, Size: 0x00000000, Max: 0x00020000, ABSOLUTE)

    **** No section assigned to this execution region ****


    Execution Region RW_IRAM2 (Exec base: 0x24000000, Load base: 0x0800bf5c, Size: 0x000066a8, Max: 0x00050000, ABSOLUTE, COMPRESSED[0x00000050])

    Exec Addr    Load Addr    Size         Type   Attr      Idx    E Section Name        Object

    0x24000000   COMPRESSED   0x00000024   Data   RW          279    .data               freertos.o
    0x24000024   COMPRESSED   0x00000004   Data   RW          493    .data               fdcan.o
    0x24000028   COMPRESSED   0x0000000c   Data   RW         2453    .data               stm32h7xx_hal.o
    0x24000034   COMPRESSED   0x00000008   Data   RW         6116    .data               system_stm32h7xx.o
    0x2400003c   COMPRESSED   0x00000014   Data   RW         6188    .data               imu_task.o
    0x24000050   COMPRESSED   0x00000001   Data   RW         6257    .data               buzzer_task.o
    0x24000051   COMPRESSED   0x00000001   PAD
    0x24000052   COMPRESSED   0x0000000c   Data   RW         6290    .data               ck_timeout_task.o
    0x2400005e   COMPRESSED   0x00000010   Data   RW         6430    .data               gym_task.o
    0x2400006e   COMPRESSED   0x0000001e   Data   RW         6486    .data               cp.o
    0x2400008c   COMPRESSED   0x00000004   Data   RW         6592    .data               ui_task.o
    0x24000090   COMPRESSED   0x00000004   Data   RW         6682    .data               servos_task.o
    0x24000094   COMPRESSED   0x0000002c   Data   RW         6950    .data               bmi088driver.o
    0x240000c0   COMPRESSED   0x00000001   Data   RW         7140    .data               rm_cilent_ui.o
    0x240000c1   COMPRESSED   0x00000003   PAD
    0x240000c4   COMPRESSED   0x0000003c   Data   RW         7914    .data               tasks.o
    0x24000100   COMPRESSED   0x00000014   Data   RW         8245    .data               timers.o
    0x24000114   COMPRESSED   0x00000004   Data   RW         8458    .data               cmsis_os2.o
    0x24000118   COMPRESSED   0x00000020   Data   RW         8845    .data               heap_4.o
    0x24000138   COMPRESSED   0x0000000c   Data   RW         8901    .data               port.o
    0x24000144   COMPRESSED   0x00000014   Data   RW         9013    .data               mahonyahrs.o
    0x24000158   COMPRESSED   0x00000002   Data   RW         9052    .data               crc8_crc16.o
    0x2400015a   COMPRESSED   0x00000002   PAD
    0x2400015c        -       0x000001e0   Zero   RW          492    .bss                fdcan.o
    0x2400033c        -       0x0000005c   Zero   RW          549    .bss                octospi.o
    0x24000398        -       0x00000110   Zero   RW          592    .bss                spi.o
    0x240004a8        -       0x000000e4   Zero   RW          642    .bss                tim.o
    0x2400058c        -       0x00000324   Zero   RW          701    .bss                usart.o
    0x240008b0        -       0x0000004c   Zero   RW          907    .bss                stm32h7xx_hal_timebase_tim.o
    0x240008fc        -       0x00000058   Zero   RW         6187    .bss                imu_task.o
    0x24000954        -       0x00000020   Zero   RW         6289    .bss                ck_timeout_task.o
    0x24000974        -       0x00000016   Zero   RW         6329    .bss                remote_task.o
    0x2400098a   COMPRESSED   0x00000002   PAD
    0x2400098c        -       0x00000214   Zero   RW         6428    .bss                gym_task.o
    0x24000ba0        -       0x000004e0   Zero   RW         6485    .bss                cp.o
    0x24001080        -       0x0000004b   Zero   RW         6591    .bss                ui_task.o
    0x240010cb   COMPRESSED   0x00000001   PAD
    0x240010cc        -       0x0000018c   Zero   RW         6643    .bss                shoot_task.o
    0x24001258        -       0x00000417   Zero   RW         7087    .bss                bsp_usart.o
    0x2400166f   COMPRESSED   0x00000001   PAD
    0x24001670        -       0x00000040   Zero   RW         7489    .bss                queue.o
    0x240016b0        -       0x000004c4   Zero   RW         7913    .bss                tasks.o
    0x24001b74        -       0x00000118   Zero   RW         8244    .bss                timers.o
    0x24001c8c        -       0x000003b8   Zero   RW         8457    .bss                cmsis_os2.o
    0x24002044        -       0x00003c00   Zero   RW         8844    .bss                heap_4.o
    0x24005c44        -       0x00000060   Zero   RW         9445    .bss                c_w.l(libspace.o)
    0x24005ca4   COMPRESSED   0x00000004   PAD
    0x24005ca8        -       0x00000200   Zero   RW            2    HEAP                startup_stm32h723xx.o
    0x24005ea8        -       0x00000800   Zero   RW            1    STACK               startup_stm32h723xx.o


==============================================================================

Image component sizes


      Code (inc. data)   RO Data    RW Data    ZI Data      Debug   Object Name

       940         16          0         44          0       6550   bmi088driver.o
       172         28          0          0          0       4728   bmi088middleware.o
       180         24          0          0          0       3167   bsp_can.o
        80         18          0          0          0       1100   bsp_motor.o
       128          6          0          0          0       3124   bsp_senddate.o
       160         36          0          0       1047       2193   bsp_usart.o
       156          6          0          0          0        894   bsp_ws1812.o
        92         14          0          1          0       1547   buzzer_task.o
       136         20          0         12         32       2793   ck_timeout_task.o
       338         24          0          4        952      71283   cmsis_os2.o
       568         34          0         30       1248       8723   cp.o
        12          4          0          0          0       1014   cp_usart.o
       170         16        768          2          0       3827   crc8_crc16.o
        76          4          0          0          0        938   dma.o
         0          0          0          0          0      19464   event_groups.o
       768         52          0          4        480       3653   fdcan.o
       122          0          0          0          0       2816   fifo.o
       184         48        425         36          0    1267146   freertos.o
       188          8          0          0          0       1179   gpio.o
       224         20          0          0          0       7594   gym_behave.o
      1020        106         12         16        532       4584   gym_task.o
       476         24          0         32      15360       5059   heap_4.o
       672         56          0         20         88       4398   imu_task.o
       138          0          0          0          0       3750   list.o
       536         22          0         20          0       2094   mahonyahrs.o
       332         28          0          0          0    1235618   main.o
       452         36          0          0         92       2235   octospi.o
       214          0          0          0          0       2806   pid.o
       790         84          0         12          0      11781   port.o
      1530         22          0          0         64      17800   queue.o
       176         10          0          0         22       3771   remote_task.o
       618         26        768          1          0       8328   rm_cilent_ui.o
       356         24          0          0          0       3232   rm_motor.o
        92         12          0          4          0       1648   servos_task.o
         0          0          0          0        396       1593   shoot_task.o
       476         46          0          0        272       2770   spi.o
        64         26        716          0       2560        848   startup_stm32h723xx.o
       120         28          0         12          0      22434   stm32h7xx_hal.o
       160         12          0          0          0      38882   stm32h7xx_hal_cortex.o
      5980        242          8          0          0      12186   stm32h7xx_hal_dma.o
      2672         48         92          0          0      20900   stm32h7xx_hal_fdcan.o
       550         44          0          0          0       2352   stm32h7xx_hal_gpio.o
        36          4          0          0          0        978   stm32h7xx_hal_msp.o
      1604         38          0          0          0       5957   stm32h7xx_hal_ospi.o
        84          6          0          0          0        801   stm32h7xx_hal_pwr_ex.o
      2516        120          0          0          0       9636   stm32h7xx_hal_rcc.o
      3622        112          0          0          0       7905   stm32h7xx_hal_rcc_ex.o
      1864         14          0          0          0       6904   stm32h7xx_hal_spi.o
      2402        284          0          0          0      15687   stm32h7xx_hal_tim.o
       386         46          0          0          0       4344   stm32h7xx_hal_tim_ex.o
       132         22          0          0         76       1624   stm32h7xx_hal_timebase_tim.o
      3248        160         24          0          0      35031   stm32h7xx_hal_uart.o
       364          6         16          0          0       6533   stm32h7xx_hal_uart_ex.o
       160         72          0          0          0       8721   stm32h7xx_it.o
         0          0          0          0          0        388   stream_buffer.o
       192         34         16          8          0       1534   system_stm32h7xx.o
      2084        162          0         60       1220      27384   tasks.o
       692         68          0          0        228       4219   tim.o
       972         84          0         20        280      32439   timers.o
       488         44          0          4         75       4978   ui_task.o
       892         72          0          0        804       3939   usart.o
        78          0          0          0          0       1134   ws2812_task.o
        32          0          0          0          0       1371   z_math.o

    ----------------------------------------------------------------------
     44024       2622       2880        348      25832    3004309   Object Totals
         0          0         32          0          0          0   (incl. Generated)
        58          0          3          6          4          0   (incl. Padding)

    ----------------------------------------------------------------------

      Code (inc. data)   RO Data    RW Data    ZI Data      Debug   Library Member Name

        90          0          0          0          0          0   __dczerorl2.o
         8          0          0          0          0         68   __main.o
         0          0          0          0          0          0   __rtentry.o
        12          0          0          0          0          0   __rtentry2.o
         6          0          0          0          0          0   __rtentry4.o
        52          8          0          0          0          0   __scatter.o
        28          0          0          0          0          0   __scatter_zi.o
        22          0          0          0          0        100   _rserrno.o
        16          0          0          0          0         68   aeabi_memset.o
        18          0          0          0          0         80   exit.o
         6          0          0          0          0        152   heapauxi.o
         0          0          0          0          0          0   indicate_semi.o
         2          0          0          0          0          0   libinit.o
         6          0          0          0          0          0   libinit2.o
         2          0          0          0          0          0   libshutdown.o
         2          0          0          0          0          0   libshutdown2.o
         8          4          0          0         96         68   libspace.o
       238          0          0          0          0        100   lludivv7m.o
         8          4          0          0          0         68   rt_errno_addr_intlibspace.o
        68          0          0          0          0         68   rt_memclr.o
        78          0          0          0          0         80   rt_memclr_w.o
       138          0          0          0          0         68   rt_memcpy_v6.o
       100          0          0          0          0         80   rt_memcpy_w.o
         2          0          0          0          0          0   rtexit.o
        10          0          0          0          0          0   rtexit2.o
        12          4          0          0          0         68   sys_exit.o
        74          0          0          0          0         80   sys_stackheap_outer.o
         2          0          0          0          0         68   use_no_semi.o
        10          0          0          0          0        116   fpinit.o
         0          0          0          0          0          0   usenofp.o
       312         54          0          0          0        176   asinf.o
       600         98          0          0          0        184   atan2f.o
        38          0          0          0          0        116   fpclassifyf.o
        44         12          0          0          0        464   funder.o
        62          0          0          0          0        136   sqrtf.o

    ----------------------------------------------------------------------
      2084        184          0          0        100       2408   Library Totals
        10          0          0          0          4          0   (incl. Padding)

    ----------------------------------------------------------------------

      Code (inc. data)   RO Data    RW Data    ZI Data      Debug   Library Name

      1008         20          0          0         96       1216   c_w.l
        10          0          0          0          0        116   fz_wv.l
      1056        164          0          0          0       1076   m_wv.l

    ----------------------------------------------------------------------
      2084        184          0          0        100       2408   Library Totals

    ----------------------------------------------------------------------

==============================================================================


      Code (inc. data)   RO Data    RW Data    ZI Data      Debug   

     46108       2806       2880        348      25932    2975545   Grand Totals
     46108       2806       2880         80      25932    2975545   ELF Image Totals (compressed)
     46108       2806       2880         80          0          0   ROM Totals

==============================================================================

    Total RO  Size (Code + RO Data)                48988 (  47.84kB)
    Total RW  Size (RW Data + ZI Data)             26280 (  25.66kB)
    Total ROM Size (Code + RO Data + RW Data)      49068 (  47.92kB)

==============================================================================

