Component: ARM Compiler 5.06 update 6 (build 750) Tool: armlink [4d35ed]

==============================================================================

Section Cross References

    startup_stm32h723xx.o(STACK) refers (Special) to heapauxi.o(.text) for __use_two_region_memory
    startup_stm32h723xx.o(HEAP) refers (Special) to heapauxi.o(.text) for __use_two_region_memory
    startup_stm32h723xx.o(RESET) refers (Special) to heapauxi.o(.text) for __use_two_region_memory
    startup_stm32h723xx.o(RESET) refers to startup_stm32h723xx.o(STACK) for __initial_sp
    startup_stm32h723xx.o(RESET) refers to startup_stm32h723xx.o(.text) for Reset_Handler
    startup_stm32h723xx.o(RESET) refers to stm32h7xx_it.o(i.NMI_Handler) for NMI_Handler
    startup_stm32h723xx.o(RESET) refers to stm32h7xx_it.o(i.HardFault_Handler) for HardFault_Handler
    startup_stm32h723xx.o(RESET) refers to stm32h7xx_it.o(i.MemManage_Handler) for MemManage_Handler
    startup_stm32h723xx.o(RESET) refers to stm32h7xx_it.o(i.BusFault_Handler) for BusFault_Handler
    startup_stm32h723xx.o(RESET) refers to stm32h7xx_it.o(i.UsageFault_Handler) for UsageFault_Handler
    startup_stm32h723xx.o(RESET) refers to port.o(.emb_text) for SVC_Handler
    startup_stm32h723xx.o(RESET) refers to stm32h7xx_it.o(i.DebugMon_Handler) for DebugMon_Handler
    startup_stm32h723xx.o(RESET) refers to cmsis_os2.o(i.SysTick_Handler) for SysTick_Handler
    startup_stm32h723xx.o(RESET) refers to stm32h7xx_it.o(i.DMA1_Stream2_IRQHandler) for DMA1_Stream2_IRQHandler
    startup_stm32h723xx.o(RESET) refers to stm32h7xx_it.o(i.DMA1_Stream5_IRQHandler) for DMA1_Stream5_IRQHandler
    startup_stm32h723xx.o(RESET) refers to stm32h7xx_it.o(i.FDCAN1_IT0_IRQHandler) for FDCAN1_IT0_IRQHandler
    startup_stm32h723xx.o(RESET) refers to stm32h7xx_it.o(i.FDCAN2_IT0_IRQHandler) for FDCAN2_IT0_IRQHandler
    startup_stm32h723xx.o(RESET) refers to stm32h7xx_it.o(i.FDCAN1_IT1_IRQHandler) for FDCAN1_IT1_IRQHandler
    startup_stm32h723xx.o(RESET) refers to stm32h7xx_it.o(i.FDCAN2_IT1_IRQHandler) for FDCAN2_IT1_IRQHandler
    startup_stm32h723xx.o(RESET) refers to stm32h7xx_it.o(i.USART1_IRQHandler) for USART1_IRQHandler
    startup_stm32h723xx.o(RESET) refers to stm32h7xx_it.o(i.UART5_IRQHandler) for UART5_IRQHandler
    startup_stm32h723xx.o(RESET) refers to stm32h7xx_it.o(i.DMA2_Stream1_IRQHandler) for DMA2_Stream1_IRQHandler
    startup_stm32h723xx.o(RESET) refers to stm32h7xx_it.o(i.FDCAN3_IT0_IRQHandler) for FDCAN3_IT0_IRQHandler
    startup_stm32h723xx.o(RESET) refers to stm32h7xx_it.o(i.FDCAN3_IT1_IRQHandler) for FDCAN3_IT1_IRQHandler
    startup_stm32h723xx.o(RESET) refers to stm32h7xx_it.o(i.TIM23_IRQHandler) for TIM23_IRQHandler
    startup_stm32h723xx.o(.text) refers (Special) to heapauxi.o(.text) for __use_two_region_memory
    startup_stm32h723xx.o(.text) refers to system_stm32h7xx.o(i.SystemInit) for SystemInit
    startup_stm32h723xx.o(.text) refers to __main.o(!!!main) for __main
    startup_stm32h723xx.o(.text) refers to startup_stm32h723xx.o(HEAP) for Heap_Mem
    startup_stm32h723xx.o(.text) refers to startup_stm32h723xx.o(STACK) for Stack_Mem
    main.o(i.HAL_TIM_PeriodElapsedCallback) refers to stm32h7xx_hal.o(i.HAL_IncTick) for HAL_IncTick
    main.o(i.SystemClock_Config) refers to rt_memclr_w.o(.text) for __aeabi_memclr4
    main.o(i.SystemClock_Config) refers to stm32h7xx_hal_pwr_ex.o(i.HAL_PWREx_ConfigSupply) for HAL_PWREx_ConfigSupply
    main.o(i.SystemClock_Config) refers to stm32h7xx_hal_rcc.o(i.HAL_RCC_OscConfig) for HAL_RCC_OscConfig
    main.o(i.SystemClock_Config) refers to main.o(i.Error_Handler) for Error_Handler
    main.o(i.SystemClock_Config) refers to stm32h7xx_hal_rcc.o(i.HAL_RCC_ClockConfig) for HAL_RCC_ClockConfig
    main.o(i.SystemClock_Config) refers to stm32h7xx_hal_rcc.o(i.HAL_RCC_EnableCSS) for HAL_RCC_EnableCSS
    main.o(i.main) refers to stm32h7xx_hal.o(i.HAL_Init) for HAL_Init
    main.o(i.main) refers to main.o(i.SystemClock_Config) for SystemClock_Config
    main.o(i.main) refers to gpio.o(i.MX_GPIO_Init) for MX_GPIO_Init
    main.o(i.main) refers to dma.o(i.MX_DMA_Init) for MX_DMA_Init
    main.o(i.main) refers to octospi.o(i.MX_OCTOSPI2_Init) for MX_OCTOSPI2_Init
    main.o(i.main) refers to fdcan.o(i.MX_FDCAN1_Init) for MX_FDCAN1_Init
    main.o(i.main) refers to fdcan.o(i.MX_FDCAN2_Init) for MX_FDCAN2_Init
    main.o(i.main) refers to fdcan.o(i.MX_FDCAN3_Init) for MX_FDCAN3_Init
    main.o(i.main) refers to spi.o(i.MX_SPI2_Init) for MX_SPI2_Init
    main.o(i.main) refers to tim.o(i.MX_TIM3_Init) for MX_TIM3_Init
    main.o(i.main) refers to tim.o(i.MX_TIM12_Init) for MX_TIM12_Init
    main.o(i.main) refers to spi.o(i.MX_SPI6_Init) for MX_SPI6_Init
    main.o(i.main) refers to usart.o(i.MX_UART5_Init) for MX_UART5_Init
    main.o(i.main) refers to usart.o(i.MX_USART1_UART_Init) for MX_USART1_UART_Init
    main.o(i.main) refers to tim.o(i.MX_TIM1_Init) for MX_TIM1_Init
[...]
    HAL_FDCAN_TxBufferCompleteCallback       0x080045f1   Thumb Code     2  stm32h7xx_hal_fdcan.o(i.HAL_FDCAN_TxBufferCompleteCallback)
    HAL_FDCAN_TxEventFifoCallback            0x080045f3   Thumb Code     2  stm32h7xx_hal_fdcan.o(i.HAL_FDCAN_TxEventFifoCallback)
    HAL_FDCAN_TxFifoEmptyCallback            0x080045f5   Thumb Code     2  stm32h7xx_hal_fdcan.o(i.HAL_FDCAN_TxFifoEmptyCallback)
    HAL_GPIO_Init                            0x080045f9   Thumb Code   446  stm32h7xx_hal_gpio.o(i.HAL_GPIO_Init)
    HAL_GPIO_WritePin                        0x080047e9   Thumb Code    12  stm32h7xx_hal_gpio.o(i.HAL_GPIO_WritePin)
    HAL_GetTick                              0x080047f5   Thumb Code     6  stm32h7xx_hal.o(i.HAL_GetTick)
    HAL_IncTick                              0x08004801   Thumb Code    16  stm32h7xx_hal.o(i.HAL_IncTick)
    HAL_Init                                 0x08004819   Thumb Code    80  stm32h7xx_hal.o(i.HAL_Init)
    HAL_InitTick                             0x08004879   Thumb Code   128  stm32h7xx_hal_timebase_tim.o(i.HAL_InitTick)
    HAL_MspInit                              0x0800490d   Thumb Code    42  stm32h7xx_hal_msp.o(i.HAL_MspInit)
    HAL_NVIC_EnableIRQ                       0x0800493d   Thumb Code    40  stm32h7xx_hal_cortex.o(i.HAL_NVIC_EnableIRQ)
    HAL_NVIC_SetPriority                     0x08004965   Thumb Code   122  stm32h7xx_hal_cortex.o(i.HAL_NVIC_SetPriority)
    HAL_NVIC_SetPriorityGrouping             0x080049e1   Thumb Code    32  stm32h7xx_hal_cortex.o(i.HAL_NVIC_SetPriorityGrouping)
    HAL_OSPIM_Config                         0x08004a09   Thumb Code  1772  stm32h7xx_hal_ospi.o(i.HAL_OSPIM_Config)
    HAL_OSPI_Init                            0x08005101   Thumb Code   268  stm32h7xx_hal_ospi.o(i.HAL_OSPI_Init)
    HAL_OSPI_MspInit                         0x08005211   Thumb Code   396  octospi.o(i.HAL_OSPI_MspInit)
    HAL_OSPI_SetTimeout                      0x080053b5   Thumb Code     8  stm32h7xx_hal_ospi.o(i.HAL_OSPI_SetTimeout)
    HAL_PWREx_ConfigSupply                   0x080053bd   Thumb Code    90  stm32h7xx_hal_pwr_ex.o(i.HAL_PWREx_ConfigSupply)
    HAL_RCCEx_GetD3PCLK1Freq                 0x0800541d   Thumb Code    26  stm32h7xx_hal_rcc_ex.o(i.HAL_RCCEx_GetD3PCLK1Freq)
    HAL_RCCEx_GetPLL2ClockFreq               0x08005441   Thumb Code   536  stm32h7xx_hal_rcc_ex.o(i.HAL_RCCEx_GetPLL2ClockFreq)
    HAL_RCCEx_GetPLL3ClockFreq               0x08005671   Thumb Code   536  stm32h7xx_hal_rcc_ex.o(i.HAL_RCCEx_GetPLL3ClockFreq)
    HAL_RCCEx_PeriphCLKConfig                0x080058a1   Thumb Code  3272  stm32h7xx_hal_rcc_ex.o(i.HAL_RCCEx_PeriphCLKConfig)
    HAL_RCC_CSSCallback                      0x08006569   Thumb Code     2  stm32h7xx_hal_rcc.o(i.HAL_RCC_CSSCallback)
    HAL_RCC_ClockConfig                      0x0800656d   Thumb Code   774  stm32h7xx_hal_rcc.o(i.HAL_RCC_ClockConfig)
    HAL_RCC_EnableCSS                        0x0800688d   Thumb Code    14  stm32h7xx_hal_rcc.o(i.HAL_RCC_EnableCSS)
    HAL_RCC_GetClockConfig                   0x080068a1   Thumb Code    98  stm32h7xx_hal_rcc.o(i.HAL_RCC_GetClockConfig)
    HAL_RCC_GetHCLKFreq                      0x0800690d   Thumb Code    60  stm32h7xx_hal_rcc.o(i.HAL_RCC_GetHCLKFreq)
    HAL_RCC_GetPCLK1Freq                     0x08006959   Thumb Code    26  stm32h7xx_hal_rcc.o(i.HAL_RCC_GetPCLK1Freq)
    HAL_RCC_GetPCLK2Freq                     0x0800697d   Thumb Code    26  stm32h7xx_hal_rcc.o(i.HAL_RCC_GetPCLK2Freq)
    HAL_RCC_GetSysClockFreq                  0x080069a1   Thumb Code   524  stm32h7xx_hal_rcc.o(i.HAL_RCC_GetSysClockFreq)
    HAL_RCC_NMI_IRQHandler                   0x08006bcd   Thumb Code    32  stm32h7xx_hal_rcc.o(i.HAL_RCC_NMI_IRQHandler)
    HAL_RCC_OscConfig                        0x08006bf1   Thumb Code  1874  stm32h7xx_hal_rcc.o(i.HAL_RCC_OscConfig)
    HAL_SPI_Init                             0x0800734d   Thumb Code   420  stm32h7xx_hal_spi.o(i.HAL_SPI_Init)
    HAL_SPI_MspInit                          0x080074fd   Thumb Code   330  spi.o(i.HAL_SPI_MspInit)
    HAL_SPI_Transmit                         0x08007661   Thumb Code   724  stm32h7xx_hal_spi.o(i.HAL_SPI_Transmit)
    HAL_SPI_TransmitReceive                  0x08007935   Thumb Code   770  stm32h7xx_hal_spi.o(i.HAL_SPI_TransmitReceive)
    HAL_TIMEx_Break2Callback                 0x08007c37   Thumb Code     2  stm32h7xx_hal_tim_ex.o(i.HAL_TIMEx_Break2Callback)
    HAL_TIMEx_BreakCallback                  0x08007c39   Thumb Code     2  stm32h7xx_hal_tim_ex.o(i.HAL_TIMEx_BreakCallback)
    HAL_TIMEx_CommutCallback                 0x08007c3b   Thumb Code     2  stm32h7xx_hal_tim_ex.o(i.HAL_TIMEx_CommutCallback)
    HAL_TIMEx_ConfigBreakDeadTime            0x08007c3d   Thumb Code   224  stm32h7xx_hal_tim_ex.o(i.HAL_TIMEx_ConfigBreakDeadTime)
    HAL_TIMEx_MasterConfigSynchronization    0x08007d25   Thumb Code   190  stm32h7xx_hal_tim_ex.o(i.HAL_TIMEx_MasterConfigSynchronization)
    HAL_TIM_Base_Init                        0x08007e09   Thumb Code   110  stm32h7xx_hal_tim.o(i.HAL_TIM_Base_Init)
    HAL_TIM_Base_MspInit                     0x08007e77   Thumb Code     2  stm32h7xx_hal_tim.o(i.HAL_TIM_Base_MspInit)
    HAL_TIM_Base_Start_IT                    0x08007e79   Thumb Code   162  stm32h7xx_hal_tim.o(i.HAL_TIM_Base_Start_IT)
    HAL_TIM_IC_CaptureCallback               0x08007f45   Thumb Code     2  stm32h7xx_hal_tim.o(i.HAL_TIM_IC_CaptureCallback)
    HAL_TIM_IRQHandler                       0x08007f47   Thumb Code   440  stm32h7xx_hal_tim.o(i.HAL_TIM_IRQHandler)
    HAL_TIM_MspPostInit                      0x08008101   Thumb Code   212  tim.o(i.HAL_TIM_MspPostInit)
    HAL_TIM_OC_DelayElapsedCallback          0x080081ed   Thumb Code     2  stm32h7xx_hal_tim.o(i.HAL_TIM_OC_DelayElapsedCallback)
    HAL_TIM_PWM_ConfigChannel                0x080081ef   Thumb Code   368  stm32h7xx_hal_tim.o(i.HAL_TIM_PWM_ConfigChannel)
    HAL_TIM_PWM_Init                         0x0800835f   Thumb Code   110  stm32h7xx_hal_tim.o(i.HAL_TIM_PWM_Init)
    HAL_TIM_PWM_MspInit                      0x080083cd   Thumb Code   120  tim.o(i.HAL_TIM_PWM_MspInit)
    HAL_TIM_PWM_PulseFinishedCallback        0x08008455   Thumb Code     2  stm32h7xx_hal_tim.o(i.HAL_TIM_PWM_PulseFinishedCallback)
    HAL_TIM_PWM_Start                        0x08008459   Thumb Code   330  stm32h7xx_hal_tim.o(i.HAL_TIM_PWM_Start)
    HAL_TIM_PeriodElapsedCallback            0x080085d5   Thumb Code    18  main.o(i.HAL_TIM_PeriodElapsedCallback)
    HAL_TIM_TriggerCallback                  0x080085ed   Thumb Code     2  stm32h7xx_hal_tim.o(i.HAL_TIM_TriggerCallback)
    HAL_UARTEx_DisableFifoMode               0x080085ef   Thumb Code    78  stm32h7xx_hal_uart_ex.o(i.HAL_UARTEx_DisableFifoMode)
    HAL_UARTEx_ReceiveToIdle_DMA             0x0800863d   Thumb Code    98  stm32h7xx_hal_uart_ex.o(i.HAL_UARTEx_ReceiveToIdle_DMA)
    HAL_UARTEx_RxEventCallback               0x080086a1   Thumb Code    86  bsp_usart.o(i.HAL_UARTEx_RxEventCallback)
    HAL_UARTEx_RxFifoFullCallback            0x08008711   Thumb Code     2  stm32h7xx_hal_uart_ex.o(i.HAL_UARTEx_RxFifoFullCallback)
    HAL_UARTEx_SetRxFifoThreshold            0x08008713   Thumb Code    94  stm32h7xx_hal_uart_ex.o(i.HAL_UARTEx_SetRxFifoThreshold)
    HAL_UARTEx_SetTxFifoThreshold            0x08008771   Thumb Code    94  stm32h7xx_hal_uart_ex.o(i.HAL_UARTEx_SetTxFifoThreshold)
    HAL_UARTEx_TxFifoEmptyCallback           0x080087cf   Thumb Code     2  stm32h7xx_hal_uart_ex.o(i.HAL_UARTEx_TxFifoEmptyCallback)
    HAL_UARTEx_WakeupCallback                0x080087d1   Thumb Code     2  stm32h7xx_hal_uart_ex.o(i.HAL_UARTEx_WakeupCallback)
    HAL_UART_ErrorCallback                   0x080087d5   Thumb Code    32  bsp_usart.o(i.HAL_UART_ErrorCallback)
    HAL_UART_IRQHandler                      0x08008801   Thumb Code  1172  stm32h7xx_hal_uart.o(i.HAL_UART_IRQHandler)
    HAL_UART_Init                            0x08008c95   Thumb Code   120  stm32h7xx_hal_uart.o(i.HAL_UART_Init)
    HAL_UART_MspInit                         0x08008d0d   Thumb Code   678  usart.o(i.HAL_UART_MspInit)
    HAL_UART_RxCpltCallback                  0x08008fed   Thumb Code     2  stm32h7xx_hal_uart.o(i.HAL_UART_RxCpltCallback)
    HAL_UART_RxHalfCpltCallback              0x08008fef   Thumb Code     2  stm32h7xx_hal_uart.o(i.HAL_UART_RxHalfCpltCallback)
    HAL_UART_Transmit                        0x08008ff1   Thumb Code   194  stm32h7xx_hal_uart.o(i.HAL_UART_Transmit)
    HAL_UART_TxCpltCallback                  0x080090b3   Thumb Code     2  stm32h7xx_hal_uart.o(i.HAL_UART_TxCpltCallback)
    HardFault_Handler                        0x080090b5   Thumb Code     4  stm32h7xx_it.o(i.HardFault_Handler)
    Line_Draw                                0x080090b9   Thumb Code   148  rm_cilent_ui.o(i.Line_Draw)
    MX_DMA_Init                              0x0800914d   Thumb Code   106  dma.o(i.MX_DMA_Init)
    MX_FDCAN1_Init                           0x080091bd   Thumb Code   114  fdcan.o(i.MX_FDCAN1_Init)
    MX_FDCAN2_Init                           0x08009239   Thumb Code   116  fdcan.o(i.MX_FDCAN2_Init)
    MX_FDCAN3_Init                           0x080092b5   Thumb Code   116  fdcan.o(i.MX_FDCAN3_Init)
    MX_FREERTOS_Init                         0x08009331   Thumb Code   130  freertos.o(i.MX_FREERTOS_Init)
    MX_GPIO_Init                             0x08009421   Thumb Code   244  gpio.o(i.MX_GPIO_Init)
    MX_OCTOSPI2_Init                         0x0800951d   Thumb Code   120  octospi.o(i.MX_OCTOSPI2_Init)
    MX_SPI2_Init                             0x0800959d   Thumb Code    90  spi.o(i.MX_SPI2_Init)
    MX_SPI6_Init                             0x08009601   Thumb Code    90  spi.o(i.MX_SPI6_Init)
    MX_TIM12_Init                            0x08009665   Thumb Code   116  tim.o(i.MX_TIM12_Init)
    MX_TIM1_Init                             0x080096e1   Thumb Code   200  tim.o(i.MX_TIM1_Init)
    MX_TIM3_Init                             0x080097b1   Thumb Code   118  tim.o(i.MX_TIM3_Init)
    MX_UART5_Init                            0x08009831   Thumb Code   102  usart.o(i.MX_UART5_Init)
    MX_UART7_Init                            0x080098a5   Thumb Code    98  usart.o(i.MX_UART7_Init)
    MX_USART1_UART_Init                      0x08009911   Thumb Code    98  usart.o(i.MX_USART1_UART_Init)
    MahonyAHRSupdateIMU                      0x0800997d   Thumb Code   726  mahonyahrs.o(i.MahonyAHRSupdateIMU)
    MemManage_Handler                        0x08009c75   Thumb Code     4  stm32h7xx_it.o(i.MemManage_Handler)
    NMI_Handler                              0x08009c79   Thumb Code     8  stm32h7xx_it.o(i.NMI_Handler)
    PID_Init                                 0x08009efd   Thumb Code    40  pid.o(i.PID_Init)
    PID_cale                                 0x08009f25   Thumb Code   202  pid.o(i.PID_cale)
    REMOTE_TASK                              0x0800a2b9   Thumb Code    24  remote_task.o(i.REMOTE_TASK)
    RM_motor_send                            0x0800a2d1   Thumb Code    92  rm_motor.o(i.RM_motor_send)
    Rectangle_Draw                           0x0800a32d   Thumb Code   164  rm_cilent_ui.o(i.Rectangle_Draw)
    SZ_math_MeanFilt                         0x0800a5ef   Thumb Code    36  z_math.o(i.SZ_math_MeanFilt)
    SendDate_TO_chassis                      0x0800a615   Thumb Code    82  bsp_senddate.o(i.SendDate_TO_chassis)
    SendDate_loading_angle                   0x0800a66d   Thumb Code    26  bsp_senddate.o(i.SendDate_loading_angle)
    SendDate_loading_speed                   0x0800a687   Thumb Code    26  bsp_senddate.o(i.SendDate_loading_speed)
    Servos_task                              0x0800a6a1   Thumb Code    78  servos_task.o(i.Servos_task)
    StartDefaultTask                         0x0800a6f9   Thumb Code    10  freertos.o(i.StartDefaultTask)
    SysTick_Handler                          0x0800a703   Thumb Code    22  cmsis_os2.o(i.SysTick_Handler)
    SystemClock_Config                       0x0800a719   Thumb Code   182  main.o(i.SystemClock_Config)
    SystemInit                               0x0800a7d5   Thumb Code   192  system_stm32h7xx.o(i.SystemInit)
    TIM23_IRQHandler                         0x0800a8b5   Thumb Code    10  stm32h7xx_it.o(i.TIM23_IRQHandler)
    TIM_Base_SetConfig                       0x0800a8c5   Thumb Code   182  stm32h7xx_hal_tim.o(i.TIM_Base_SetConfig)
    TIM_CCxChannelCmd                        0x0800a9a5   Thumb Code    34  stm32h7xx_hal_tim.o(i.TIM_CCxChannelCmd)
    TIM_OC2_SetConfig                        0x0800aa75   Thumb Code   156  stm32h7xx_hal_tim.o(i.TIM_OC2_SetConfig)
    UART5_IRQHandler                         0x0800ad31   Thumb Code    10  stm32h7xx_it.o(i.UART5_IRQHandler)
    UART_AdvFeatureConfig                    0x0800ad99   Thumb Code   248  stm32h7xx_hal_uart.o(i.UART_AdvFeatureConfig)
    UART_CheckIdleState                      0x0800ae91   Thumb Code   234  stm32h7xx_hal_uart.o(i.UART_CheckIdleState)
    UART_SetConfig                           0x0800b1a1   Thumb Code  1558  stm32h7xx_hal_uart.o(i.UART_SetConfig)
    UART_Start_Receive_DMA                   0x0800b7c9   Thumb Code   186  stm32h7xx_hal_uart.o(i.UART_Start_Receive_DMA)
    UART_WaitOnFlagUntilTimeout              0x0800b891   Thumb Code   162  stm32h7xx_hal_uart.o(i.UART_WaitOnFlagUntilTimeout)
    UI_ReFresh                               0x0800b935   Thumb Code   320  rm_cilent_ui.o(i.UI_ReFresh)
    UI_task                                  0x0800bb3d   Thumb Code   342  ui_task.o(i.UI_task)
    USART1_IRQHandler                        0x0800bcbd   Thumb Code    10  stm32h7xx_it.o(i.USART1_IRQHandler)
    UsageFault_Handler                       0x0800bccd   Thumb Code     4  stm32h7xx_it.o(i.UsageFault_Handler)
    WS2812_Ctrl                              0x0800bcd1   Thumb Code   170  bsp_ws1812.o(i.WS2812_Ctrl)
    __ARM_fpclassifyf                        0x0800bd81   Thumb Code    38  fpclassifyf.o(i.__ARM_fpclassifyf)
    __hardfp_asinf                           0x0800bde9   Thumb Code   258  asinf.o(i.__hardfp_asinf)
    __hardfp_atan2f                          0x0800bf21   Thumb Code   502  atan2f.o(i.__hardfp_atan2f)
    __mathlib_flt_infnan                     0x0800c179   Thumb Code     6  funder.o(i.__mathlib_flt_infnan)
    __mathlib_flt_infnan2                    0x0800c17f   Thumb Code     6  funder.o(i.__mathlib_flt_infnan2)
    __mathlib_flt_invalid                    0x0800c185   Thumb Code    10  funder.o(i.__mathlib_flt_invalid)
    __mathlib_flt_underflow                  0x0800c195   Thumb Code    10  funder.o(i.__mathlib_flt_underflow)
    bmi088_accel_init                        0x0800c1a5   Thumb Code   290  bmi088driver.o(i.bmi088_accel_init)
    bmi088_gyro_init                         0x0800c2cd   Thumb Code   238  bmi088driver.o(i.bmi088_gyro_init)
    buzzer_task                              0x0800c3c1   Thumb Code    70  buzzer_task.o(i.buzzer_task)
    can_bsp_init                             0x0800c40d   Thumb Code    52  bsp_can.o(i.can_bsp_init)
    fdcanx_receive                           0x0800c641   Thumb Code    32  bsp_can.o(i.fdcanx_receive)
    fdcanx_send_data                         0x0800c661   Thumb Code    58  bsp_can.o(i.fdcanx_send_data)
    get_CRC16_check_sum                      0x0800c69d   Thumb Code    46  crc8_crc16.o(i.get_CRC16_check_sum)
    get_CRC8_check_sum                       0x0800c6d1   Thumb Code    30  crc8_crc16.o(i.get_CRC8_check_sum)
    get_chassis_power_buf                    0x0800c6f5   Thumb Code     6  cp.o(i.get_chassis_power_buf)
    get_remote_msg_p                         0x0800c701   Thumb Code     4  remote_task.o(i.get_remote_msg_p)
    get_robot_id                             0x0800c709   Thumb Code     8  cp.o(i.get_robot_id)
    ins_task                                 0x0800c715   Thumb Code   636  imu_task.o(i.ins_task)
    invSqrt                                  0x0800c9e1   Thumb Code    56  mahonyahrs.o(i.invSqrt)
    main                                     0x0800ca4d   Thumb Code   242  main.o(i.main)
    motor_msg_decode_3508                    0x0800cb59   Thumb Code   158  rm_motor.o(i.motor_msg_decode_3508)
    motor_msg_decode_6020                    0x0800cbfd   Thumb Code   352  rm_motor.o(i.motor_msg_decode_6020)
    osDelay                                  0x0800cd69   Thumb Code    30  cmsis_os2.o(i.osDelay)
    osKernelInitialize                       0x0800cd89   Thumb Code    38  cmsis_os2.o(i.osKernelInitialize)
    osKernelStart                            0x0800cdb5   Thumb Code    82  cmsis_os2.o(i.osKernelStart)
    osThreadNew                              0x0800ce15   Thumb Code   184  cmsis_os2.o(i.osThreadNew)
    pvPortMalloc                             0x0800d8f1   Thumb Code   306  heap_4.o(i.pvPortMalloc)
    pxPortInitialiseStack                    0x0800da3d   Thumb Code    38  port.o(i.pxPortInitialiseStack)
    sqrtf                                    0x0800da91   Thumb Code    62  sqrtf.o(i.sqrtf)
    uxListRemove                             0x0800dacf   Thumb Code    40  list.o(i.uxListRemove)
    vApplicationGetIdleTaskMemory            0x0800daf9   Thumb Code    14  cmsis_os2.o(i.vApplicationGetIdleTaskMemory)
    vApplicationGetTimerTaskMemory           0x0800db11   Thumb Code    14  cmsis_os2.o(i.vApplicationGetTimerTaskMemory)
    vListInitialise                          0x0800db29   Thumb Code    26  list.o(i.vListInitialise)
    vListInitialiseItem                      0x0800db43   Thumb Code     6  list.o(i.vListInitialiseItem)
    vListInsert                              0x0800db49   Thumb Code    52  list.o(i.vListInsert)
    vListInsertEnd                           0x0800db7d   Thumb Code    24  list.o(i.vListInsertEnd)
    vPortEnterCritical                       0x0800db95   Thumb Code    76  port.o(i.vPortEnterCritical)
    vPortExitCritical                        0x0800dbe9   Thumb Code    56  port.o(i.vPortExitCritical)
    vPortFree                                0x0800dc25   Thumb Code   150  heap_4.o(i.vPortFree)
    vPortSetupTimerInterrupt                 0x0800dcc9   Thumb Code    36  port.o(i.vPortSetupTimerInterrupt)
    vPortValidateInterruptPriority           0x0800dcf1   Thumb Code   106  port.o(i.vPortValidateInterruptPriority)
    vQueueAddToRegistry                      0x0800dd69   Thumb Code    38  queue.o(i.vQueueAddToRegistry)
    vQueueWaitForMessageRestricted           0x0800dd95   Thumb Code    74  queue.o(i.vQueueWaitForMessageRestricted)
    vTaskDelay                               0x0800dde1   Thumb Code    82  tasks.o(i.vTaskDelay)
    vTaskInternalSetTimeOutState             0x0800de3d   Thumb Code    14  tasks.o(i.vTaskInternalSetTimeOutState)
    vTaskMissedYield                         0x0800de55   Thumb Code     8  tasks.o(i.vTaskMissedYield)
    vTaskPlaceOnEventList                    0x0800de61   Thumb Code    52  tasks.o(i.vTaskPlaceOnEventList)
    vTaskPlaceOnEventListRestricted          0x0800de99   Thumb Code    60  tasks.o(i.vTaskPlaceOnEventListRestricted)
    vTaskStartScheduler                      0x0800ded9   Thumb Code   156  tasks.o(i.vTaskStartScheduler)
    vTaskSuspendAll                          0x0800df91   Thumb Code    12  tasks.o(i.vTaskSuspendAll)
    vTaskSwitchContext                       0x0800dfa1   Thumb Code   122  tasks.o(i.vTaskSwitchContext)
    verify_CRC16_check_sum                   0x0800e031   Thumb Code    60  crc8_crc16.o(i.verify_CRC16_check_sum)
    verify_CRC8_check_sum                    0x0800e071   Thumb Code    46  crc8_crc16.o(i.verify_CRC8_check_sum)
    ws2812_task                              0x0800e09f   Thumb Code    86  ws2812_task.o(i.ws2812_task)
    xPortStartScheduler                      0x0800e0f5   Thumb Code   330  port.o(i.xPortStartScheduler)
    xPortSysTickHandler                      0x0800e25d   Thumb Code    46  port.o(i.xPortSysTickHandler)
    xQueueGenericCreateStatic                0x0800e291   Thumb Code   224  queue.o(i.xQueueGenericCreateStatic)
    xQueueGenericReset                       0x0800e371   Thumb Code   146  queue.o(i.xQueueGenericReset)
    xQueueGenericSend                        0x0800e409   Thumb Code   420  queue.o(i.xQueueGenericSend)
    xQueueGenericSendFromISR                 0x0800e5b1   Thumb Code   252  queue.o(i.xQueueGenericSendFromISR)
    xQueueReceive                            0x0800e6ad   Thumb Code   356  queue.o(i.xQueueReceive)
    xTaskCheckForTimeOut                     0x0800e815   Thumb Code   132  tasks.o(i.xTaskCheckForTimeOut)
    xTaskCreate                              0x0800e8a1   Thumb Code   100  tasks.o(i.xTaskCreate)
    xTaskCreateStatic                        0x0800e905   Thumb Code   186  tasks.o(i.xTaskCreateStatic)
    xTaskGetSchedulerState                   0x0800e9c1   Thumb Code    24  tasks.o(i.xTaskGetSchedulerState)
    xTaskGetTickCount                        0x0800e9e1   Thumb Code     6  tasks.o(i.xTaskGetTickCount)
    xTaskIncrementTick                       0x0800e9ed   Thumb Code   280  tasks.o(i.xTaskIncrementTick)
    xTaskPriorityDisinherit                  0x0800eb31   Thumb Code   152  tasks.o(i.xTaskPriorityDisinherit)
    xTaskRemoveFromEventList                 0x0800ebd5   Thumb Code   126  tasks.o(i.xTaskRemoveFromEventList)
    xTaskResumeAll                           0x0800ec6d   Thumb Code   222  tasks.o(i.xTaskResumeAll)
    xTimerCreateTimerTask                    0x0800ed71   Thumb Code   100  timers.o(i.xTimerCreateTimerTask)
    xTimerGenericCommand                     0x0800ede9   Thumb Code   128  timers.o(i.xTimerGenericCommand)
    _fp_init                                 0x0800ee6d   Thumb Code    10  fpinit.o(x$fpl$fpinit)
    __fplib_config_fpu_vfp                   0x0800ee75   Thumb Code     0  fpinit.o(x$fpl$fpinit)
    __fplib_config_pureend_doubles           0x0800ee75   Thumb Code     0  fpinit.o(x$fpl$fpinit)
    __I$use$fp                               0x0800ee76   Number         0  usenofp.o(x$fpl$usenofp)
    defaultTask_attributes                   0x0800ee78   Data          36  freertos.o(.constdata)
    Ws2812_task_attributes                   0x0800ee9c   Data          36  freertos.o(.constdata)
    INS_task_attributes                      0x0800eec0   Data          36  freertos.o(.constdata)
    BUZZER_task_attributes                   0x0800eee4   Data          36  freertos.o(.constdata)
    CK_TIMEOUT_TASK_attributes               0x0800ef08   Data          36  freertos.o(.constdata)
    CP_TASK_attributes                       0x0800ef2c   Data          36  freertos.o(.constdata)
    GYM_TASK_attributes                      0x0800ef50   Data          36  freertos.o(.constdata)
    UI_TASK_attributes                       0x0800ef74   Data          36  freertos.o(.constdata)
    SERVER_TASK_attributes                   0x0800ef98   Data          36  freertos.o(.constdata)
    UARTPrescTable                           0x0800f020   Data          24  stm32h7xx_hal_uart.o(.constdata)
    D1CorePrescTable                         0x0800f048   Data          16  system_stm32h7xx.o(.constdata)
    CRC8_INIT_UI                             0x0800f064   Data           1  rm_cilent_ui.o(.constdata)
    CRC8_TAB_UI                              0x0800f065   Data         256  rm_cilent_ui.o(.constdata)
    wCRC_Table_UI                            0x0800f166   Data         512  rm_cilent_ui.o(.constdata)
    CRC8_INIT                                0x0800f366   Data           1  crc8_crc16.o(.constdata)
    CRC8_table                               0x0800f367   Data         256  crc8_crc16.o(.constdata)
    wCRC_table                               0x0800f468   Data         512  crc8_crc16.o(.constdata)
    Region$$Table$$Base                      0x0800f6d0   Number         0  anon$$obj.o(Region$$Table)
    Region$$Table$$Limit                     0x0800f6f0   Number         0  anon$$obj.o(Region$$Table)
    defaultTaskHandle                        0x24000000   Data           4  freertos.o(.data)
    Ws2812_taskHandle                        0x24000004   Data           4  freertos.o(.data)
    INS_taskHandle                           0x24000008   Data           4  freertos.o(.data)
    BUZZER_taskHandle                        0x2400000c   Data           4  freertos.o(.data)
    CK_TIMEOUT_TASKHandle                    0x24000010   Data           4  freertos.o(.data)
    CP_TASKHandle                            0x24000014   Data           4  freertos.o(.data)
    GYM_TASKHandle                           0x24000018   Data           4  freertos.o(.data)
    UI_TASKHandle                            0x2400001c   Data           4  freertos.o(.data)
    SERVER_TASKHandle                        0x24000020   Data           4  freertos.o(.data)
    uwTick                                   0x24000028   Data           4  stm32h7xx_hal.o(.data)
    uwTickPrio                               0x2400002c   Data           4  stm32h7xx_hal.o(.data)
    uwTickFreq                               0x24000030   Data           1  stm32h7xx_hal.o(.data)
    SystemCoreClock                          0x24000034   Data           4  system_stm32h7xx.o(.data)
    SystemD2Clock                            0x24000038   Data           4  system_stm32h7xx.o(.data)
    out                                      0x24000040   Data           4  imu_task.o(.data)
    err                                      0x24000044   Data           4  imu_task.o(.data)
    err_l                                    0x24000048   Data           4  imu_task.o(.data)
    err_ll                                   0x2400004c   Data           4  imu_task.o(.data)
    BUZZER_OUTTIME_NUM                       0x24000050   Data           1  buzzer_task.o(.data)
    timeout_time                             0x24000052   Data          12  ck_timeout_task.o(.data)
    remote_speed                             0x2400005e   Data           8  gym_task.o(.data)
    remote_angle                             0x24000066   Data           8  gym_task.o(.data)
    cp_receive_header                        0x2400006e   Data           5  cp.o(.data)
    game_result                              0x24000073   Data           1  cp.o(.data)
    buff                                     0x24000074   Data           6  cp.o(.data)
    air_support_data                         0x2400007a   Data           2  cp.o(.data)
    rfid_status                              0x2400007c   Data           4  cp.o(.data)
    dart_client_cmd                          0x24000080   Data           6  cp.o(.data)
    radar_mark_data                          0x24000086   Data           6  cp.o(.data)
    Robot_ID                                 0x2400008c   Data           2  ui_task.o(.data)
    Cilent_ID                                0x2400008e   Data           2  ui_task.o(.data)
    servos_main                              0x24000090   Data           4  servos_task.o(.data)
    BMI088_ACCEL_SEN                         0x24000094   Data           4  bmi088driver.o(.data)
    BMI088_GYRO_SEN                          0x24000098   Data           4  bmi088driver.o(.data)
    UI_Seq                                   0x240000c0   Data           1  rm_cilent_ui.o(.data)
    CRC_INIT_UI                              0x240000c2   Data           2  rm_cilent_ui.o(.data)
    pxCurrentTCB                             0x240000c4   Data           4  tasks.o(.data)
    twoKp                                    0x24000144   Data           4  mahonyahrs.o(.data)
    twoKi                                    0x24000148   Data           4  mahonyahrs.o(.data)
    integralFBx                              0x2400014c   Data           4  mahonyahrs.o(.data)
    integralFBy                              0x24000150   Data           4  mahonyahrs.o(.data)
    integralFBz                              0x24000154   Data           4  mahonyahrs.o(.data)
    CRC16_INIT                               0x24000158   Data           2  crc8_crc16.o(.data)
    hfdcan1                                  0x2400015c   Data         160  fdcan.o(.bss)
    hfdcan2                                  0x240001fc   Data         160  fdcan.o(.bss)
    hfdcan3                                  0x2400029c   Data         160  fdcan.o(.bss)
    hospi2                                   0x2400033c   Data          92  octospi.o(.bss)
    hspi2                                    0x24000398   Data         136  spi.o(.bss)
    hspi6                                    0x24000420   Data         136  spi.o(.bss)
    htim1                                    0x240004a8   Data          76  tim.o(.bss)
    htim3                                    0x240004f4   Data          76  tim.o(.bss)
    htim12                                   0x24000540   Data          76  tim.o(.bss)
    huart5                                   0x2400058c   Data         148  usart.o(.bss)
    huart7                                   0x24000620   Data         148  usart.o(.bss)
    huart1                                   0x240006b4   Data         148  usart.o(.bss)
    hdma_uart5_rx                            0x24000748   Data         120  usart.o(.bss)
    hdma_uart7_tx                            0x240007c0   Data         120  usart.o(.bss)
    hdma_usart1_rx                           0x24000838   Data         120  usart.o(.bss)
    htim23                                   0x240008b0   Data          76  stm32h7xx_hal_timebase_tim.o(.bss)
    imu_date_main                            0x240008fc   Data          24  imu_task.o(.bss)
    gyro                                     0x24000914   Data          12  imu_task.o(.bss)
    acc                                      0x24000920   Data          12  imu_task.o(.bss)
    last_INS_angle                           0x2400092c   Data          12  imu_task.o(.bss)
    imuQuat                                  0x24000938   Data          16  imu_task.o(.bss)
    imuAngle                                 0x24000948   Data          12  imu_task.o(.bss)
    CK_Timeout_main                          0x24000954   Data          32  ck_timeout_task.o(.bss)
    remote_main                              0x24000974   Data          22  remote_task.o(.bss)
    GYM_Main                                 0x2400098c   Data         532  gym_task.o(.bss)
    CP_Fifo                                  0x24000ba0   Data          12  cp.o(.bss)
    CP_main                                  0x24000bac   Data         140  cp.o(.bss)
    quque                                    0x24000c38   Data        1024  cp.o(.bss)
    game_state                               0x24001038   Data          11  cp.o(.bss)
    game_robot_HP                            0x24001043   Data          32  cp.o(.bss)
    robot_status                             0x24001063   Data          13  cp.o(.bss)
    power_heat_data                          0x24001070   Data          16  cp.o(.bss)
    G1                                       0x24001080   Data          15  ui_task.o(.bss)
    G2                                       0x2400108f   Data          15  ui_task.o(.bss)
    G3                                       0x2400109e   Data          15  ui_task.o(.bss)
    G4                                       0x240010ad   Data          15  ui_task.o(.bss)
    G5                                       0x240010bc   Data          15  ui_task.o(.bss)
    shoot_main                               0x240010cc   Data         396  shoot_task.o(.bss)
    usart3_rx_data_buf                       0x24001258   Data          23  bsp_usart.o(.bss)
    uart6_rx_data_buf                        0x2400126f   Data        1024  bsp_usart.o(.bss)
    xQueueRegistry                           0x24001670   Data          64  queue.o(.bss)
    __libspace_start                         0x24005c44   Data          96  libspace.o(.bss)
    __temporary_stack_top$libspace           0x24005ca4   Data           0  libspace.o(.bss)



==============================================================================

Memory Map of the image

  Image Entry point : 0x080002cd

  Load Region LR_IROM1 (Base: 0x08000000, Size: 0x0000f84c, Max: 0x00100000, ABSOLUTE, COMPRESSED[0x0000f744])

    Execution Region ER_IROM1 (Exec base: 0x08000000, Load base: 0x08000000, Size: 0x0000f6f0, Max: 0x00100000, ABSOLUTE)

    Exec Addr    Load Addr    Size         Type   Attr      Idx    E Section Name        Object

    0x08000000   0x08000000   0x000002cc   Data   RO            3    RESET               startup_stm32h723xx.o
    0x080002cc   0x080002cc   0x00000008   Code   RO         9563  * !!!main             c_w.l(__main.o)
    0x080002d4   0x080002d4   0x00000034   Code   RO         9854    !!!scatter          c_w.l(__scatter.o)
    0x08000308   0x08000308   0x0000005a   Code   RO         9852    !!dczerorl2         c_w.l(__dczerorl2.o)
    0x08000362   0x08000362   0x00000002   PAD
    0x08000364   0x08000364   0x0000001c   Code   RO         9856    !!handler_zi        c_w.l(__scatter_zi.o)
    0x08000380   0x08000380   0x00000002   Code   RO         9791    .ARM.Collect$$libinit$$00000000  c_w.l(libinit.o)
    0x08000382   0x08000382   0x00000004   Code   RO         9643    .ARM.Collect$$libinit$$00000001  c_w.l(libinit2.o)
    0x08000386   0x08000386   0x00000000   Code   RO         9646    .ARM.Collect$$libinit$$00000004  c_w.l(libinit2.o)
    0x08000386   0x08000386   0x00000000   Code   RO         9649    .ARM.Collect$$libinit$$0000000A  c_w.l(libinit2.o)
    0x08000386   0x08000386   0x00000000   Code   RO         9651    .ARM.Collect$$libinit$$0000000C  c_w.l(libinit2.o)
    0x08000386   0x08000386   0x00000000   Code   RO         9653    .ARM.Collect$$libinit$$0000000E  c_w.l(libinit2.o)
    0x08000386   0x08000386   0x00000000   Code   RO         9656    .ARM.Collect$$libinit$$00000011  c_w.l(libinit2.o)
    0x08000386   0x08000386   0x00000000   Code   RO         9658    .ARM.Collect$$libinit$$00000013  c_w.l(libinit2.o)
    0x08000386   0x08000386   0x00000000   Code   RO         9660    .ARM.Collect$$libinit$$00000015  c_w.l(libinit2.o)
    0x08000386   0x08000386   0x00000000   Code   RO         9662    .ARM.Collect$$libinit$$00000017  c_w.l(libinit2.o)
    0x08000386   0x08000386   0x00000000   Code   RO         9664    .ARM.Collect$$libinit$$00000019  c_w.l(libinit2.o)
    0x08000386   0x08000386   0x00000000   Code   RO         9666    .ARM.Collect$$libinit$$0000001B  c_w.l(libinit2.o)
    0x08000386   0x08000386   0x00000000   Code   RO         9668    .ARM.Collect$$libinit$$0000001D  c_w.l(libinit2.o)
    0x08000386   0x08000386   0x00000000   Code   RO         9670    .ARM.Collect$$libinit$$0000001F  c_w.l(libinit2.o)
    0x08000386   0x08000386   0x00000000   Code   RO         9672    .ARM.Collect$$libinit$$00000021  c_w.l(libinit2.o)
    0x08000386   0x08000386   0x00000000   Code   RO         9674    .ARM.Collect$$libinit$$00000023  c_w.l(libinit2.o)
    0x08000386   0x08000386   0x00000000   Code   RO         9676    .ARM.Collect$$libinit$$00000025  c_w.l(libinit2.o)
    0x08000386   0x08000386   0x00000000   Code   RO         9680    .ARM.Collect$$libinit$$0000002C  c_w.l(libinit2.o)
    0x08000386   0x08000386   0x00000000   Code   RO         9682    .ARM.Collect$$libinit$$0000002E  c_w.l(libinit2.o)
    0x08000386   0x08000386   0x00000000   Code   RO         9684    .ARM.Collect$$libinit$$00000030  c_w.l(libinit2.o)
    0x08000386   0x08000386   0x00000000   Code   RO         9686    .ARM.Collect$$libinit$$00000032  c_w.l(libinit2.o)
    0x08000386   0x08000386   0x00000002   Code   RO         9687    .ARM.Collect$$libinit$$00000033  c_w.l(libinit2.o)
    0x08000388   0x08000388   0x00000002   Code   RO         9849    .ARM.Collect$$libshutdown$$00000000  c_w.l(libshutdown.o)
    0x0800038a   0x0800038a   0x00000000   Code   RO         9807    .ARM.Collect$$libshutdown$$00000002  c_w.l(libshutdown2.o)
    0x0800038a   0x0800038a   0x00000000   Code   RO         9809    .ARM.Collect$$libshutdown$$00000004  c_w.l(libshutdown2.o)
    0x0800038a   0x0800038a   0x00000000   Code   RO         9812    .ARM.Collect$$libshutdown$$00000007  c_w.l(libshutdown2.o)
    0x0800038a   0x0800038a   0x00000000   Code   RO         9815    .ARM.Collect$$libshutdown$$0000000A  c_w.l(libshutdown2.o)
    0x0800038a   0x0800038a   0x00000000   Code   RO         9817    .ARM.Collect$$libshutdown$$0000000C  c_w.l(libshutdown2.o)
    0x0800038a   0x0800038a   0x00000000   Code   RO         9820    .ARM.Collect$$libshutdown$$0000000F  c_w.l(libshutdown2.o)
    0x0800038a   0x0800038a   0x00000002   Code   RO         9821    .ARM.Collect$$libshutdown$$00000010  c_w.l(libshutdown2.o)
    0x0800038c   0x0800038c   0x00000000   Code   RO         9603    .ARM.Collect$$rtentry$$00000000  c_w.l(__rtentry.o)
    0x0800038c   0x0800038c   0x00000000   Code   RO         9723    .ARM.Collect$$rtentry$$00000002  c_w.l(__rtentry2.o)
    0x0800038c   0x0800038c   0x00000006   Code   RO         9735    .ARM.Collect$$rtentry$$00000004  c_w.l(__rtentry4.o)
    0x08000392   0x08000392   0x00000000   Code   RO         9725    .ARM.Collect$$rtentry$$00000009  c_w.l(__rtentry2.o)
    0x08000392   0x08000392   0x00000004   Code   RO         9726    .ARM.Collect$$rtentry$$0000000A  c_w.l(__rtentry2.o)
    0x08000396   0x08000396   0x00000000   Code   RO         9728    .ARM.Collect$$rtentry$$0000000C  c_w.l(__rtentry2.o)
    0x08000396   0x08000396   0x00000008   Code   RO         9729    .ARM.Collect$$rtentry$$0000000D  c_w.l(__rtentry2.o)
    0x0800039e   0x0800039e   0x00000002   Code   RO         9794    .ARM.Collect$$rtexit$$00000000  c_w.l(rtexit.o)
    0x080003a0   0x080003a0   0x00000000   Code   RO         9825    .ARM.Collect$$rtexit$$00000002  c_w.l(rtexit2.o)
    0x080003a0   0x080003a0   0x00000004   Code   RO         9826    .ARM.Collect$$rtexit$$00000003  c_w.l(rtexit2.o)
    0x080003a4   0x080003a4   0x00000006   Code   RO         9827    .ARM.Collect$$rtexit$$00000004  c_w.l(rtexit2.o)
    0x080003aa   0x080003aa   0x00000002   PAD
    0x080003ac   0x080003ac   0x000000be   Code   RO         9169    .emb_text           port.o
    0x0800046a   0x0800046a   0x00000002   PAD
    0x0800046c   0x0800046c   0x00000040   Code   RO            4    .text               startup_stm32h723xx.o
    0x080004ac   0x080004ac   0x000000ee   Code   RO         9547    .text               c_w.l(lludivv7m.o)
    0x0800059a   0x0800059a   0x0000008a   Code   RO         9549    .text               c_w.l(rt_memcpy_v6.o)
    0x08000624   0x08000624   0x00000064   Code   RO         9551    .text               c_w.l(rt_memcpy_w.o)
    0x08000688   0x08000688   0x00000010   Code   RO         9555    .text               c_w.l(aeabi_memset.o)
    0x08000698   0x08000698   0x00000044   Code   RO         9557    .text               c_w.l(rt_memclr.o)
    0x080006dc   0x080006dc   0x0000004e   Code   RO         9559    .text               c_w.l(rt_memclr_w.o)
    0x0800072a   0x0800072a   0x00000006   Code   RO         9561    .text               c_w.l(heapauxi.o)
    0x08000730   0x08000730   0x00000016   Code   RO         9639    .text               c_w.l(_rserrno.o)
    0x08000746   0x08000746   0x00000002   PAD
    0x08000748   0x08000748   0x00000008   Code   RO         9719    .text               c_w.l(libspace.o)
    0x08000750   0x08000750   0x00000008   Code   RO         9742    .text               c_w.l(rt_errno_addr_intlibspace.o)
    0x08000758   0x08000758   0x00000002   Code   RO         9763    .text               c_w.l(use_no_semi.o)
    0x0800075a   0x0800075a   0x00000000   Code   RO         9765    .text               c_w.l(indicate_semi.o)
    0x0800075a   0x0800075a   0x0000004a   Code   RO         9766    .text               c_w.l(sys_stackheap_outer.o)
    0x080007a4   0x080007a4   0x00000012   Code   RO         9772    .text               c_w.l(exit.o)
    0x080007b6   0x080007b6   0x00000002   PAD
    0x080007b8   0x080007b8   0x0000000c   Code   RO         9792    .text               c_w.l(sys_exit.o)
    0x080007c4   0x080007c4   0x00000028   Code   RO         6327    i.AHRS_init         imu_task.o
    0x080007ec   0x080007ec   0x00000040   Code   RO         6328    i.AHRS_update       imu_task.o
    0x0800082c   0x0800082c   0x00000014   Code   RO         7246    i.BMI088_ACCEL_NS_H  bmi088middleware.o
    0x08000840   0x08000840   0x00000014   Code   RO         7247    i.BMI088_ACCEL_NS_L  bmi088middleware.o
    0x08000854   0x08000854   0x00000002   Code   RO         7248    i.BMI088_GPIO_init  bmi088middleware.o
    0x08000856   0x08000856   0x00000002   PAD
    0x08000858   0x08000858   0x00000014   Code   RO         7249    i.BMI088_GYRO_NS_H  bmi088middleware.o
    0x0800086c   0x0800086c   0x00000014   Code   RO         7250    i.BMI088_GYRO_NS_L  bmi088middleware.o
    0x08000880   0x08000880   0x00000002   Code   RO         7251    i.BMI088_com_init   bmi088middleware.o
    0x08000882   0x08000882   0x0000001a   Code   RO         7252    i.BMI088_delay_ms   bmi088middleware.o
    0x0800089c   0x0800089c   0x0000004a   Code   RO         7253    i.BMI088_delay_us   bmi088middleware.o
    0x080008e6   0x080008e6   0x0000001c   Code   RO         7177    i.BMI088_init       bmi088driver.o
    0x08000902   0x08000902   0x00000002   PAD
    0x08000904   0x08000904   0x0000017c   Code   RO         7178    i.BMI088_read       bmi088driver.o
    0x08000a80   0x08000a80   0x00000026   Code   RO         7179    i.BMI088_read_muli_reg  bmi088driver.o
    0x08000aa6   0x08000aa6   0x00000018   Code   RO         7180    i.BMI088_read_single_reg  bmi088driver.o
    0x08000abe   0x08000abe   0x00000002   PAD
    0x08000ac0   0x08000ac0   0x00000020   Code   RO         7254    i.BMI088_read_write_byte  bmi088middleware.o
    0x08000ae0   0x08000ae0   0x00000014   Code   RO         7181    i.BMI088_write_single_reg  bmi088driver.o
    0x08000af4   0x08000af4   0x00000004   Code   RO          756    i.BusFault_Handler  stm32h7xx_it.o
    0x08000af8   0x08000af8   0x00000010   Code   RO         6404    i.Buzzer_Init       buzzer_task.o
    0x08000b08   0x08000b08   0x0000000c   Code   RO         6405    i.Buzzer_Off        buzzer_task.o
    0x08000b14   0x08000b14   0x00000010   Code   RO         6406    i.Buzzer_On         buzzer_task.o
    0x08000b24   0x08000b24   0x0000002c   Code   RO         7068    i.CAN1_motor_decode  bsp_motor.o
    0x08000b50   0x08000b50   0x00000008   Code   RO         7120    i.CAN1_rx_callback  bsp_can.o
    0x08000b58   0x08000b58   0x00000028   Code   RO         7069    i.CAN2_motor_decode  bsp_motor.o
    0x08000b80   0x08000b80   0x00000008   Code   RO         7121    i.CAN2_rx_callback  bsp_can.o
    0x08000b88   0x08000b88   0x00000002   Code   RO         7122    i.CAN3_rx_callback  bsp_can.o
    0x08000b8a   0x08000b8a   0x00000002   PAD
    0x08000b8c   0x08000b8c   0x00000028   Code   RO         6453    i.CK_Timeout_task   ck_timeout_task.o
    0x08000bb4   0x08000bb4   0x00000030   Code   RO         6688    i.CP_task           cp.o
    0x08000be4   0x08000be4   0x00000018   Code   RO         6768    i.CP_usart_task     cp_usart.o
    0x08000bfc   0x08000bfc   0x00000010   Code   RO         6454    i.CkTime_DriverTimeNew  ck_timeout_task.o
    0x08000c0c   0x08000c0c   0x00000010   Code   RO          757    i.DMA1_Stream2_IRQHandler  stm32h7xx_it.o
    0x08000c1c   0x08000c1c   0x00000010   Code   RO          758    i.DMA1_Stream5_IRQHandler  stm32h7xx_it.o
    0x08000c2c   0x08000c2c   0x00000010   Code   RO          759    i.DMA2_Stream1_IRQHandler  stm32h7xx_it.o
    0x08000c3c   0x08000c3c   0x000000ec   Code   RO         1815    i.DMA_CalcBaseAndBitshift  stm32h7xx_hal_dma.o
    0x08000d28   0x08000d28   0x000000c4   Code   RO         1816    i.DMA_CalcDMAMUXChannelBaseAndMask  stm32h7xx_hal_dma.o
    0x08000dec   0x08000dec   0x00000098   Code   RO         1817    i.DMA_CalcDMAMUXRequestGenBaseAndMask  stm32h7xx_hal_dma.o
    0x08000e84   0x08000e84   0x000000ae   Code   RO         1818    i.DMA_CheckFifoParam  stm32h7xx_hal_dma.o
    0x08000f32   0x08000f32   0x00000002   PAD
    0x08000f34   0x08000f34   0x00000274   Code   RO         1819    i.DMA_SetConfig     stm32h7xx_hal_dma.o
    0x080011a8   0x080011a8   0x00000002   Code   RO          760    i.DebugMon_Handler  stm32h7xx_it.o
    0x080011aa   0x080011aa   0x00000006   Code   RO           13    i.Error_Handler     main.o
    0x080011b0   0x080011b0   0x00000010   Code   RO          761    i.FDCAN1_IT0_IRQHandler  stm32h7xx_it.o
    0x080011c0   0x080011c0   0x00000010   Code   RO          762    i.FDCAN1_IT1_IRQHandler  stm32h7xx_it.o
    0x080011d0   0x080011d0   0x00000010   Code   RO          763    i.FDCAN2_IT0_IRQHandler  stm32h7xx_it.o
    0x080011e0   0x080011e0   0x00000010   Code   RO          764    i.FDCAN2_IT1_IRQHandler  stm32h7xx_it.o
    0x080011f0   0x080011f0   0x00000010   Code   RO          765    i.FDCAN3_IT0_IRQHandler  stm32h7xx_it.o
    0x08001200   0x08001200   0x00000010   Code   RO          766    i.FDCAN3_IT1_IRQHandler  stm32h7xx_it.o
    0x08001210   0x08001210   0x00000220   Code   RO         3456    i.FDCAN_CalcultateRamBlockAddresses  stm32h7xx_hal_fdcan.o
    0x08001430   0x08001430   0x000000d4   Code   RO         3457    i.FDCAN_CopyMessageToRAM  stm32h7xx_hal_fdcan.o
    0x08001504   0x08001504   0x00000034   Code   RO         9381    i.Fifo_Add          fifo.o
    0x08001538   0x08001538   0x00000022   Code   RO         9382    i.Fifo_AddNum       fifo.o
    0x0800155a   0x0800155a   0x00000034   Code   RO         9383    i.Fifo_Get          fifo.o
    0x0800158e   0x0800158e   0x000000dc   Code   RO         6329    i.GetAngle          imu_task.o
    0x0800166a   0x0800166a   0x00000002   PAD
    0x0800166c   0x0800166c   0x00000034   Code   RO         7361    i.Get_CRC16_Check_Sum_UI  rm_cilent_ui.o
    0x080016a0   0x080016a0   0x00000024   Code   RO         7362    i.Get_CRC8_Check_Sum_UI  rm_cilent_ui.o
    0x080016c4   0x080016c4   0x0000000c   Code   RO         6455    i.Get_TimeOutNum    ck_timeout_task.o
    0x080016d0   0x080016d0   0x000000e4   Code   RO         6556    i.GymBehave_Init    gym_behave.o
    0x080017b4   0x080017b4   0x0000006e   Code   RO         6557    i.GymBehave_star    gym_behave.o
    0x08001822   0x08001822   0x00000002   PAD
    0x08001824   0x08001824   0x00000100   Code   RO         6604    i.Gym_Ctrl_set      gym_task.o
    0x08001924   0x08001924   0x00000150   Code   RO         6605    i.Gym_Init          gym_task.o
    0x08001a74   0x08001a74   0x0000005c   Code   RO         6606    i.Gym_Mode_set      gym_task.o
    0x08001ad0   0x08001ad0   0x00000024   Code   RO         6607    i.Gym_Solve         gym_task.o
    0x08001af4   0x08001af4   0x00000050   Code   RO         6608    i.Gym_cale          gym_task.o
    0x08001b44   0x08001b44   0x00000134   Code   RO         6609    i.Gym_msg_updata    gym_task.o
    0x08001c78   0x08001c78   0x00000070   Code   RO         6610    i.Gym_task          gym_task.o
    0x08001ce8   0x08001ce8   0x000004dc   Code   RO         1820    i.HAL_DMA_Abort     stm32h7xx_hal_dma.o
    0x080021c4   0x080021c4   0x00000398   Code   RO         1821    i.HAL_DMA_Abort_IT  stm32h7xx_hal_dma.o
    0x0800255c   0x0800255c   0x00000af8   Code   RO         1825    i.HAL_DMA_IRQHandler  stm32h7xx_hal_dma.o
    0x08003054   0x08003054   0x00000514   Code   RO         1826    i.HAL_DMA_Init      stm32h7xx_hal_dma.o
    0x08003568   0x08003568   0x000003e0   Code   RO         1830    i.HAL_DMA_Start_IT  stm32h7xx_hal_dma.o
    0x08003948   0x08003948   0x000000a8   Code   RO         3459    i.HAL_FDCAN_ActivateNotification  stm32h7xx_hal_fdcan.o
    0x080039f0   0x080039f0   0x00000090   Code   RO         3461    i.HAL_FDCAN_AddMessageToTxFifoQ  stm32h7xx_hal_fdcan.o
    0x08003a80   0x08003a80   0x00000002   Code   RO         3462    i.HAL_FDCAN_ClockCalibrationCallback  stm32h7xx_hal_fdcan.o
    0x08003a82   0x08003a82   0x00000002   Code   RO         3488    i.HAL_FDCAN_ErrorCallback  stm32h7xx_hal_fdcan.o
    0x08003a84   0x08003a84   0x00000002   Code   RO         3489    i.HAL_FDCAN_ErrorStatusCallback  stm32h7xx_hal_fdcan.o
    0x08003a86   0x08003a86   0x00000002   PAD
    0x08003a88   0x08003a88   0x000001f4   Code   RO         3500    i.HAL_FDCAN_GetRxMessage  stm32h7xx_hal_fdcan.o
    0x08003c7c   0x08003c7c   0x00000002   Code   RO         3506    i.HAL_FDCAN_HighPriorityMessageCallback  stm32h7xx_hal_fdcan.o
    0x08003c7e   0x08003c7e   0x00000002   PAD
    0x08003c80   0x08003c80   0x000003d4   Code   RO         3507    i.HAL_FDCAN_IRQHandler  stm32h7xx_hal_fdcan.o
    0x08004054   0x08004054   0x000002e0   Code   RO         3508    i.HAL_FDCAN_Init    stm32h7xx_hal_fdcan.o
    0x08004334   0x08004334   0x0000023c   Code   RO          498    i.HAL_FDCAN_MspInit  fdcan.o
    0x08004570   0x08004570   0x00000002   Code   RO         3517    i.HAL_FDCAN_RxBufferNewMessageCallback  stm32h7xx_hal_fdcan.o
    0x08004572   0x08004572   0x00000002   PAD
    0x08004574   0x08004574   0x00000038   Code   RO         7123    i.HAL_FDCAN_RxFifo0Callback  bsp_can.o
    0x080045ac   0x080045ac   0x00000002   Code   RO         3519    i.HAL_FDCAN_RxFifo1Callback  stm32h7xx_hal_fdcan.o
    0x080045ae   0x080045ae   0x00000034   Code   RO         3520    i.HAL_FDCAN_Start   stm32h7xx_hal_fdcan.o
    0x080045e2   0x080045e2   0x00000002   Code   RO         3542    i.HAL_FDCAN_TT_GlobalTimeCallback  stm32h7xx_hal_fdcan.o
    0x080045e4   0x080045e4   0x00000002   Code   RO         3543    i.HAL_FDCAN_TT_ScheduleSyncCallback  stm32h7xx_hal_fdcan.o
    0x080045e6   0x080045e6   0x00000002   Code   RO         3548    i.HAL_FDCAN_TT_StopWatchCallback  stm32h7xx_hal_fdcan.o
    0x080045e8   0x080045e8   0x00000002   Code   RO         3549    i.HAL_FDCAN_TT_TimeMarkCallback  stm32h7xx_hal_fdcan.o
    0x080045ea   0x080045ea   0x00000002   Code   RO         3550    i.HAL_FDCAN_TimeoutOccurredCallback  stm32h7xx_hal_fdcan.o
    0x080045ec   0x080045ec   0x00000002   Code   RO         3551    i.HAL_FDCAN_TimestampWraparoundCallback  stm32h7xx_hal_fdcan.o
    0x080045ee   0x080045ee   0x00000002   Code   RO         3552    i.HAL_FDCAN_TxBufferAbortCallback  stm32h7xx_hal_fdcan.o
    0x080045f0   0x080045f0   0x00000002   Code   RO         3553    i.HAL_FDCAN_TxBufferCompleteCallback  stm32h7xx_hal_fdcan.o
    0x080045f2   0x080045f2   0x00000002   Code   RO         3554    i.HAL_FDCAN_TxEventFifoCallback  stm32h7xx_hal_fdcan.o
    0x080045f4   0x080045f4   0x00000002   Code   RO         3555    i.HAL_FDCAN_TxFifoEmptyCallback  stm32h7xx_hal_fdcan.o
    0x080045f6   0x080045f6   0x00000002   PAD
    0x080045f8   0x080045f8   0x000001f0   Code   RO         1668    i.HAL_GPIO_Init     stm32h7xx_hal_gpio.o
    0x080047e8   0x080047e8   0x0000000c   Code   RO         1672    i.HAL_GPIO_WritePin  stm32h7xx_hal_gpio.o
    0x080047f4   0x080047f4   0x0000000c   Code   RO         2533    i.HAL_GetTick       stm32h7xx_hal.o
    0x08004800   0x08004800   0x00000018   Code   RO         2539    i.HAL_IncTick       stm32h7xx_hal.o
    0x08004818   0x08004818   0x00000060   Code   RO         2540    i.HAL_Init          stm32h7xx_hal.o
    0x08004878   0x08004878   0x00000094   Code   RO          910    i.HAL_InitTick      stm32h7xx_hal_timebase_tim.o
    0x0800490c   0x0800490c   0x00000030   Code   RO          886    i.HAL_MspInit       stm32h7xx_hal_msp.o
    0x0800493c   0x0800493c   0x00000028   Code   RO          955    i.HAL_NVIC_EnableIRQ  stm32h7xx_hal_cortex.o
    0x08004964   0x08004964   0x0000007a   Code   RO          961    i.HAL_NVIC_SetPriority  stm32h7xx_hal_cortex.o
    0x080049de   0x080049de   0x00000002   PAD
    0x080049e0   0x080049e0   0x00000028   Code   RO          962    i.HAL_NVIC_SetPriorityGrouping  stm32h7xx_hal_cortex.o
    0x08004a08   0x08004a08   0x000006f8   Code   RO         4074    i.HAL_OSPIM_Config  stm32h7xx_hal_ospi.o
    0x08005100   0x08005100   0x00000110   Code   RO         4092    i.HAL_OSPI_Init     stm32h7xx_hal_ospi.o
    0x08005210   0x08005210   0x000001a4   Code   RO          553    i.HAL_OSPI_MspInit  octospi.o
    0x080053b4   0x080053b4   0x00000008   Code   RO         4102    i.HAL_OSPI_SetTimeout  stm32h7xx_hal_ospi.o
    0x080053bc   0x080053bc   0x00000060   Code   RO         2269    i.HAL_PWREx_ConfigSupply  stm32h7xx_hal_pwr_ex.o
    0x0800541c   0x0800541c   0x00000024   Code   RO         1211    i.HAL_RCCEx_GetD3PCLK1Freq  stm32h7xx_hal_rcc_ex.o
    0x08005440   0x08005440   0x00000230   Code   RO         1213    i.HAL_RCCEx_GetPLL2ClockFreq  stm32h7xx_hal_rcc_ex.o
    0x08005670   0x08005670   0x00000230   Code   RO         1214    i.HAL_RCCEx_GetPLL3ClockFreq  stm32h7xx_hal_rcc_ex.o
    0x080058a0   0x080058a0   0x00000cc8   Code   RO         1220    i.HAL_RCCEx_PeriphCLKConfig  stm32h7xx_hal_rcc_ex.o
    0x08006568   0x08006568   0x00000002   Code   RO         1095    i.HAL_RCC_CSSCallback  stm32h7xx_hal_rcc.o
    0x0800656a   0x0800656a   0x00000002   PAD
    0x0800656c   0x0800656c   0x00000320   Code   RO         1096    i.HAL_RCC_ClockConfig  stm32h7xx_hal_rcc.o
    0x0800688c   0x0800688c   0x00000014   Code   RO         1099    i.HAL_RCC_EnableCSS  stm32h7xx_hal_rcc.o
    0x080068a0   0x080068a0   0x0000006c   Code   RO         1100    i.HAL_RCC_GetClockConfig  stm32h7xx_hal_rcc.o
    0x0800690c   0x0800690c   0x0000004c   Code   RO         1101    i.HAL_RCC_GetHCLKFreq  stm32h7xx_hal_rcc.o
    0x08006958   0x08006958   0x00000024   Code   RO         1103    i.HAL_RCC_GetPCLK1Freq  stm32h7xx_hal_rcc.o
    0x0800697c   0x0800697c   0x00000024   Code   RO         1104    i.HAL_RCC_GetPCLK2Freq  stm32h7xx_hal_rcc.o
    0x080069a0   0x080069a0   0x0000022c   Code   RO         1105    i.HAL_RCC_GetSysClockFreq  stm32h7xx_hal_rcc.o
    0x08006bcc   0x08006bcc   0x00000024   Code   RO         1107    i.HAL_RCC_NMI_IRQHandler  stm32h7xx_hal_rcc.o
    0x08006bf0   0x08006bf0   0x0000075c   Code   RO         1108    i.HAL_RCC_OscConfig  stm32h7xx_hal_rcc.o
    0x0800734c   0x0800734c   0x000001b0   Code   RO         4349    i.HAL_SPI_Init      stm32h7xx_hal_spi.o
    0x080074fc   0x080074fc   0x00000164   Code   RO          595    i.HAL_SPI_MspInit   spi.o
    0x08007660   0x08007660   0x000002d4   Code   RO         4358    i.HAL_SPI_Transmit  stm32h7xx_hal_spi.o
    0x08007934   0x08007934   0x00000302   Code   RO         4359    i.HAL_SPI_TransmitReceive  stm32h7xx_hal_spi.o
    0x08007c36   0x08007c36   0x00000002   Code   RO         5399    i.HAL_TIMEx_Break2Callback  stm32h7xx_hal_tim_ex.o
    0x08007c38   0x08007c38   0x00000002   Code   RO         5400    i.HAL_TIMEx_BreakCallback  stm32h7xx_hal_tim_ex.o
    0x08007c3a   0x08007c3a   0x00000002   Code   RO         5401    i.HAL_TIMEx_CommutCallback  stm32h7xx_hal_tim_ex.o
    0x08007c3c   0x08007c3c   0x000000e8   Code   RO         5403    i.HAL_TIMEx_ConfigBreakDeadTime  stm32h7xx_hal_tim_ex.o
    0x08007d24   0x08007d24   0x000000e4   Code   RO         5422    i.HAL_TIMEx_MasterConfigSynchronization  stm32h7xx_hal_tim_ex.o
    0x08007e08   0x08007e08   0x0000006e   Code   RO         4674    i.HAL_TIM_Base_Init  stm32h7xx_hal_tim.o
    0x08007e76   0x08007e76   0x00000002   Code   RO         4676    i.HAL_TIM_Base_MspInit  stm32h7xx_hal_tim.o
    0x08007e78   0x08007e78   0x000000cc   Code   RO         4679    i.HAL_TIM_Base_Start_IT  stm32h7xx_hal_tim.o
    0x08007f44   0x08007f44   0x00000002   Code   RO         4708    i.HAL_TIM_IC_CaptureCallback  stm32h7xx_hal_tim.o
    0x08007f46   0x08007f46   0x000001b8   Code   RO         4722    i.HAL_TIM_IRQHandler  stm32h7xx_hal_tim.o
    0x080080fe   0x080080fe   0x00000002   PAD
    0x08008100   0x08008100   0x000000ec   Code   RO          642    i.HAL_TIM_MspPostInit  tim.o
    0x080081ec   0x080081ec   0x00000002   Code   RO         4725    i.HAL_TIM_OC_DelayElapsedCallback  stm32h7xx_hal_tim.o
    0x080081ee   0x080081ee   0x00000170   Code   RO         4746    i.HAL_TIM_PWM_ConfigChannel  stm32h7xx_hal_tim.o
    0x0800835e   0x0800835e   0x0000006e   Code   RO         4749    i.HAL_TIM_PWM_Init  stm32h7xx_hal_tim.o
    0x080083cc   0x080083cc   0x00000088   Code   RO          644    i.HAL_TIM_PWM_MspInit  tim.o
    0x08008454   0x08008454   0x00000002   Code   RO         4752    i.HAL_TIM_PWM_PulseFinishedCallback  stm32h7xx_hal_tim.o
    0x08008456   0x08008456   0x00000002   PAD
    0x08008458   0x08008458   0x0000017c   Code   RO         4754    i.HAL_TIM_PWM_Start  stm32h7xx_hal_tim.o
    0x080085d4   0x080085d4   0x00000018   Code   RO           14    i.HAL_TIM_PeriodElapsedCallback  main.o
    0x080085ec   0x080085ec   0x00000002   Code   RO         4765    i.HAL_TIM_TriggerCallback  stm32h7xx_hal_tim.o
    0x080085ee   0x080085ee   0x0000004e   Code   RO         6127    i.HAL_UARTEx_DisableFifoMode  stm32h7xx_hal_uart_ex.o
    0x0800863c   0x0800863c   0x00000062   Code   RO         6133    i.HAL_UARTEx_ReceiveToIdle_DMA  stm32h7xx_hal_uart_ex.o
    0x0800869e   0x0800869e   0x00000002   PAD
    0x080086a0   0x080086a0   0x00000070   Code   RO         7319    i.HAL_UARTEx_RxEventCallback  bsp_usart.o
    0x08008710   0x08008710   0x00000002   Code   RO         6135    i.HAL_UARTEx_RxFifoFullCallback  stm32h7xx_hal_uart_ex.o
    0x08008712   0x08008712   0x0000005e   Code   RO         6136    i.HAL_UARTEx_SetRxFifoThreshold  stm32h7xx_hal_uart_ex.o
    0x08008770   0x08008770   0x0000005e   Code   RO         6137    i.HAL_UARTEx_SetTxFifoThreshold  stm32h7xx_hal_uart_ex.o
    0x080087ce   0x080087ce   0x00000002   Code   RO         6139    i.HAL_UARTEx_TxFifoEmptyCallback  stm32h7xx_hal_uart_ex.o
    0x080087d0   0x080087d0   0x00000002   Code   RO         6140    i.HAL_UARTEx_WakeupCallback  stm32h7xx_hal_uart_ex.o
    0x080087d2   0x080087d2   0x00000002   PAD
    0x080087d4   0x080087d4   0x0000002c   Code   RO         7320    i.HAL_UART_ErrorCallback  bsp_usart.o
    0x08008800   0x08008800   0x00000494   Code   RO         5730    i.HAL_UART_IRQHandler  stm32h7xx_hal_uart.o
    0x08008c94   0x08008c94   0x00000078   Code   RO         5731    i.HAL_UART_Init     stm32h7xx_hal_uart.o
    0x08008d0c   0x08008d0c   0x000002e0   Code   RO          703    i.HAL_UART_MspInit  usart.o
    0x08008fec   0x08008fec   0x00000002   Code   RO         5738    i.HAL_UART_RxCpltCallback  stm32h7xx_hal_uart.o
    0x08008fee   0x08008fee   0x00000002   Code   RO         5739    i.HAL_UART_RxHalfCpltCallback  stm32h7xx_hal_uart.o
    0x08008ff0   0x08008ff0   0x000000c2   Code   RO         5740    i.HAL_UART_Transmit  stm32h7xx_hal_uart.o
    0x080090b2   0x080090b2   0x00000002   Code   RO         5743    i.HAL_UART_TxCpltCallback  stm32h7xx_hal_uart.o
    0x080090b4   0x080090b4   0x00000004   Code   RO          767    i.HardFault_Handler  stm32h7xx_it.o
    0x080090b8   0x080090b8   0x00000094   Code   RO         7363    i.Line_Draw         rm_cilent_ui.o
    0x0800914c   0x0800914c   0x00000070   Code   RO          470    i.MX_DMA_Init       dma.o
    0x080091bc   0x080091bc   0x0000007c   Code   RO          499    i.MX_FDCAN1_Init    fdcan.o
    0x08009238   0x08009238   0x0000007c   Code   RO          500    i.MX_FDCAN2_Init    fdcan.o
    0x080092b4   0x080092b4   0x0000007c   Code   RO          501    i.MX_FDCAN3_Init    fdcan.o
    0x08009330   0x08009330   0x000000f0   Code   RO          394    i.MX_FREERTOS_Init  freertos.o
    0x08009420   0x08009420   0x000000fc   Code   RO          251    i.MX_GPIO_Init      gpio.o
    0x0800951c   0x0800951c   0x00000080   Code   RO          554    i.MX_OCTOSPI2_Init  octospi.o
    0x0800959c   0x0800959c   0x00000064   Code   RO          596    i.MX_SPI2_Init      spi.o
    0x08009600   0x08009600   0x00000064   Code   RO          597    i.MX_SPI6_Init      spi.o
    0x08009664   0x08009664   0x0000007c   Code   RO          645    i.MX_TIM12_Init     tim.o
    0x080096e0   0x080096e0   0x000000d0   Code   RO          646    i.MX_TIM1_Init      tim.o
    0x080097b0   0x080097b0   0x00000080   Code   RO          647    i.MX_TIM3_Init      tim.o
    0x08009830   0x08009830   0x00000074   Code   RO          704    i.MX_UART5_Init     usart.o
    0x080098a4   0x080098a4   0x0000006c   Code   RO          705    i.MX_UART7_Init     usart.o
    0x08009910   0x08009910   0x0000006c   Code   RO          706    i.MX_USART1_UART_Init  usart.o
    0x0800997c   0x0800997c   0x000002f8   Code   RO         9286    i.MahonyAHRSupdateIMU  mahonyahrs.o
    0x08009c74   0x08009c74   0x00000004   Code   RO          768    i.MemManage_Handler  stm32h7xx_it.o
    0x08009c78   0x08009c78   0x00000008   Code   RO          769    i.NMI_Handler       stm32h7xx_it.o
    0x08009c80   0x08009c80   0x000000e8   Code   RO         4110    i.OSPIM_GetConfig   stm32h7xx_hal_ospi.o
    0x08009d68   0x08009d68   0x0000004c   Code   RO         4115    i.OSPI_WaitFlagStateUntilTimeout  stm32h7xx_hal_ospi.o
    0x08009db4   0x08009db4   0x00000148   Code   RO         6689    i.One_SolvePack     cp.o
    0x08009efc   0x08009efc   0x00000028   Code   RO         9421    i.PID_Init          pid.o
    0x08009f24   0x08009f24   0x000000ca   Code   RO         9422    i.PID_cale          pid.o
    0x08009fee   0x08009fee   0x00000002   PAD
    0x08009ff0   0x08009ff0   0x00000164   Code   RO         1223    i.RCCEx_PLL2_Config  stm32h7xx_hal_rcc_ex.o
    0x0800a154   0x0800a154   0x00000164   Code   RO         1224    i.RCCEx_PLL3_Config  stm32h7xx_hal_rcc_ex.o
    0x0800a2b8   0x0800a2b8   0x00000018   Code   RO         6508    i.REMOTE_TASK       remote_task.o
    0x0800a2d0   0x0800a2d0   0x0000005c   Code   RO         9249    i.RM_motor_send     rm_motor.o
    0x0800a32c   0x0800a32c   0x000000a4   Code   RO         7364    i.Rectangle_Draw    rm_cilent_ui.o
    0x0800a3d0   0x0800a3d0   0x000000ec   Code   RO         6509    i.Remote_decode     remote_task.o
    0x0800a4bc   0x0800a4bc   0x000000d6   Code   RO         4369    i.SPI_CloseTransfer  stm32h7xx_hal_spi.o
    0x0800a592   0x0800a592   0x0000001a   Code   RO         4380    i.SPI_GetPacketSize  stm32h7xx_hal_spi.o
    0x0800a5ac   0x0800a5ac   0x00000042   Code   RO         4387    i.SPI_WaitOnFlagUntilTimeout  stm32h7xx_hal_spi.o
    0x0800a5ee   0x0800a5ee   0x00000024   Code   RO         9459    i.SZ_math_MeanFilt  z_math.o
    0x0800a612   0x0800a612   0x00000002   PAD
    0x0800a614   0x0800a614   0x00000058   Code   RO         7459    i.SendDate_TO_chassis  bsp_senddate.o
    0x0800a66c   0x0800a66c   0x0000001a   Code   RO         7460    i.SendDate_loading_angle  bsp_senddate.o
    0x0800a686   0x0800a686   0x0000001a   Code   RO         7462    i.SendDate_loading_speed  bsp_senddate.o
    0x0800a6a0   0x0800a6a0   0x00000058   Code   RO         6909    i.Servos_task       servos_task.o
    0x0800a6f8   0x0800a6f8   0x0000000a   Code   RO          395    i.StartDefaultTask  freertos.o
    0x0800a702   0x0800a702   0x00000016   Code   RO         8655    i.SysTick_Handler   cmsis_os2.o
    0x0800a718   0x0800a718   0x000000bc   Code   RO           15    i.SystemClock_Config  main.o
    0x0800a7d4   0x0800a7d4   0x000000e0   Code   RO         6251    i.SystemInit        system_stm32h7xx.o
    0x0800a8b4   0x0800a8b4   0x00000010   Code   RO          770    i.TIM23_IRQHandler  stm32h7xx_it.o
    0x0800a8c4   0x0800a8c4   0x000000e0   Code   RO         4767    i.TIM_Base_SetConfig  stm32h7xx_hal_tim.o
    0x0800a9a4   0x0800a9a4   0x00000022   Code   RO         4768    i.TIM_CCxChannelCmd  stm32h7xx_hal_tim.o
    0x0800a9c6   0x0800a9c6   0x00000002   PAD
    0x0800a9c8   0x0800a9c8   0x000000ac   Code   RO         4780    i.TIM_OC1_SetConfig  stm32h7xx_hal_tim.o
    0x0800aa74   0x0800aa74   0x000000b4   Code   RO         4781    i.TIM_OC2_SetConfig  stm32h7xx_hal_tim.o
    0x0800ab28   0x0800ab28   0x000000b4   Code   RO         4782    i.TIM_OC3_SetConfig  stm32h7xx_hal_tim.o
    0x0800abdc   0x0800abdc   0x00000074   Code   RO         4783    i.TIM_OC4_SetConfig  stm32h7xx_hal_tim.o
    0x0800ac50   0x0800ac50   0x00000070   Code   RO         4784    i.TIM_OC5_SetConfig  stm32h7xx_hal_tim.o
    0x0800acc0   0x0800acc0   0x00000070   Code   RO         4785    i.TIM_OC6_SetConfig  stm32h7xx_hal_tim.o
    0x0800ad30   0x0800ad30   0x00000010   Code   RO          771    i.UART5_IRQHandler  stm32h7xx_it.o
    0x0800ad40   0x0800ad40   0x00000058   Code   RO         6141    i.UARTEx_SetNbDataToProcess  stm32h7xx_hal_uart_ex.o
    0x0800ad98   0x0800ad98   0x000000f8   Code   RO         5745    i.UART_AdvFeatureConfig  stm32h7xx_hal_uart.o
    0x0800ae90   0x0800ae90   0x000000ea   Code   RO         5746    i.UART_CheckIdleState  stm32h7xx_hal_uart.o
    0x0800af7a   0x0800af7a   0x00000018   Code   RO         5747    i.UART_DMAAbortOnError  stm32h7xx_hal_uart.o
    0x0800af92   0x0800af92   0x0000005e   Code   RO         5748    i.UART_DMAError     stm32h7xx_hal_uart.o
    0x0800aff0   0x0800aff0   0x000000ae   Code   RO         5749    i.UART_DMAReceiveCplt  stm32h7xx_hal_uart.o
    0x0800b09e   0x0800b09e   0x00000026   Code   RO         5751    i.UART_DMARxHalfCplt  stm32h7xx_hal_uart.o
    0x0800b0c4   0x0800b0c4   0x0000006c   Code   RO         5757    i.UART_EndRxTransfer  stm32h7xx_hal_uart.o
    0x0800b130   0x0800b130   0x00000030   Code   RO         5758    i.UART_EndTransmit_IT  stm32h7xx_hal_uart.o
    0x0800b160   0x0800b160   0x00000040   Code   RO         5759    i.UART_EndTxTransfer  stm32h7xx_hal_uart.o
    0x0800b1a0   0x0800b1a0   0x00000628   Code   RO         5764    i.UART_SetConfig    stm32h7xx_hal_uart.o
    0x0800b7c8   0x0800b7c8   0x000000c8   Code   RO         5765    i.UART_Start_Receive_DMA  stm32h7xx_hal_uart.o
    0x0800b890   0x0800b890   0x000000a2   Code   RO         5771    i.UART_WaitOnFlagUntilTimeout  stm32h7xx_hal_uart.o
    0x0800b932   0x0800b932   0x00000002   PAD
    0x0800b934   0x0800b934   0x00000150   Code   RO         7366    i.UI_ReFresh        rm_cilent_ui.o
    0x0800ba84   0x0800ba84   0x000000b8   Code   RO         6800    i.UI_Task_Init      ui_task.o
    0x0800bb3c   0x0800bb3c   0x00000180   Code   RO         6801    i.UI_task           ui_task.o
    0x0800bcbc   0x0800bcbc   0x00000010   Code   RO          772    i.USART1_IRQHandler  stm32h7xx_it.o
    0x0800bccc   0x0800bccc   0x00000004   Code   RO          773    i.UsageFault_Handler  stm32h7xx_it.o
    0x0800bcd0   0x0800bcd0   0x000000b0   Code   RO         6944    i.WS2812_Ctrl       bsp_ws1812.o
    0x0800bd80   0x0800bd80   0x00000026   Code   RO         9689    i.__ARM_fpclassifyf  m_wv.l(fpclassifyf.o)
    0x0800bda6   0x0800bda6   0x00000002   PAD
    0x0800bda8   0x0800bda8   0x00000010   Code   RO          968    i.__NVIC_GetPriorityGrouping  stm32h7xx_hal_cortex.o
    0x0800bdb8   0x0800bdb8   0x00000028   Code   RO          969    i.__NVIC_SetPriority  stm32h7xx_hal_cortex.o
    0x0800bde0   0x0800bde0   0x00000006   Code   RO         8656    i.__get_IPSR        cmsis_os2.o
    0x0800bde6   0x0800bde6   0x00000002   PAD
    0x0800bde8   0x0800bde8   0x00000138   Code   RO         9565    i.__hardfp_asinf    m_wv.l(asinf.o)
    0x0800bf20   0x0800bf20   0x00000258   Code   RO         9577    i.__hardfp_atan2f   m_wv.l(atan2f.o)
    0x0800c178   0x0800c178   0x00000006   Code   RO         9692    i.__mathlib_flt_infnan  m_wv.l(funder.o)
    0x0800c17e   0x0800c17e   0x00000006   Code   RO         9693    i.__mathlib_flt_infnan2  m_wv.l(funder.o)
    0x0800c184   0x0800c184   0x00000010   Code   RO         9694    i.__mathlib_flt_invalid  m_wv.l(funder.o)
    0x0800c194   0x0800c194   0x00000010   Code   RO         9697    i.__mathlib_flt_underflow  m_wv.l(funder.o)
    0x0800c1a4   0x0800c1a4   0x00000128   Code   RO         7182    i.bmi088_accel_init  bmi088driver.o
    0x0800c2cc   0x0800c2cc   0x000000f4   Code   RO         7183    i.bmi088_gyro_init  bmi088driver.o
    0x0800c3c0   0x0800c3c0   0x0000004c   Code   RO         6407    i.buzzer_task       buzzer_task.o
    0x0800c40c   0x0800c40c   0x00000040   Code   RO         7124    i.can_bsp_init      bsp_can.o
    0x0800c44c   0x0800c44c   0x00000034   Code   RO         6456    i.ck_time_check     ck_timeout_task.o
    0x0800c480   0x0800c480   0x00000018   Code   RO         6457    i.ck_time_new       ck_timeout_task.o
    0x0800c498   0x0800c498   0x0000001c   Code   RO         6458    i.ck_timeout_init   ck_timeout_task.o
    0x0800c4b4   0x0800c4b4   0x00000110   Code   RO         6690    i.cp_solve_date     cp.o
    0x0800c5c4   0x0800c5c4   0x0000007c   Code   RO         6691    i.cp_struct_data_init  cp.o
    0x0800c640   0x0800c640   0x00000020   Code   RO         7125    i.fdcanx_receive    bsp_can.o
    0x0800c660   0x0800c660   0x0000003a   Code   RO         7126    i.fdcanx_send_data  bsp_can.o
    0x0800c69a   0x0800c69a   0x00000002   PAD
    0x0800c69c   0x0800c69c   0x00000034   Code   RO         9321    i.get_CRC16_check_sum  crc8_crc16.o
    0x0800c6d0   0x0800c6d0   0x00000024   Code   RO         9322    i.get_CRC8_check_sum  crc8_crc16.o
    0x0800c6f4   0x0800c6f4   0x0000000c   Code   RO         6692    i.get_chassis_power_buf  cp.o
    0x0800c700   0x0800c700   0x00000008   Code   RO         6510    i.get_remote_msg_p  remote_task.o
    0x0800c708   0x0800c708   0x0000000c   Code   RO         6694    i.get_robot_id      cp.o
    0x0800c714   0x0800c714   0x000002cc   Code   RO         6330    i.ins_task          imu_task.o
    0x0800c9e0   0x0800c9e0   0x0000003c   Code   RO         9287    i.invSqrt           mahonyahrs.o
    0x0800ca1c   0x0800ca1c   0x0000002e   Code   RO         9423    i.lim_max           pid.o
    0x0800ca4a   0x0800ca4a   0x00000002   PAD
    0x0800ca4c   0x0800ca4c   0x0000010c   Code   RO           16    i.main              main.o
    0x0800cb58   0x0800cb58   0x000000a4   Code   RO         9250    i.motor_msg_decode_3508  rm_motor.o
    0x0800cbfc   0x0800cbfc   0x0000016c   Code   RO         9251    i.motor_msg_decode_6020  rm_motor.o
    0x0800cd68   0x0800cd68   0x0000001e   Code   RO         8657    i.osDelay           cmsis_os2.o
    0x0800cd86   0x0800cd86   0x00000002   PAD
    0x0800cd88   0x0800cd88   0x0000002c   Code   RO         8671    i.osKernelInitialize  cmsis_os2.o
    0x0800cdb4   0x0800cdb4   0x00000060   Code   RO         8674    i.osKernelStart     cmsis_os2.o
    0x0800ce14   0x0800ce14   0x000000b8   Code   RO         8711    i.osThreadNew       cmsis_os2.o
    0x0800cecc   0x0800cecc   0x0000007c   Code   RO         8092    i.prvAddCurrentTaskToDelayedList  tasks.o
    0x0800cf48   0x0800cf48   0x000000b8   Code   RO         8093    i.prvAddNewTaskToReadyList  tasks.o
    0x0800d000   0x0800d000   0x00000074   Code   RO         8468    i.prvCheckForValidListAndQueue  timers.o
    0x0800d074   0x0800d074   0x00000048   Code   RO         8094    i.prvCheckTasksWaitingTermination  tasks.o
    0x0800d0bc   0x0800d0bc   0x0000002a   Code   RO         7679    i.prvCopyDataFromQueue  queue.o
    0x0800d0e6   0x0800d0e6   0x0000007e   Code   RO         7680    i.prvCopyDataToQueue  queue.o
    0x0800d164   0x0800d164   0x00000050   Code   RO         8095    i.prvDeleteTCB      tasks.o
    0x0800d1b4   0x0800d1b4   0x00000028   Code   RO         8469    i.prvGetNextExpireTime  timers.o
    0x0800d1dc   0x0800d1dc   0x0000007c   Code   RO         9114    i.prvHeapInit       heap_4.o
    0x0800d258   0x0800d258   0x00000028   Code   RO         8096    i.prvIdleTask       tasks.o
    0x0800d280   0x0800d280   0x0000002a   Code   RO         7683    i.prvInitialiseNewQueue  queue.o
    0x0800d2aa   0x0800d2aa   0x000000be   Code   RO         8097    i.prvInitialiseNewTask  tasks.o
    0x0800d368   0x0800d368   0x00000068   Code   RO         8098    i.prvInitialiseTaskLists  tasks.o
    0x0800d3d0   0x0800d3d0   0x00000068   Code   RO         9115    i.prvInsertBlockIntoFreeList  heap_4.o
    0x0800d438   0x0800d438   0x00000058   Code   RO         8471    i.prvInsertTimerInActiveList  timers.o
    0x0800d490   0x0800d490   0x0000001a   Code   RO         7684    i.prvIsQueueEmpty   queue.o
    0x0800d4aa   0x0800d4aa   0x0000001e   Code   RO         7685    i.prvIsQueueFull    queue.o
    0x0800d4c8   0x0800d4c8   0x00000074   Code   RO         8472    i.prvProcessExpiredTimer  timers.o
    0x0800d53c   0x0800d53c   0x00000164   Code   RO         8473    i.prvProcessReceivedCommands  timers.o
    0x0800d6a0   0x0800d6a0   0x00000074   Code   RO         8474    i.prvProcessTimerOrBlockTask  timers.o
    0x0800d714   0x0800d714   0x00000034   Code   RO         8100    i.prvResetNextTaskUnblockTime  tasks.o
    0x0800d748   0x0800d748   0x0000002c   Code   RO         8475    i.prvSampleTimeNow  timers.o
    0x0800d774   0x0800d774   0x000000a4   Code   RO         8476    i.prvSwitchTimerLists  timers.o
    0x0800d818   0x0800d818   0x00000040   Code   RO         9170    i.prvTaskExitError  port.o
    0x0800d858   0x0800d858   0x0000001a   Code   RO         8477    i.prvTimerTask      timers.o
    0x0800d872   0x0800d872   0x0000007e   Code   RO         7686    i.prvUnlockQueue    queue.o
    0x0800d8f0   0x0800d8f0   0x0000014c   Code   RO         9116    i.pvPortMalloc      heap_4.o
    0x0800da3c   0x0800da3c   0x0000002c   Code   RO         9171    i.pxPortInitialiseStack  port.o
    0x0800da68   0x0800da68   0x00000028   Code   RO         6910    i.servos_Init       servos_task.o
    0x0800da90   0x0800da90   0x0000003e   Code   RO         9707    i.sqrtf             m_wv.l(sqrtf.o)
    0x0800dace   0x0800dace   0x00000028   Code   RO         7639    i.uxListRemove      list.o
    0x0800daf6   0x0800daf6   0x00000002   PAD
    0x0800daf8   0x0800daf8   0x00000018   Code   RO         8717    i.vApplicationGetIdleTaskMemory  cmsis_os2.o
    0x0800db10   0x0800db10   0x00000018   Code   RO         8718    i.vApplicationGetTimerTaskMemory  cmsis_os2.o
    0x0800db28   0x0800db28   0x0000001a   Code   RO         7640    i.vListInitialise   list.o
    0x0800db42   0x0800db42   0x00000006   Code   RO         7641    i.vListInitialiseItem  list.o
    0x0800db48   0x0800db48   0x00000034   Code   RO         7642    i.vListInsert       list.o
    0x0800db7c   0x0800db7c   0x00000018   Code   RO         7643    i.vListInsertEnd    list.o
    0x0800db94   0x0800db94   0x00000054   Code   RO         9173    i.vPortEnterCritical  port.o
    0x0800dbe8   0x0800dbe8   0x0000003c   Code   RO         9174    i.vPortExitCritical  port.o
    0x0800dc24   0x0800dc24   0x000000a4   Code   RO         9117    i.vPortFree         heap_4.o
    0x0800dcc8   0x0800dcc8   0x00000028   Code   RO         9175    i.vPortSetupTimerInterrupt  port.o
    0x0800dcf0   0x0800dcf0   0x00000078   Code   RO         9176    i.vPortValidateInterruptPriority  port.o
    0x0800dd68   0x0800dd68   0x0000002c   Code   RO         7692    i.vQueueAddToRegistry  queue.o
    0x0800dd94   0x0800dd94   0x0000004a   Code   RO         7696    i.vQueueWaitForMessageRestricted  queue.o
    0x0800ddde   0x0800ddde   0x00000002   PAD
    0x0800dde0   0x0800dde0   0x0000005c   Code   RO         8113    i.vTaskDelay        tasks.o
    0x0800de3c   0x0800de3c   0x00000018   Code   RO         8118    i.vTaskInternalSetTimeOutState  tasks.o
    0x0800de54   0x0800de54   0x0000000c   Code   RO         8119    i.vTaskMissedYield  tasks.o
    0x0800de60   0x0800de60   0x00000038   Code   RO         8121    i.vTaskPlaceOnEventList  tasks.o
    0x0800de98   0x0800de98   0x00000040   Code   RO         8122    i.vTaskPlaceOnEventListRestricted  tasks.o
    0x0800ded8   0x0800ded8   0x000000b8   Code   RO         8130    i.vTaskStartScheduler  tasks.o
    0x0800df90   0x0800df90   0x00000010   Code   RO         8132    i.vTaskSuspendAll   tasks.o
    0x0800dfa0   0x0800dfa0   0x00000090   Code   RO         8133    i.vTaskSwitchContext  tasks.o
    0x0800e030   0x0800e030   0x00000040   Code   RO         9323    i.verify_CRC16_check_sum  crc8_crc16.o
    0x0800e070   0x0800e070   0x0000002e   Code   RO         9324    i.verify_CRC8_check_sum  crc8_crc16.o
    0x0800e09e   0x0800e09e   0x00000056   Code   RO         6287    i.ws2812_task       ws2812_task.o
    0x0800e0f4   0x0800e0f4   0x00000168   Code   RO         9177    i.xPortStartScheduler  port.o
    0x0800e25c   0x0800e25c   0x00000034   Code   RO         9178    i.xPortSysTickHandler  port.o
    0x0800e290   0x0800e290   0x000000e0   Code   RO         7702    i.xQueueGenericCreateStatic  queue.o
    0x0800e370   0x0800e370   0x00000098   Code   RO         7703    i.xQueueGenericReset  queue.o
    0x0800e408   0x0800e408   0x000001a8   Code   RO         7704    i.xQueueGenericSend  queue.o
    0x0800e5b0   0x0800e5b0   0x000000fc   Code   RO         7705    i.xQueueGenericSendFromISR  queue.o
    0x0800e6ac   0x0800e6ac   0x00000168   Code   RO         7714    i.xQueueReceive     queue.o
    0x0800e814   0x0800e814   0x0000008c   Code   RO         8135    i.xTaskCheckForTimeOut  tasks.o
    0x0800e8a0   0x0800e8a0   0x00000064   Code   RO         8136    i.xTaskCreate       tasks.o
    0x0800e904   0x0800e904   0x000000ba   Code   RO         8137    i.xTaskCreateStatic  tasks.o
    0x0800e9be   0x0800e9be   0x00000002   PAD
    0x0800e9c0   0x0800e9c0   0x00000020   Code   RO         8141    i.xTaskGetSchedulerState  tasks.o
    0x0800e9e0   0x0800e9e0   0x0000000c   Code   RO         8142    i.xTaskGetTickCount  tasks.o
    0x0800e9ec   0x0800e9ec   0x00000144   Code   RO         8144    i.xTaskIncrementTick  tasks.o
    0x0800eb30   0x0800eb30   0x000000a4   Code   RO         8147    i.xTaskPriorityDisinherit  tasks.o
    0x0800ebd4   0x0800ebd4   0x00000098   Code   RO         8149    i.xTaskRemoveFromEventList  tasks.o
    0x0800ec6c   0x0800ec6c   0x00000104   Code   RO         8150    i.xTaskResumeAll    tasks.o
    0x0800ed70   0x0800ed70   0x00000078   Code   RO         8486    i.xTimerCreateTimerTask  timers.o
    0x0800ede8   0x0800ede8   0x00000084   Code   RO         8487    i.xTimerGenericCommand  timers.o
    0x0800ee6c   0x0800ee6c   0x0000000a   Code   RO         9761    x$fpl$fpinit        fz_wv.l(fpinit.o)
    0x0800ee76   0x0800ee76   0x00000000   Code   RO         9688    x$fpl$usenofp       fz_wv.l(usenofp.o)
    0x0800ee76   0x0800ee76   0x00000002   PAD
    0x0800ee78   0x0800ee78   0x00000144   Data   RO          396    .constdata          freertos.o
    0x0800efbc   0x0800efbc   0x00000008   Data   RO         1832    .constdata          stm32h7xx_hal_dma.o
    0x0800efc4   0x0800efc4   0x0000005c   Data   RO         3556    .constdata          stm32h7xx_hal_fdcan.o
    0x0800f020   0x0800f020   0x00000018   Data   RO         5772    .constdata          stm32h7xx_hal_uart.o
    0x0800f038   0x0800f038   0x00000010   Data   RO         6143    .constdata          stm32h7xx_hal_uart_ex.o
    0x0800f048   0x0800f048   0x00000010   Data   RO         6252    .constdata          system_stm32h7xx.o
    0x0800f058   0x0800f058   0x0000000c   Data   RO         6612    .constdata          gym_task.o
    0x0800f064   0x0800f064   0x00000302   Data   RO         7368    .constdata          rm_cilent_ui.o
    0x0800f366   0x0800f366   0x00000302   Data   RO         9325    .constdata          crc8_crc16.o
    0x0800f668   0x0800f668   0x00000065   Data   RO          397    .conststring        freertos.o
    0x0800f6cd   0x0800f6cd   0x00000003   PAD
    0x0800f6d0   0x0800f6d0   0x00000020   Data   RO         9850    Region$$Table       anon$$obj.o


    Execution Region RW_IRAM1 (Exec base: 0x20000000, Load base: 0x0800f6f0, Size: 0x00000000, Max: 0x00020000, ABSOLUTE)

    **** No section assigned to this execution region ****


    Execution Region RW_IRAM2 (Exec base: 0x24000000, Load base: 0x0800f6f0, Size: 0x000066a8, Max: 0x00050000, ABSOLUTE, COMPRESSED[0x00000054])

    Exec Addr    Load Addr    Size         Type   Attr      Idx    E Section Name        Object

    0x24000000   COMPRESSED   0x00000024   Data   RW          398    .data               freertos.o
    0x24000024   COMPRESSED   0x00000004   Data   RW          503    .data               fdcan.o
    0x24000028   COMPRESSED   0x00000009   Data   RW         2564    .data               stm32h7xx_hal.o
    0x24000031   COMPRESSED   0x00000003   PAD
    0x24000034   COMPRESSED   0x00000008   Data   RW         6253    .data               system_stm32h7xx.o
    0x2400003c   COMPRESSED   0x00000014   Data   RW         6332    .data               imu_task.o
    0x24000050   COMPRESSED   0x00000001   Data   RW         6408    .data               buzzer_task.o
    0x24000051   COMPRESSED   0x00000001   PAD
    0x24000052   COMPRESSED   0x0000000c   Data   RW         6460    .data               ck_timeout_task.o
    0x2400005e   COMPRESSED   0x00000010   Data   RW         6613    .data               gym_task.o
    0x2400006e   COMPRESSED   0x0000001e   Data   RW         6696    .data               cp.o
    0x2400008c   COMPRESSED   0x00000004   Data   RW         6803    .data               ui_task.o
    0x24000090   COMPRESSED   0x00000004   Data   RW         6911    .data               servos_task.o
    0x24000094   COMPRESSED   0x0000002c   Data   RW         7184    .data               bmi088driver.o
    0x240000c0   COMPRESSED   0x00000004   Data   RW         7369    .data               rm_cilent_ui.o
    0x240000c4   COMPRESSED   0x0000003c   Data   RW         8153    .data               tasks.o
    0x24000100   COMPRESSED   0x00000014   Data   RW         8495    .data               timers.o
    0x24000114   COMPRESSED   0x00000004   Data   RW         8720    .data               cmsis_os2.o
    0x24000118   COMPRESSED   0x00000020   Data   RW         9123    .data               heap_4.o
    0x24000138   COMPRESSED   0x0000000c   Data   RW         9179    .data               port.o
    0x24000144   COMPRESSED   0x00000014   Data   RW         9288    .data               mahonyahrs.o
    0x24000158   COMPRESSED   0x00000002   Data   RW         9326    .data               crc8_crc16.o
    0x2400015a   COMPRESSED   0x00000002   PAD
    0x2400015c        -       0x000001e0   Zero   RW          502    .bss                fdcan.o
    0x2400033c        -       0x0000005c   Zero   RW          555    .bss                octospi.o
    0x24000398        -       0x00000110   Zero   RW          598    .bss                spi.o
    0x240004a8        -       0x000000e4   Zero   RW          648    .bss                tim.o
    0x2400058c        -       0x00000324   Zero   RW          707    .bss                usart.o
    0x240008b0        -       0x0000004c   Zero   RW          913    .bss                stm32h7xx_hal_timebase_tim.o
    0x240008fc        -       0x00000058   Zero   RW         6331    .bss                imu_task.o
    0x24000954        -       0x00000020   Zero   RW         6459    .bss                ck_timeout_task.o
    0x24000974        -       0x00000016   Zero   RW         6511    .bss                remote_task.o
    0x2400098a   COMPRESSED   0x00000002   PAD
    0x2400098c        -       0x00000214   Zero   RW         6611    .bss                gym_task.o
    0x24000ba0        -       0x000004e0   Zero   RW         6695    .bss                cp.o
    0x24001080        -       0x0000004b   Zero   RW         6802    .bss                ui_task.o
    0x240010cb   COMPRESSED   0x00000001   PAD
    0x240010cc        -       0x0000018c   Zero   RW         6856    .bss                shoot_task.o
    0x24001258        -       0x00000417   Zero   RW         7321    .bss                bsp_usart.o
    0x2400166f   COMPRESSED   0x00000001   PAD
    0x24001670        -       0x00000040   Zero   RW         7718    .bss                queue.o
    0x240016b0        -       0x000004c4   Zero   RW         8152    .bss                tasks.o
    0x24001b74        -       0x00000118   Zero   RW         8494    .bss                timers.o
    0x24001c8c        -       0x000003b8   Zero   RW         8719    .bss                cmsis_os2.o
    0x24002044        -       0x00003c00   Zero   RW         9122    .bss                heap_4.o
    0x24005c44        -       0x00000060   Zero   RW         9720    .bss                c_w.l(libspace.o)
    0x24005ca4   COMPRESSED   0x00000004   PAD
    0x24005ca8        -       0x00000200   Zero   RW            2    HEAP                startup_stm32h723xx.o
    0x24005ea8        -       0x00000800   Zero   RW            1    STACK               startup_stm32h723xx.o


==============================================================================

Image component sizes


      Code (inc. data)   RO Data    RW Data    ZI Data      Debug   Object Name

      1030         20          0         44          0       6262   bmi088driver.o
       216         28          0          0          0       4624   bmi088middleware.o
       228         24          0          0          0       4251   bsp_can.o
        84         18          0          0          0       1024   bsp_motor.o
       140          6          0          0          0       3064   bsp_senddate.o
       156         38          0          0       1047       1961   bsp_usart.o
       176          6          0          0          0        866   bsp_ws1812.o
       120         20          0          1          0       2067   buzzer_task.o
       172         20          0         12         32       3853   ck_timeout_task.o
       430         40          0          4        952      70727   cmsis_os2.o
       796        124          0         30       1248       4919   cp.o
        24          6          0          0          0       1030   cp_usart.o
       198         16        770          2          0       3685   crc8_crc16.o
       112          6          0          0          0        918   dma.o
         0          0          0          0          0      19352   event_groups.o
       944         54          0          4        480       3469   fdcan.o
       138          0          0          0          0       2720   fifo.o
       250        110        425         36          0      13437   freertos.o
       252          8          0          0          0    1244256   gpio.o
       338         26          0          0          0       5446   gym_behave.o
      1220        110         12         16        532      14568   gym_task.o
       724         74          0         32      15360       4923   heap_4.o
      1040         86          0         20         88       4166   imu_task.o
       148          0          0          0          0       3634   list.o
       820         38          0         20          0       2210   mahonyahrs.o
       486         38          0          0          0    1181634   main.o
       548         32          0          0         92       2231   octospi.o
       288          0          0          0          0       2786   pid.o
      1014         92          0         12          0      11705   port.o
      1922         20          0          0         64      17372   queue.o
       268         10          0          0         22       3595   remote_task.o
       736         28        770          4          0       8048   rm_cilent_ui.o
       620         18          0          0          0       3264   rm_motor.o
       128         20          0          4          0       1984   servos_task.o
         0          0          0          0        396       1549   shoot_task.o
       556         46          0          0        272       2578   spi.o
        64         26        716          0       2560        836   startup_stm32h723xx.o
       132         30          0          9          0      22290   stm32h7xx_hal.o
       258         22          0          0          0      39214   stm32h7xx_hal_cortex.o
      8650        164          8          0          0      13334   stm32h7xx_hal_dma.o
      3368         52         92          0          0      21140   stm32h7xx_hal_fdcan.o
       508         50          0          0          0       2196   stm32h7xx_hal_gpio.o
        48          6          0          0          0        922   stm32h7xx_hal_msp.o
      2372         38          0          0          0       5725   stm32h7xx_hal_ospi.o
        96          6          0          0          0        765   stm32h7xx_hal_pwr_ex.o
      3554        130          0          0          0       9140   stm32h7xx_hal_rcc.o
      5140        112          0          0          0       7281   stm32h7xx_hal_rcc_ex.o
      2232         12          0          0          0       6708   stm32h7xx_hal_spi.o
      2752        284          0          0          0      14269   stm32h7xx_hal_tim.o
       466         46          0          0          0       4148   stm32h7xx_hal_tim_ex.o
       148         20          0          0         76       1580   stm32h7xx_hal_timebase_tim.o
      4462        168         24          0          0      35315   stm32h7xx_hal_uart.o
       458         10         16          0          0       6397   stm32h7xx_hal_uart_ex.o
       218         72          0          0          0       8701   stm32h7xx_it.o
         0          0          0          0          0        384   stream_buffer.o
       224         32         16          8          0       1370   system_stm32h7xx.o
      2808        346          0         60       1220      27298   tasks.o
       832         66          0          0        228       4027   tim.o
      1318        124          0         20        280      32791   timers.o
       568         66          0          4         75       4858   ui_task.o
      1068         92          0          0        804       3627   usart.o
        86          0          0          0          0       1106   ws2812_task.o
        36          0          0          0          0       1283   z_math.o

    ----------------------------------------------------------------------
     58246       3156       2884        348      25832    2940883   Object Totals
         0          0         32          0          0          0   (incl. Generated)
        58          0          3          6          4          0   (incl. Padding)

    ----------------------------------------------------------------------

      Code (inc. data)   RO Data    RW Data    ZI Data      Debug   Library Member Name

        90          0          0          0          0          0   __dczerorl2.o
         8          0          0          0          0         68   __main.o
         0          0          0          0          0          0   __rtentry.o
        12          0          0          0          0          0   __rtentry2.o
         6          0          0          0          0          0   __rtentry4.o
        52          8          0          0          0          0   __scatter.o
        28          0          0          0          0          0   __scatter_zi.o
        22          0          0          0          0        100   _rserrno.o
        16          0          0          0          0         68   aeabi_memset.o
        18          0          0          0          0         80   exit.o
         6          0          0          0          0        152   heapauxi.o
         0          0          0          0          0          0   indicate_semi.o
         2          0          0          0          0          0   libinit.o
         6          0          0          0          0          0   libinit2.o
         2          0          0          0          0          0   libshutdown.o
         2          0          0          0          0          0   libshutdown2.o
         8          4          0          0         96         68   libspace.o
       238          0          0          0          0        100   lludivv7m.o
         8          4          0          0          0         68   rt_errno_addr_intlibspace.o
        68          0          0          0          0         68   rt_memclr.o
        78          0          0          0          0         80   rt_memclr_w.o
       138          0          0          0          0         68   rt_memcpy_v6.o
       100          0          0          0          0         80   rt_memcpy_w.o
         2          0          0          0          0          0   rtexit.o
        10          0          0          0          0          0   rtexit2.o
        12          4          0          0          0         68   sys_exit.o
        74          0          0          0          0         80   sys_stackheap_outer.o
         2          0          0          0          0         68   use_no_semi.o
        10          0          0          0          0        116   fpinit.o
         0          0          0          0          0          0   usenofp.o
       312         54          0          0          0        176   asinf.o
       600         98          0          0          0        184   atan2f.o
        38          0          0          0          0        116   fpclassifyf.o
        44         12          0          0          0        464   funder.o
        62          0          0          0          0        136   sqrtf.o

    ----------------------------------------------------------------------
      2086        184          0          0        100       2408   Library Totals
        12          0          0          0          4          0   (incl. Padding)

    ----------------------------------------------------------------------

      Code (inc. data)   RO Data    RW Data    ZI Data      Debug   Library Name

      1008         20          0          0         96       1216   c_w.l
        10          0          0          0          0        116   fz_wv.l
      1056        164          0          0          0       1076   m_wv.l

    ----------------------------------------------------------------------
      2086        184          0          0        100       2408   Library Totals

    ----------------------------------------------------------------------

==============================================================================


      Code (inc. data)   RO Data    RW Data    ZI Data      Debug   

     60332       3340       2884        348      25932    2909619   Grand Totals
     60332       3340       2884         84      25932    2909619   ELF Image Totals (compressed)
     60332       3340       2884         84          0          0   ROM Totals

==============================================================================

    Total RO  Size (Code + RO Data)                63216 (  61.73kB)
    Total RW  Size (RW Data + ZI Data)             26280 (  25.66kB)
    Total ROM Size (Code + RO Data + RW Data)      63300 (  61.82kB)

==============================================================================

